Archive member included to satisfy reference by file (symbol)

/Users/DBY/Metro_SemesterV/Embedded Programming/MCUXpressoIDE_11.6.0_8187/workspace/lpc_board_nxp_lpcxpresso_1549/Debug/liblpc_board_nxp_lpcxpresso_1549.a(board.o)
                              ./src/lab1.o (Board_LED_Set)
/Users/DBY/Metro_SemesterV/Embedded Programming/MCUXpressoIDE_11.6.0_8187/workspace/lpc_board_nxp_lpcxpresso_1549/Debug/liblpc_board_nxp_lpcxpresso_1549.a(board_sysinit.o)
                              ./src/sysinit.o (Board_SystemInit)
/Users/DBY/Metro_SemesterV/Embedded Programming/MCUXpressoIDE_11.6.0_8187/workspace/lpc_chip_15xx/Debug/liblpc_chip_15xx.a(chip_15xx.o)
                              ./src/lab1.o (SystemCoreClockUpdate)
/Users/DBY/Metro_SemesterV/Embedded Programming/MCUXpressoIDE_11.6.0_8187/workspace/lpc_chip_15xx/Debug/liblpc_chip_15xx.a(clock_15xx.o)
                              /Users/DBY/Metro_SemesterV/Embedded Programming/MCUXpressoIDE_11.6.0_8187/workspace/lpc_board_nxp_lpcxpresso_1549/Debug/liblpc_board_nxp_lpcxpresso_1549.a(board.o) (Chip_Clock_GetMainClockRate)
/Users/DBY/Metro_SemesterV/Embedded Programming/MCUXpressoIDE_11.6.0_8187/workspace/lpc_chip_15xx/Debug/liblpc_chip_15xx.a(gpio_15xx.o)
                              /Users/DBY/Metro_SemesterV/Embedded Programming/MCUXpressoIDE_11.6.0_8187/workspace/lpc_board_nxp_lpcxpresso_1549/Debug/liblpc_board_nxp_lpcxpresso_1549.a(board.o) (Chip_GPIO_Init)
/Users/DBY/Metro_SemesterV/Embedded Programming/MCUXpressoIDE_11.6.0_8187/workspace/lpc_chip_15xx/Debug/liblpc_chip_15xx.a(iocon_15xx.o)
                              /Users/DBY/Metro_SemesterV/Embedded Programming/MCUXpressoIDE_11.6.0_8187/workspace/lpc_board_nxp_lpcxpresso_1549/Debug/liblpc_board_nxp_lpcxpresso_1549.a(board_sysinit.o) (Chip_IOCON_SetPinMuxing)
/Users/DBY/Metro_SemesterV/Embedded Programming/MCUXpressoIDE_11.6.0_8187/workspace/lpc_chip_15xx/Debug/liblpc_chip_15xx.a(swm_15xx.o)
                              /Users/DBY/Metro_SemesterV/Embedded Programming/MCUXpressoIDE_11.6.0_8187/workspace/lpc_board_nxp_lpcxpresso_1549/Debug/liblpc_board_nxp_lpcxpresso_1549.a(board.o) (Chip_SWM_MovablePinAssign)
/Users/DBY/Metro_SemesterV/Embedded Programming/MCUXpressoIDE_11.6.0_8187/workspace/lpc_chip_15xx/Debug/liblpc_chip_15xx.a(sysctl_15xx.o)
                              /Users/DBY/Metro_SemesterV/Embedded Programming/MCUXpressoIDE_11.6.0_8187/workspace/lpc_board_nxp_lpcxpresso_1549/Debug/liblpc_board_nxp_lpcxpresso_1549.a(board_sysinit.o) (Chip_SYSCTL_AssertPeriphReset)
/Users/DBY/Metro_SemesterV/Embedded Programming/MCUXpressoIDE_11.6.0_8187/workspace/lpc_chip_15xx/Debug/liblpc_chip_15xx.a(sysinit_15xx.o)
                              /Users/DBY/Metro_SemesterV/Embedded Programming/MCUXpressoIDE_11.6.0_8187/workspace/lpc_board_nxp_lpcxpresso_1549/Debug/liblpc_board_nxp_lpcxpresso_1549.a(board_sysinit.o) (Chip_SetupXtalClocking)
/Users/DBY/Metro_SemesterV/Embedded Programming/MCUXpressoIDE_11.6.0_8187/workspace/lpc_chip_15xx/Debug/liblpc_chip_15xx.a(uart_15xx.o)
                              /Users/DBY/Metro_SemesterV/Embedded Programming/MCUXpressoIDE_11.6.0_8187/workspace/lpc_board_nxp_lpcxpresso_1549/Debug/liblpc_board_nxp_lpcxpresso_1549.a(board.o) (Chip_UART_Init)
/Users/DBY/Metro_SemesterV/Embedded Programming/MCUXpressoIDE_11.6.0_8187/workspace/lpc_chip_15xx/Debug/liblpc_chip_15xx.a(ring_buffer.o)
                              /Users/DBY/Metro_SemesterV/Embedded Programming/MCUXpressoIDE_11.6.0_8187/workspace/lpc_chip_15xx/Debug/liblpc_chip_15xx.a(uart_15xx.o) (RingBuffer_Insert)
/Applications/MCUXpressoIDE_11.6.0_8187/ide/plugins/com.nxp.mcuxpresso.tools.macosx_11.6.0.202112161359/tools/bin/../lib/gcc/arm-none-eabi/10.3.1/thumb/v7-m/nofp/libgcc.a(_aeabi_uldivmod.o)
                              /Users/DBY/Metro_SemesterV/Embedded Programming/MCUXpressoIDE_11.6.0_8187/workspace/lpc_chip_15xx/Debug/liblpc_chip_15xx.a(clock_15xx.o) (__aeabi_uldivmod)
/Applications/MCUXpressoIDE_11.6.0_8187/ide/plugins/com.nxp.mcuxpresso.tools.macosx_11.6.0.202112161359/tools/bin/../lib/gcc/arm-none-eabi/10.3.1/thumb/v7-m/nofp/libgcc.a(_udivmoddi4.o)
                              /Applications/MCUXpressoIDE_11.6.0_8187/ide/plugins/com.nxp.mcuxpresso.tools.macosx_11.6.0.202112161359/tools/bin/../lib/gcc/arm-none-eabi/10.3.1/thumb/v7-m/nofp/libgcc.a(_aeabi_uldivmod.o) (__udivmoddi4)
/Applications/MCUXpressoIDE_11.6.0_8187/ide/plugins/com.nxp.mcuxpresso.tools.macosx_11.6.0.202112161359/tools/bin/../lib/gcc/arm-none-eabi/10.3.1/thumb/v7-m/nofp/libgcc.a(_dvmd_tls.o)
                              /Applications/MCUXpressoIDE_11.6.0_8187/ide/plugins/com.nxp.mcuxpresso.tools.macosx_11.6.0.202112161359/tools/bin/../lib/gcc/arm-none-eabi/10.3.1/thumb/v7-m/nofp/libgcc.a(_aeabi_uldivmod.o) (__aeabi_ldiv0)
/Applications/MCUXpressoIDE_11.6.0_8187/ide/plugins/com.nxp.mcuxpresso.tools.macosx_11.6.0.202112161359/tools/bin/../lib/gcc/arm-none-eabi/10.3.1/../../../../arm-none-eabi/lib/thumb/v7-m/nofp/libc.a(lib_a-init.o)
[...]
Memory Configuration

Name             Origin             Length             Attributes
MFlash256        0x0000000000000000 0x0000000000040000 xr
Ram0_16_32       0x0000000002000000 0x0000000000008000 xrw
Ram2_4           0x0000000002008000 0x0000000000001000 xrw
*default*        0x0000000000000000 0xffffffffffffffff

Linker script and memory map

LOAD ./src/cr_cpp_config.o
LOAD ./src/cr_startup_lpc15xx.o
LOAD ./src/crp.o
LOAD ./src/lab1.o
LOAD ./src/sysinit.o
LOAD /Users/DBY/Metro_SemesterV/Embedded Programming/MCUXpressoIDE_11.6.0_8187/workspace/lpc_board_nxp_lpcxpresso_1549/Debug/liblpc_board_nxp_lpcxpresso_1549.a
LOAD /Users/DBY/Metro_SemesterV/Embedded Programming/MCUXpressoIDE_11.6.0_8187/workspace/lpc_chip_15xx/Debug/liblpc_chip_15xx.a
START GROUP
LOAD /Applications/MCUXpressoIDE_11.6.0_8187/ide/plugins/com.nxp.mcuxpresso.tools.macosx_11.6.0.202112161359/tools/bin/../lib/gcc/arm-none-eabi/10.3.1/thumb/v7-m/nofp/libgcc.a
LOAD /Applications/MCUXpressoIDE_11.6.0_8187/ide/plugins/com.nxp.mcuxpresso.tools.macosx_11.6.0.202112161359/tools/bin/../lib/gcc/arm-none-eabi/10.3.1/../../../../arm-none-eabi/lib/thumb/v7-m/nofp/libc.a
LOAD /Applications/MCUXpressoIDE_11.6.0_8187/ide/plugins/com.nxp.mcuxpresso.tools.macosx_11.6.0.202112161359/tools/bin/../lib/gcc/arm-none-eabi/10.3.1/../../../../arm-none-eabi/lib/thumb/v7-m/nofp/libstdc++.a
LOAD /Applications/MCUXpressoIDE_11.6.0_8187/ide/plugins/com.nxp.mcuxpresso.tools.macosx_11.6.0.202112161359/tools/bin/../lib/gcc/arm-none-eabi/10.3.1/../../../../arm-none-eabi/lib/thumb/v7-m/nofp/libm.a
LOAD /Applications/MCUXpressoIDE_11.6.0_8187/ide/plugins/com.nxp.mcuxpresso.tools.macosx_11.6.0.202112161359/tools/bin/../lib/gcc/arm-none-eabi/10.3.1/../../../../arm-none-eabi/lib/thumb/v7-m/nofp/libcr_newlib_nohost.a
LOAD /Applications/MCUXpressoIDE_11.6.0_8187/ide/plugins/com.nxp.mcuxpresso.tools.macosx_11.6.0.202112161359/tools/bin/../lib/gcc/arm-none-eabi/10.3.1/thumb/v7-m/nofp/crti.o
LOAD /Applications/MCUXpressoIDE_11.6.0_8187/ide/plugins/com.nxp.mcuxpresso.tools.macosx_11.6.0.202112161359/tools/bin/../lib/gcc/arm-none-eabi/10.3.1/thumb/v7-m/nofp/crtn.o
LOAD /Applications/MCUXpressoIDE_11.6.0_8187/ide/plugins/com.nxp.mcuxpresso.tools.macosx_11.6.0.202112161359/tools/bin/../lib/gcc/arm-none-eabi/10.3.1/thumb/v7-m/nofp/crtbegin.o
LOAD /Applications/MCUXpressoIDE_11.6.0_8187/ide/plugins/com.nxp.mcuxpresso.tools.macosx_11.6.0.202112161359/tools/bin/../lib/gcc/arm-none-eabi/10.3.1/thumb/v7-m/nofp/crtend.o
END GROUP
                0x0000000000000000                __base_MFlash256 = 0x0
                0x0000000000000000                __base_Flash = 0x0
                0x0000000000040000                __top_MFlash256 = 0x40000
                0x0000000000040000                __top_Flash = 0x40000
                0x0000000002000000                __base_Ram0_16_32 = 0x2000000
                0x0000000002000000                __base_RAM = 0x2000000
                0x0000000002008000                __top_Ram0_16_32 = 0x2008000
                0x0000000002008000                __top_RAM = 0x2008000
                0x0000000002008000                __base_Ram2_4 = 0x2008000
                0x0000000002008000                __base_RAM2 = 0x2008000
                0x0000000002009000                __top_Ram2_4 = 0x2009000
                0x0000000002009000                __top_RAM2 = 0x2009000

.text           0x0000000000000000     0x17fc
 FILL mask 0xff
                0x0000000000000000                __vectors_start__ = ABSOLUTE (.)
 *(.isr_vector)
 .isr_vector    0x0000000000000000       0xfc ./src/cr_startup_lpc15xx.o
                0x0000000000000000                g_pfnVectors
                0x00000000000000fc                . = ALIGN (0x4)
                0x00000000000000fc                __section_table_start = .
                0x00000000000000fc                __data_section_table = .
                0x00000000000000fc        0x4 LONG 0x1804 LOADADDR (.data)
                0x0000000000000100        0x4 LONG 0x2000000 ADDR (.data)
                0x0000000000000104        0x4 LONG 0x0 SIZEOF (.data)
                0x0000000000000108        0x4 LONG 0x1804 LOADADDR (.data_RAM2)
                0x000000000000010c        0x4 LONG 0x2008000 ADDR (.data_RAM2)
                0x0000000000000110        0x4 LONG 0x0 SIZEOF (.data_RAM2)
                0x0000000000000114                __data_section_table_end = .
                0x0000000000000114                __bss_section_table = .
                0x0000000000000114        0x4 LONG 0x2000000 ADDR (.bss)
                0x0000000000000118        0x4 LONG 0x24 SIZEOF (.bss)
                0x000000000000011c        0x4 LONG 0x2008000 ADDR (.bss_RAM2)
                0x0000000000000120        0x4 LONG 0x0 SIZEOF (.bss_RAM2)
                0x0000000000000124                __bss_section_table_end = .
                0x0000000000000124                __section_table_end = .
 *(.after_vectors*)
 .after_vectors
                0x0000000000000124      0x140 ./src/cr_startup_lpc15xx.o
                0x0000000000000124                data_init(unsigned int, unsigned int, unsigned int)
                0x0000000000000166                bss_init(unsigned int, unsigned int)
                0x000000000000019c                ResetISR
                0x0000000000000228                NMI_Handler
                0x000000000000022e                HardFault_Handler
                0x0000000000000234                MemManage_Handler
                0x000000000000023a                BusFault_Handler
                0x0000000000000240                UsageFault_Handler
                0x0000000000000246                SVC_Handler
                0x000000000000024c                DebugMon_Handler
                0x0000000000000252                PendSV_Handler
                0x000000000000025e                PIN_INT6_IRQHandler
                0x000000000000025e                IntDefaultHandler
                0x000000000000025e                PIN_INT4_IRQHandler
                0x000000000000025e                CAN_IRQHandler
                0x000000000000025e                RTC_ALARM_IRQHandler
                0x000000000000025e                ADC1B_IRQHandler
                0x000000000000025e                ADC1_OVR_IRQHandler
                0x000000000000025e                USBWakeup_IRQHandler
                0x000000000000025e                UART2_IRQHandler
                0x000000000000025e                PIN_INT5_IRQHandler
                0x000000000000025e                SCT1_IRQHandler
                0x000000000000025e                PIN_INT2_IRQHandler
                0x000000000000025e                USB_FIQHandler
                0x000000000000025e                SCT3_IRQHandler
                0x000000000000025e                PIN_INT7_IRQHandler
                0x000000000000025e                PIN_INT1_IRQHandler
                0x000000000000025e                USB_IRQHandler
                0x000000000000025e                BOD_IRQHandler
                0x000000000000025e                ADC0B_IRQHandler
                0x000000000000025e                ACMP0_IRQHandler
                0x000000000000025e                WDT_IRQHandler
                0x000000000000025e                PIN_INT0_IRQHandler
                0x000000000000025e                QEI_IRQHandler
                0x000000000000025e                ACMP3_IRQHandler
                0x000000000000025e                GINT0_IRQHandler
                0x000000000000025e                DAC_IRQHandler
                0x000000000000025e                SPI0_IRQHandler
                0x000000000000025e                EEPROM_IRQHandler
                0x000000000000025e                ACMP2_IRQHandler
                0x000000000000025e                ADC1A_IRQHandler
                0x000000000000025e                DMA_IRQHandler
                0x000000000000025e                PIN_INT3_IRQHandler
                0x000000000000025e                ACMP1_IRQHandler
                0x000000000000025e                ADC0A_IRQHandler
                0x000000000000025e                FMC_IRQHandler
                0x000000000000025e                GINT1_IRQHandler
                0x000000000000025e                SCT0_IRQHandler
                0x000000000000025e                ADC0_THCMP_IRQHandler
                0x000000000000025e                RIT_IRQHandler
                0x000000000000025e                I2C0_IRQHandler
                0x000000000000025e                ADC0_OVR_IRQHandler
                0x000000000000025e                ADC1_THCMP_IRQHandler
                0x000000000000025e                SCT2_IRQHandler
                0x000000000000025e                MRT_IRQHandler
                0x000000000000025e                UART1_IRQHandler
                0x000000000000025e                RTC_WAKE_IRQHandler
                0x000000000000025e                UART0_IRQHandler
                0x000000000000025e                SPI1_IRQHandler
                0x00000000000002fc                . = 0x2fc
 *fill*         0x0000000000000264       0x98 ff
                0x00000000000002fc                PROVIDE (__CRP_WORD_START__ = .)
 *(.crp)
 .crp           0x00000000000002fc        0x4 ./src/crp.o
                0x00000000000002fc                CRP_WORD
                0x0000000000000300                PROVIDE (__CRP_WORD_END__ = .)
                0x0000000000000001                ASSERT (! ((__CRP_WORD_START__ == __CRP_WORD_END__)), Linker CRP Enabled, but no CRP_WORD provided within application)
 *(.text*)
 .text.NVIC_SetPriority
                0x0000000000000300       0x54 ./src/lab1.o
 .text.SysTick_Config
                0x0000000000000354       0x44 ./src/lab1.o
 .text.Chip_Clock_SetSysTickClockDiv
                0x0000000000000398       0x20 ./src/lab1.o
 .text.Chip_IOCON_PinMuxSet
                0x00000000000003b8       0x2c ./src/lab1.o
 .text.Chip_GPIO_GetPinState
                0x00000000000003e4       0x34 ./src/lab1.o
 .text.Chip_GPIO_SetPinDIRInput
                0x0000000000000418       0x3e ./src/lab1.o
 .text._ZStanSt12memory_orderSt23__memory_order_modifier
                0x0000000000000456       0x24 ./src/lab1.o
                0x0000000000000456                std::operator&(std::memory_order, std::__memory_order_modifier)
 *fill*         0x000000000000047a        0x2 ff
 .text.SysTick_Handler
                0x000000000000047c       0x2c ./src/lab1.o
                0x000000000000047c                SysTick_Handler
 .text._Z5Sleepi
                0x00000000000004a8       0x38 ./src/lab1.o
                0x00000000000004a8                Sleep(int)
 .text.main     0x00000000000004e0       0xc0 ./src/lab1.o
                0x00000000000004e0                main
 .text._ZNVKSt13__atomic_baseIiEcviEv
                0x00000000000005a0       0x34 ./src/lab1.o
                0x00000000000005a0                std::__atomic_base<int>::operator int() const volatile
 .text._ZNVSt13__atomic_baseIiEmmEi
                0x00000000000005d4       0x40 ./src/lab1.o
                0x00000000000005d4                std::__atomic_base<int>::operator--(int) volatile
 .text._ZNVSt13__atomic_baseIiEaSEi
                0x0000000000000614       0x40 ./src/lab1.o
                0x0000000000000614                std::__atomic_base<int>::operator=(int) volatile
 .text._Z41__static_initialization_and_destruction_0ii
                0x0000000000000654       0x14 ./src/lab1.o
 .text._GLOBAL__sub_I_SysTick_Handler
                0x0000000000000668       0x10 ./src/lab1.o
 .text.SystemInit
                0x0000000000000678        0xc ./src/sysinit.o
                0x0000000000000678                SystemInit
 .text.Chip_IOCON_PinMuxSet
                0x0000000000000684       0x2c /Users/DBY/Metro_SemesterV/Embedded Programming/MCUXpressoIDE_11.6.0_8187/workspace/lpc_board_nxp_lpcxpresso_1549/Debug/liblpc_board_nxp_lpcxpresso_1549.a(board.o)
 .text.Chip_SWM_MovablePortPinAssign
                0x00000000000006b0       0x30 /Users/DBY/Metro_SemesterV/Embedded Programming/MCUXpressoIDE_11.6.0_8187/workspace/lpc_board_nxp_lpcxpresso_1549/Debug/liblpc_board_nxp_lpcxpresso_1549.a(board.o)
 .text.Chip_GPIO_SetPinState
                0x00000000000006e0       0x36 /Users/DBY/Metro_SemesterV/Embedded Programming/MCUXpressoIDE_11.6.0_8187/workspace/lpc_board_nxp_lpcxpresso_1549/Debug/liblpc_board_nxp_lpcxpresso_1549.a(board.o)
 .text.Chip_GPIO_SetPinDIROutput
                0x0000000000000716       0x3c /Users/DBY/Metro_SemesterV/Embedded Programming/MCUXpressoIDE_11.6.0_8187/workspace/lpc_board_nxp_lpcxpresso_1549/Debug/liblpc_board_nxp_lpcxpresso_1549.a(board.o)
 .text.Chip_UART_Enable
                0x0000000000000752       0x1e /Users/DBY/Metro_SemesterV/Embedded Programming/MCUXpressoIDE_11.6.0_8187/workspace/lpc_board_nxp_lpcxpresso_1549/Debug/liblpc_board_nxp_lpcxpresso_1549.a(board.o)
 .text.Chip_UART_TXEnable
                0x0000000000000770       0x1e /Users/DBY/Metro_SemesterV/Embedded Programming/MCUXpressoIDE_11.6.0_8187/workspace/lpc_board_nxp_lpcxpresso_1549/Debug/liblpc_board_nxp_lpcxpresso_1549.a(board.o)
 .text.Chip_UART_ConfigData
                0x000000000000078e       0x28 /Users/DBY/Metro_SemesterV/Embedded Programming/MCUXpressoIDE_11.6.0_8187/workspace/lpc_board_nxp_lpcxpresso_1549/Debug/liblpc_board_nxp_lpcxpresso_1549.a(board.o)
 *fill*         0x00000000000007b6        0x2 ff
 .text.Board_Debug_Init
                0x00000000000007b8       0x70 /Users/DBY/Metro_SemesterV/Embedded Programming/MCUXpressoIDE_11.6.0_8187/workspace/lpc_board_nxp_lpcxpresso_1549/Debug/liblpc_board_nxp_lpcxpresso_1549.a(board.o)
                0x00000000000007b8                Board_Debug_Init
 .text.Board_LED_Init
                0x0000000000000828       0x60 /Users/DBY/Metro_SemesterV/Embedded Programming/MCUXpressoIDE_11.6.0_8187/workspace/lpc_board_nxp_lpcxpresso_1549/Debug/liblpc_board_nxp_lpcxpresso_1549.a(board.o)
 .text.Board_LED_Set
                0x0000000000000888       0x54 /Users/DBY/Metro_SemesterV/Embedded Programming/MCUXpressoIDE_11.6.0_8187/workspace/lpc_board_nxp_lpcxpresso_1549/Debug/liblpc_board_nxp_lpcxpresso_1549.a(board.o)
                0x0000000000000888                Board_LED_Set
 .text.Board_Init
                0x00000000000008dc       0x18 /Users/DBY/Metro_SemesterV/Embedded Programming/MCUXpressoIDE_11.6.0_8187/workspace/lpc_board_nxp_lpcxpresso_1549/Debug/liblpc_board_nxp_lpcxpresso_1549.a(board.o)
                0x00000000000008dc                Board_Init
 .text.Chip_SYSCTL_PeriphReset
                0x00000000000008f4       0x22 /Users/DBY/Metro_SemesterV/Embedded Programming/MCUXpressoIDE_11.6.0_8187/workspace/lpc_board_nxp_lpcxpresso_1549/Debug/liblpc_board_nxp_lpcxpresso_1549.a(board_sysinit.o)
 *fill*         0x0000000000000916        0x2 ff
 .text.Chip_Clock_SetUSBPLLSource
                0x0000000000000918       0x20 /Users/DBY/Metro_SemesterV/Embedded Programming/MCUXpressoIDE_11.6.0_8187/workspace/lpc_board_nxp_lpcxpresso_1549/Debug/liblpc_board_nxp_lpcxpresso_1549.a(board_sysinit.o)
 .text.Chip_Clock_SetupUSBPLL
                0x0000000000000938       0x34 /Users/DBY/Metro_SemesterV/Embedded Programming/MCUXpressoIDE_11.6.0_8187/workspace/lpc_board_nxp_lpcxpresso_1549/Debug/liblpc_board_nxp_lpcxpresso_1549.a(board_sysinit.o)
 .text.Chip_Clock_IsUSBPLLLocked
                0x000000000000096c       0x24 /Users/DBY/Metro_SemesterV/Embedded Programming/MCUXpressoIDE_11.6.0_8187/workspace/lpc_board_nxp_lpcxpresso_1549/Debug/liblpc_board_nxp_lpcxpresso_1549.a(board_sysinit.o)
 .text.Chip_Clock_SetSysTickClockDiv
                0x0000000000000990       0x20 /Users/DBY/Metro_SemesterV/Embedded Programming/MCUXpressoIDE_11.6.0_8187/workspace/lpc_board_nxp_lpcxpresso_1549/Debug/liblpc_board_nxp_lpcxpresso_1549.a(board_sysinit.o)
 .text.Chip_SWM_MovablePortPinAssign
                0x00000000000009b0       0x30 /Users/DBY/Metro_SemesterV/Embedded Programming/MCUXpressoIDE_11.6.0_8187/workspace/lpc_board_nxp_lpcxpresso_1549/Debug/liblpc_board_nxp_lpcxpresso_1549.a(board_sysinit.o)
 .text.Board_SetupMuxing
                0x00000000000009e0       0x84 /Users/DBY/Metro_SemesterV/Embedded Programming/MCUXpressoIDE_11.6.0_8187/workspace/lpc_board_nxp_lpcxpresso_1549/Debug/liblpc_board_nxp_lpcxpresso_1549.a(board_sysinit.o)
                0x00000000000009e0                Board_SetupMuxing
 .text.Board_SetupClocking
                0x0000000000000a64       0x3a /Users/DBY/Metro_SemesterV/Embedded Programming/MCUXpressoIDE_11.6.0_8187/workspace/lpc_board_nxp_lpcxpresso_1549/Debug/liblpc_board_nxp_lpcxpresso_1549.a(board_sysinit.o)
                0x0000000000000a64                Board_SetupClocking
 *fill*         0x0000000000000a9e        0x2 ff
 .text.Board_SystemInit
                0x0000000000000aa0       0x1c /Users/DBY/Metro_SemesterV/Embedded Programming/MCUXpressoIDE_11.6.0_8187/workspace/lpc_board_nxp_lpcxpresso_1549/Debug/liblpc_board_nxp_lpcxpresso_1549.a(board_sysinit.o)
                0x0000000000000aa0                Board_SystemInit
 .text.SystemCoreClockUpdate
                0x0000000000000abc       0x18 /Users/DBY/Metro_SemesterV/Embedded Programming/MCUXpressoIDE_11.6.0_8187/workspace/lpc_chip_15xx/Debug/liblpc_chip_15xx.a(chip_15xx.o)
                0x0000000000000abc                SystemCoreClockUpdate
 .text.Chip_Clock_SetMain_A_ClockSource
                0x0000000000000ad4       0x20 /Users/DBY/Metro_SemesterV/Embedded Programming/MCUXpressoIDE_11.6.0_8187/workspace/lpc_chip_15xx/Debug/liblpc_chip_15xx.a(clock_15xx.o)
 .text.Chip_Clock_GetMain_A_ClockSource
                0x0000000000000af4       0x18 /Users/DBY/Metro_SemesterV/Embedded Programming/MCUXpressoIDE_11.6.0_8187/workspace/lpc_chip_15xx/Debug/liblpc_chip_15xx.a(clock_15xx.o)
 .text.Chip_Clock_SetMain_B_ClockSource
                0x0000000000000b0c       0x20 /Users/DBY/Metro_SemesterV/Embedded Programming/MCUXpressoIDE_11.6.0_8187/workspace/lpc_chip_15xx/Debug/liblpc_chip_15xx.a(clock_15xx.o)
 .text.Chip_Clock_GetMain_B_ClockSource
                0x0000000000000b2c       0x18 /Users/DBY/Metro_SemesterV/Embedded Programming/MCUXpressoIDE_11.6.0_8187/workspace/lpc_chip_15xx/Debug/liblpc_chip_15xx.a(clock_15xx.o)
 .text.Chip_Clock_GetSysTickClockDiv
                0x0000000000000b44       0x18 /Users/DBY/Metro_SemesterV/Embedded Programming/MCUXpressoIDE_11.6.0_8187/workspace/lpc_chip_15xx/Debug/liblpc_chip_15xx.a(clock_15xx.o)
 .text.Chip_Clock_SetUARTFRGDivider
                0x0000000000000b5c       0x20 /Users/DBY/Metro_SemesterV/Embedded Programming/MCUXpressoIDE_11.6.0_8187/workspace/lpc_chip_15xx/Debug/liblpc_chip_15xx.a(clock_15xx.o)
 .text.Chip_Clock_GetUARTFRGDivider
                0x0000000000000b7c       0x18 /Users/DBY/Metro_SemesterV/Embedded Programming/MCUXpressoIDE_11.6.0_8187/workspace/lpc_chip_15xx/Debug/liblpc_chip_15xx.a(clock_15xx.o)
 .text.Chip_Clock_GetMainOscRate
                0x0000000000000b94       0x14 /Users/DBY/Metro_SemesterV/Embedded Programming/MCUXpressoIDE_11.6.0_8187/workspace/lpc_chip_15xx/Debug/liblpc_chip_15xx.a(clock_15xx.o)
 .text.Chip_Clock_GetIntOscRate
                0x0000000000000ba8       0x14 /Users/DBY/Metro_SemesterV/Embedded Programming/MCUXpressoIDE_11.6.0_8187/workspace/lpc_chip_15xx/Debug/liblpc_chip_15xx.a(clock_15xx.o)
 .text.Chip_Clock_GetRTCOscRate
                0x0000000000000bbc       0x14 /Users/DBY/Metro_SemesterV/Embedded Programming/MCUXpressoIDE_11.6.0_8187/workspace/lpc_chip_15xx/Debug/liblpc_chip_15xx.a(clock_15xx.o)
 .text.Chip_Clock_GetWDTOSCRate
                0x0000000000000bd0       0x14 /Users/DBY/Metro_SemesterV/Embedded Programming/MCUXpressoIDE_11.6.0_8187/workspace/lpc_chip_15xx/Debug/liblpc_chip_15xx.a(clock_15xx.o)
 .text.Chip_Clock_GetPLLFreq
                0x0000000000000be4       0x26 /Users/DBY/Metro_SemesterV/Embedded Programming/MCUXpressoIDE_11.6.0_8187/workspace/lpc_chip_15xx/Debug/liblpc_chip_15xx.a(clock_15xx.o)
 .text.Chip_Clock_GetPLLInClockRate
                0x0000000000000c0a       0x38 /Users/DBY/Metro_SemesterV/Embedded Programming/MCUXpressoIDE_11.6.0_8187/workspace/lpc_chip_15xx/Debug/liblpc_chip_15xx.a(clock_15xx.o)
 *fill*         0x0000000000000c42        0x2 ff
 .text.Chip_Clock_GetSystemPLLInClockRate
                0x0000000000000c44       0x1c /Users/DBY/Metro_SemesterV/Embedded Programming/MCUXpressoIDE_11.6.0_8187/workspace/lpc_chip_15xx/Debug/liblpc_chip_15xx.a(clock_15xx.o)
                0x0000000000000c44                Chip_Clock_GetSystemPLLInClockRate
 .text.Chip_Clock_GetSystemPLLOutClockRate
                0x0000000000000c60       0x24 /Users/DBY/Metro_SemesterV/Embedded Programming/MCUXpressoIDE_11.6.0_8187/workspace/lpc_chip_15xx/Debug/liblpc_chip_15xx.a(clock_15xx.o)
                0x0000000000000c60                Chip_Clock_GetSystemPLLOutClockRate
 .text.Chip_Clock_GetMain_A_ClockRate
                0x0000000000000c84       0x4a /Users/DBY/Metro_SemesterV/Embedded Programming/MCUXpressoIDE_11.6.0_8187/workspace/lpc_chip_15xx/Debug/liblpc_chip_15xx.a(clock_15xx.o)
                0x0000000000000c84                Chip_Clock_GetMain_A_ClockRate
 *fill*         0x0000000000000cce        0x2 ff
 .text.Chip_Clock_GetMain_B_ClockRate
                0x0000000000000cd0       0x58 /Users/DBY/Metro_SemesterV/Embedded Programming/MCUXpressoIDE_11.6.0_8187/workspace/lpc_chip_15xx/Debug/liblpc_chip_15xx.a(clock_15xx.o)
                0x0000000000000cd0                Chip_Clock_GetMain_B_ClockRate
 .text.Chip_Clock_SetMainClockSource
                0x0000000000000d28       0x3c /Users/DBY/Metro_SemesterV/Embedded Programming/MCUXpressoIDE_11.6.0_8187/workspace/lpc_chip_15xx/Debug/liblpc_chip_15xx.a(clock_15xx.o)
                0x0000000000000d28                Chip_Clock_SetMainClockSource
 .text.Chip_Clock_GetMainClockRate
                0x0000000000000d64       0x28 /Users/DBY/Metro_SemesterV/Embedded Programming/MCUXpressoIDE_11.6.0_8187/workspace/lpc_chip_15xx/Debug/liblpc_chip_15xx.a(clock_15xx.o)
                0x0000000000000d64                Chip_Clock_GetMainClockRate
 .text.Chip_Clock_EnablePeriphClock
                0x0000000000000d8c       0x58 /Users/DBY/Metro_SemesterV/Embedded Programming/MCUXpressoIDE_11.6.0_8187/workspace/lpc_chip_15xx/Debug/liblpc_chip_15xx.a(clock_15xx.o)
                0x0000000000000d8c                Chip_Clock_EnablePeriphClock
 .text.Chip_Clock_GetSysTickClockRate
                0x0000000000000de4       0x30 /Users/DBY/Metro_SemesterV/Embedded Programming/MCUXpressoIDE_11.6.0_8187/workspace/lpc_chip_15xx/Debug/liblpc_chip_15xx.a(clock_15xx.o)
                0x0000000000000de4                Chip_Clock_GetSysTickClockRate
 .text.Chip_Clock_GetUARTBaseClockRate
                0x0000000000000e14       0x94 /Users/DBY/Metro_SemesterV/Embedded Programming/MCUXpressoIDE_11.6.0_8187/workspace/lpc_chip_15xx/Debug/liblpc_chip_15xx.a(clock_15xx.o)
                0x0000000000000e14                Chip_Clock_GetUARTBaseClockRate
 .text.Chip_Clock_SetUARTBaseClockRate
                0x0000000000000ea8       0xac /Users/DBY/Metro_SemesterV/Embedded Programming/MCUXpressoIDE_11.6.0_8187/workspace/lpc_chip_15xx/Debug/liblpc_chip_15xx.a(clock_15xx.o)
                0x0000000000000ea8                Chip_Clock_SetUARTBaseClockRate
 .text.Chip_Clock_GetSystemClockRate
                0x0000000000000f54       0x1c /Users/DBY/Metro_SemesterV/Embedded Programming/MCUXpressoIDE_11.6.0_8187/workspace/lpc_chip_15xx/Debug/liblpc_chip_15xx.a(clock_15xx.o)
                0x0000000000000f54                Chip_Clock_GetSystemClockRate
 .text.Chip_SYSCTL_PeriphReset
                0x0000000000000f70       0x22 /Users/DBY/Metro_SemesterV/Embedded Programming/MCUXpressoIDE_11.6.0_8187/workspace/lpc_chip_15xx/Debug/liblpc_chip_15xx.a(gpio_15xx.o)
 .text.Chip_GPIO_Init
                0x0000000000000f92       0x2e /Users/DBY/Metro_SemesterV/Embedded Programming/MCUXpressoIDE_11.6.0_8187/workspace/lpc_chip_15xx/Debug/liblpc_chip_15xx.a(gpio_15xx.o)
                0x0000000000000f92                Chip_GPIO_Init
 .text.Chip_IOCON_PinMuxSet
                0x0000000000000fc0       0x2c /Users/DBY/Metro_SemesterV/Embedded Programming/MCUXpressoIDE_11.6.0_8187/workspace/lpc_chip_15xx/Debug/liblpc_chip_15xx.a(iocon_15xx.o)
 .text.Chip_IOCON_SetPinMuxing
                0x0000000000000fec       0x50 /Users/DBY/Metro_SemesterV/Embedded Programming/MCUXpressoIDE_11.6.0_8187/workspace/lpc_chip_15xx/Debug/liblpc_chip_15xx.a(iocon_15xx.o)
                0x0000000000000fec                Chip_IOCON_SetPinMuxing
 .text.Chip_SWM_MovablePinAssign
                0x000000000000103c       0x5c /Users/DBY/Metro_SemesterV/Embedded Programming/MCUXpressoIDE_11.6.0_8187/workspace/lpc_chip_15xx/Debug/liblpc_chip_15xx.a(swm_15xx.o)
                0x000000000000103c                Chip_SWM_MovablePinAssign
 .text.Chip_SYSCTL_AssertPeriphReset
                0x0000000000001098       0x4c /Users/DBY/Metro_SemesterV/Embedded Programming/MCUXpressoIDE_11.6.0_8187/workspace/lpc_chip_15xx/Debug/liblpc_chip_15xx.a(sysctl_15xx.o)
                0x0000000000001098                Chip_SYSCTL_AssertPeriphReset
 .text.Chip_SYSCTL_DeassertPeriphReset
                0x00000000000010e4       0x50 /Users/DBY/Metro_SemesterV/Embedded Programming/MCUXpressoIDE_11.6.0_8187/workspace/lpc_chip_15xx/Debug/liblpc_chip_15xx.a(sysctl_15xx.o)
                0x00000000000010e4                Chip_SYSCTL_DeassertPeriphReset
 .text.Chip_SYSCTL_PowerDown
                0x0000000000001134       0x40 /Users/DBY/Metro_SemesterV/Embedded Programming/MCUXpressoIDE_11.6.0_8187/workspace/lpc_chip_15xx/Debug/liblpc_chip_15xx.a(sysctl_15xx.o)
                0x0000000000001134                Chip_SYSCTL_PowerDown
 .text.Chip_SYSCTL_PowerUp
                0x0000000000001174       0x40 /Users/DBY/Metro_SemesterV/Embedded Programming/MCUXpressoIDE_11.6.0_8187/workspace/lpc_chip_15xx/Debug/liblpc_chip_15xx.a(sysctl_15xx.o)
                0x0000000000001174                Chip_SYSCTL_PowerUp
 .text.Chip_FMC_SetFLASHAccess
                0x00000000000011b4       0x38 /Users/DBY/Metro_SemesterV/Embedded Programming/MCUXpressoIDE_11.6.0_8187/workspace/lpc_chip_15xx/Debug/liblpc_chip_15xx.a(sysinit_15xx.o)
 .text.Chip_Clock_SetSystemPLLSource
                0x00000000000011ec       0x20 /Users/DBY/Metro_SemesterV/Embedded Programming/MCUXpressoIDE_11.6.0_8187/workspace/lpc_chip_15xx/Debug/liblpc_chip_15xx.a(sysinit_15xx.o)
 .text.Chip_Clock_SetupSystemPLL
                0x000000000000120c       0x34 /Users/DBY/Metro_SemesterV/Embedded Programming/MCUXpressoIDE_11.6.0_8187/workspace/lpc_chip_15xx/Debug/liblpc_chip_15xx.a(sysinit_15xx.o)
 .text.Chip_Clock_IsSystemPLLLocked
                0x0000000000001240       0x24 /Users/DBY/Metro_SemesterV/Embedded Programming/MCUXpressoIDE_11.6.0_8187/workspace/lpc_chip_15xx/Debug/liblpc_chip_15xx.a(sysinit_15xx.o)
 .text.Chip_Clock_SetSysClockDiv
                0x0000000000001264       0x20 /Users/DBY/Metro_SemesterV/Embedded Programming/MCUXpressoIDE_11.6.0_8187/workspace/lpc_chip_15xx/Debug/liblpc_chip_15xx.a(sysinit_15xx.o)
 .text.Chip_SetupXtalClocking
                0x0000000000001284       0x6c /Users/DBY/Metro_SemesterV/Embedded Programming/MCUXpressoIDE_11.6.0_8187/workspace/lpc_chip_15xx/Debug/liblpc_chip_15xx.a(sysinit_15xx.o)
                0x0000000000001284                Chip_SetupXtalClocking
 .text.Chip_SYSCTL_PeriphReset
                0x00000000000012f0       0x22 /Users/DBY/Metro_SemesterV/Embedded Programming/MCUXpressoIDE_11.6.0_8187/workspace/lpc_chip_15xx/Debug/liblpc_chip_15xx.a(uart_15xx.o)
 *fill*         0x0000000000001312        0x2 ff
 .text.getUARTClockID
                0x0000000000001314       0x34 /Users/DBY/Metro_SemesterV/Embedded Programming/MCUXpressoIDE_11.6.0_8187/workspace/lpc_chip_15xx/Debug/liblpc_chip_15xx.a(uart_15xx.o)
 .text.Chip_UART_Init
                0x0000000000001348       0x4c /Users/DBY/Metro_SemesterV/Embedded Programming/MCUXpressoIDE_11.6.0_8187/workspace/lpc_chip_15xx/Debug/liblpc_chip_15xx.a(uart_15xx.o)
                0x0000000000001348                Chip_UART_Init
 .text.Chip_UART_SetBaud
                0x0000000000001394       0x2a /Users/DBY/Metro_SemesterV/Embedded Programming/MCUXpressoIDE_11.6.0_8187/workspace/lpc_chip_15xx/Debug/liblpc_chip_15xx.a(uart_15xx.o)
                0x0000000000001394                Chip_UART_SetBaud
 *fill*         0x00000000000013be        0x2 ff
 .text          0x00000000000013c0       0x30 /Applications/MCUXpressoIDE_11.6.0_8187/ide/plugins/com.nxp.mcuxpresso.tools.macosx_11.6.0.202112161359/tools/bin/../lib/gcc/arm-none-eabi/10.3.1/thumb/v7-m/nofp/libgcc.a(_aeabi_uldivmod.o)
                0x00000000000013c0                __aeabi_uldivmod
 .text          0x00000000000013f0      0x2d4 /Applications/MCUXpressoIDE_11.6.0_8187/ide/plugins/com.nxp.mcuxpresso.tools.macosx_11.6.0.202112161359/tools/bin/../lib/gcc/arm-none-eabi/10.3.1/thumb/v7-m/nofp/libgcc.a(_udivmoddi4.o)
                0x00000000000013f0                __udivmoddi4
 .text          0x00000000000016c4        0x4 /Applications/MCUXpressoIDE_11.6.0_8187/ide/plugins/com.nxp.mcuxpresso.tools.macosx_11.6.0.202112161359/tools/bin/../lib/gcc/arm-none-eabi/10.3.1/thumb/v7-m/nofp/libgcc.a(_dvmd_tls.o)
                0x00000000000016c4                __aeabi_ldiv0
                0x00000000000016c4                __aeabi_idiv0
 .text.__libc_init_array
                0x00000000000016c8       0x48 /Applications/MCUXpressoIDE_11.6.0_8187/ide/plugins/com.nxp.mcuxpresso.tools.macosx_11.6.0.202112161359/tools/bin/../lib/gcc/arm-none-eabi/10.3.1/../../../../arm-none-eabi/lib/thumb/v7-m/nofp/libc.a(lib_a-init.o)
                0x00000000000016c8                __libc_init_array
 .text          0x0000000000001710       0x40 /Applications/MCUXpressoIDE_11.6.0_8187/ide/plugins/com.nxp.mcuxpresso.tools.macosx_11.6.0.202112161359/tools/bin/../lib/gcc/arm-none-eabi/10.3.1/thumb/v7-m/nofp/crtbegin.o
 *(.rodata .rodata.* .constdata .constdata.*)
 .rodata.OscRateIn
                0x0000000000001750        0x4 /Users/DBY/Metro_SemesterV/Embedded Programming/MCUXpressoIDE_11.6.0_8187/workspace/lpc_board_nxp_lpcxpresso_1549/Debug/liblpc_board_nxp_lpcxpresso_1549.a(board.o)
                0x0000000000001750                OscRateIn
 .rodata.RTCOscRateIn
                0x0000000000001754        0x4 /Users/DBY/Metro_SemesterV/Embedded Programming/MCUXpressoIDE_11.6.0_8187/workspace/lpc_board_nxp_lpcxpresso_1549/Debug/liblpc_board_nxp_lpcxpresso_1549.a(board.o)
                0x0000000000001754                RTCOscRateIn
 .rodata.ledpins
                0x0000000000001758        0x3 /Users/DBY/Metro_SemesterV/Embedded Programming/MCUXpressoIDE_11.6.0_8187/workspace/lpc_board_nxp_lpcxpresso_1549/Debug/liblpc_board_nxp_lpcxpresso_1549.a(board.o)
 *fill*         0x000000000000175b        0x1 ff
 .rodata.ledports
                0x000000000000175c        0x3 /Users/DBY/Metro_SemesterV/Embedded Programming/MCUXpressoIDE_11.6.0_8187/workspace/lpc_board_nxp_lpcxpresso_1549/Debug/liblpc_board_nxp_lpcxpresso_1549.a(board.o)
 *fill*         0x000000000000175f        0x1 ff
 .rodata.ioconSetup
                0x0000000000001760       0x74 /Users/DBY/Metro_SemesterV/Embedded Programming/MCUXpressoIDE_11.6.0_8187/workspace/lpc_board_nxp_lpcxpresso_1549/Debug/liblpc_board_nxp_lpcxpresso_1549.a(board_sysinit.o)
 .rodata.swmSetup
                0x00000000000017d4        0x6 /Users/DBY/Metro_SemesterV/Embedded Programming/MCUXpressoIDE_11.6.0_8187/workspace/lpc_board_nxp_lpcxpresso_1549/Debug/liblpc_board_nxp_lpcxpresso_1549.a(board_sysinit.o)
                0x00000000000017dc                . = ALIGN (0x4)
 *fill*         0x00000000000017da        0x2 ff
                0x00000000000017dc                . = ALIGN (0x4)
 *(.init)
 .init          0x00000000000017dc        0x4 /Applications/MCUXpressoIDE_11.6.0_8187/ide/plugins/com.nxp.mcuxpresso.tools.macosx_11.6.0.202112161359/tools/bin/../lib/gcc/arm-none-eabi/10.3.1/thumb/v7-m/nofp/crti.o
                0x00000000000017dc                _init
 .init          0x00000000000017e0        0x8 /Applications/MCUXpressoIDE_11.6.0_8187/ide/plugins/com.nxp.mcuxpresso.tools.macosx_11.6.0.202112161359/tools/bin/../lib/gcc/arm-none-eabi/10.3.1/thumb/v7-m/nofp/crtn.o
                0x00000000000017e8                . = ALIGN (0x4)
                0x00000000000017e8                __preinit_array_start = .
 *(.preinit_array)
                0x00000000000017e8                __preinit_array_end = .
                0x00000000000017e8                . = ALIGN (0x4)
                0x00000000000017e8                __init_array_start = .
 *(SORT_BY_NAME(.init_array.*))
 *(.init_array)
 .init_array    0x00000000000017e8        0x4 ./src/lab1.o
 .init_array    0x00000000000017ec        0x4 /Applications/MCUXpressoIDE_11.6.0_8187/ide/plugins/com.nxp.mcuxpresso.tools.macosx_11.6.0.202112161359/tools/bin/../lib/gcc/arm-none-eabi/10.3.1/thumb/v7-m/nofp/crtbegin.o
                0x00000000000017f0                __init_array_end = .
 *(.fini)
 .fini          0x00000000000017f0        0x4 /Applications/MCUXpressoIDE_11.6.0_8187/ide/plugins/com.nxp.mcuxpresso.tools.macosx_11.6.0.202112161359/tools/bin/../lib/gcc/arm-none-eabi/10.3.1/thumb/v7-m/nofp/crti.o
                0x00000000000017f0                _fini
 .fini          0x00000000000017f4        0x8 /Applications/MCUXpressoIDE_11.6.0_8187/ide/plugins/com.nxp.mcuxpresso.tools.macosx_11.6.0.202112161359/tools/bin/../lib/gcc/arm-none-eabi/10.3.1/thumb/v7-m/nofp/crtn.o
                0x00000000000017fc                . = ALIGN (0x4)
 *crtbegin.o(.ctors)
 *(EXCLUDE_FILE(*crtend.o) .ctors)
 *(SORT_BY_NAME(.ctors.*))
 *crtend.o(.ctors)
                0x00000000000017fc                . = ALIGN (0x4)
 *crtbegin.o(.dtors)
 *(EXCLUDE_FILE(*crtend.o) .dtors)
 *(SORT_BY_NAME(.dtors.*))
 *crtend.o(.dtors)
                0x00000000000017fc                . = ALIGN (0x4)

.glue_7         0x00000000000017fc        0x0
 .glue_7        0x00000000000017fc        0x0 linker stubs

.glue_7t        0x00000000000017fc        0x0
 .glue_7t       0x00000000000017fc        0x0 linker stubs

.vfp11_veneer   0x00000000000017fc        0x0
 .vfp11_veneer  0x00000000000017fc        0x0 linker stubs

.v4_bx          0x00000000000017fc        0x0
 .v4_bx         0x00000000000017fc        0x0 linker stubs

.iplt           0x00000000000017fc        0x0
 .iplt          0x00000000000017fc        0x0 ./src/cr_startup_lpc15xx.o

.ARM.extab
 *(.ARM.extab* .gnu.linkonce.armextab.*)

.ARM.exidx      0x00000000000017fc        0x8
                0x00000000000017fc                __exidx_start = .
 *(.ARM.exidx* .gnu.linkonce.armexidx.*)
 .ARM.exidx     0x00000000000017fc        0x8 /Applications/MCUXpressoIDE_11.6.0_8187/ide/plugins/com.nxp.mcuxpresso.tools.macosx_11.6.0.202112161359/tools/bin/../lib/gcc/arm-none-eabi/10.3.1/thumb/v7-m/nofp/libgcc.a(_udivmoddi4.o)
                0x0000000000001804                __exidx_end = .
                0x0000000000001804                _etext = .

.rel.dyn        0x0000000000001804        0x0
 .rel.iplt      0x0000000000001804        0x0 ./src/cr_startup_lpc15xx.o

.eh_frame       0x0000000000001804        0x0
 .eh_frame      0x0000000000001804        0x0 /Applications/MCUXpressoIDE_11.6.0_8187/ide/plugins/com.nxp.mcuxpresso.tools.macosx_11.6.0.202112161359/tools/bin/../lib/gcc/arm-none-eabi/10.3.1/thumb/v7-m/nofp/crtbegin.o

.data_RAM2      0x0000000002008000        0x0 load address 0x0000000000001804
 FILL mask 0xff
                [!provide]                        PROVIDE (__start_data_RAM2 = .)
                [!provide]                        PROVIDE (__start_data_Ram2_4 = .)
 *(.ramfunc.$RAM2)
 *(.ramfunc.$Ram2_4)
 *(.data.$RAM2)
 *(.data.$Ram2_4)
 *(.data.$RAM2.*)
 *(.data.$Ram2_4.*)
                0x0000000002008000                . = ALIGN (0x4)
                [!provide]                        PROVIDE (__end_data_RAM2 = .)
                [!provide]                        PROVIDE (__end_data_Ram2_4 = .)

.uninit_RESERVED
                0x0000000002000000        0x0
                0x0000000002000000                _start_uninit_RESERVED = .
 *(.bss.$RESERVED*)
                0x0000000002000000                . = ALIGN (0x4)
                0x0000000002000000                _end_uninit_RESERVED = .

.data           0x0000000002000000        0x0 load address 0x0000000000001804
 FILL mask 0xff
                0x0000000002000000                _data = .
                [!provide]                        PROVIDE (__start_data_RAM = .)
                [!provide]                        PROVIDE (__start_data_Ram0_16_32 = .)
 *(vtable)
 *(.ramfunc*)
 *(CodeQuickAccess)
 *(DataQuickAccess)
 *(RamFunction)
 *(.data*)
                0x0000000002000000                . = ALIGN (0x4)
                0x0000000002000000                _edata = .
                [!provide]                        PROVIDE (__end_data_RAM = .)
                [!provide]                        PROVIDE (__end_data_Ram0_16_32 = .)

.igot.plt       0x0000000002000000        0x0 load address 0x0000000000001804
 .igot.plt      0x0000000002000000        0x0 ./src/cr_startup_lpc15xx.o

.bss_RAM2       0x0000000002008000        0x0
                [!provide]                        PROVIDE (__start_bss_RAM2 = .)
                [!provide]                        PROVIDE (__start_bss_Ram2_4 = .)
 *(.bss.$RAM2)
 *(.bss.$Ram2_4)
 *(.bss.$RAM2.*)
 *(.bss.$Ram2_4.*)
                0x0000000002008000                . = ALIGN ((. != 0x0)?0x4:0x1)
                [!provide]                        PROVIDE (__end_bss_RAM2 = .)
                [!provide]                        PROVIDE (__end_bss_Ram2_4 = .)

.bss            0x0000000002000000       0x24
                0x0000000002000000                _bss = .
                [!provide]                        PROVIDE (__start_bss_RAM = .)
                [!provide]                        PROVIDE (__start_bss_Ram0_16_32 = .)
 *(.bss*)
 .bss._ZL7counter
                0x0000000002000000        0x4 ./src/lab1.o
 .bss.SystemCoreClock
                0x0000000002000004        0x4 /Users/DBY/Metro_SemesterV/Embedded Programming/MCUXpressoIDE_11.6.0_8187/workspace/lpc_chip_15xx/Debug/liblpc_chip_15xx.a(chip_15xx.o)
                0x0000000002000004                SystemCoreClock
 .bss           0x0000000002000008       0x1c /Applications/MCUXpressoIDE_11.6.0_8187/ide/plugins/com.nxp.mcuxpresso.tools.macosx_11.6.0.202112161359/tools/bin/../lib/gcc/arm-none-eabi/10.3.1/thumb/v7-m/nofp/crtbegin.o
 *(COMMON)
                0x0000000002000024                . = ALIGN (0x4)
                0x0000000002000024                _ebss = .
                [!provide]                        PROVIDE (__end_bss_RAM = .)
                [!provide]                        PROVIDE (__end_bss_Ram0_16_32 = .)
                [!provide]                        PROVIDE (end = .)

.noinit_RAM2    0x0000000002008000        0x0
                [!provide]                        PROVIDE (__start_noinit_RAM2 = .)
                [!provide]                        PROVIDE (__start_noinit_Ram2_4 = .)
 *(.noinit.$RAM2)
 *(.noinit.$Ram2_4)
 *(.noinit.$RAM2.*)
 *(.noinit.$Ram2_4.*)
                0x0000000002008000                . = ALIGN (0x4)
                [!provide]                        PROVIDE (__end_noinit_RAM2 = .)
                [!provide]                        PROVIDE (__end_noinit_Ram2_4 = .)

.noinit         0x0000000002000024        0x0
                0x0000000002000024                _noinit = .
                [!provide]                        PROVIDE (__start_noinit_RAM = .)
                [!provide]                        PROVIDE (__start_noinit_Ram0_16_32 = .)
 *(.noinit*)
                0x0000000002000024                . = ALIGN (0x4)
                0x0000000002000024                _end_noinit = .
                [!provide]                        PROVIDE (__end_noinit_RAM = .)
                [!provide]                        PROVIDE (__end_noinit_Ram0_16_32 = .)
                0x0000000002000024                PROVIDE (_pvHeapStart = DEFINED (__user_heap_base)?__user_heap_base:.)
                0x0000000002008000                PROVIDE (_vStackTop = DEFINED (__user_stack_top)?__user_stack_top:(__top_Ram0_16_32 - 0x0))
                0xfffffffffdff735a                PROVIDE (__valid_user_code_checksum = (0x0 - ((((((_vStackTop + (ResetISR + 0x1)) + (NMI_Handler + 0x1)) + (HardFault_Handler + 0x1)) + (DEFINED (MemManage_Handler)?MemManage_Handler:0x0 + 0x1)) + (DEFINED (BusFault_Handler)?BusFault_Handler:0x0 + 0x1)) + (DEFINED (UsageFault_Handler)?UsageFault_Handler:0x0 + 0x1))))
                0x0000000000000000                _image_start = LOADADDR (.text)
                0x0000000000001804                _image_end = (LOADADDR (.data) + SIZEOF (.data))
                0x0000000000001804                _image_size = (_image_end - _image_start)
OUTPUT(lab1.axf elf32-littlearm)
LOAD linker stubs

.debug_info     0x0000000000000000     0x70ac
 .debug_info    0x0000000000000000      0x2ac ./src/cr_startup_lpc15xx.o
 .debug_info    0x00000000000002ac       0x40 ./src/crp.o
 .debug_info    0x00000000000002ec     0x19e8 ./src/lab1.o
 .debug_info    0x0000000000001cd4       0x90 ./src/sysinit.o
 .debug_info    0x0000000000001d64      0xad6 /Users/DBY/Metro_SemesterV/Embedded Programming/MCUXpressoIDE_11.6.0_8187/workspace/lpc_board_nxp_lpcxpresso_1549/Debug/liblpc_board_nxp_lpcxpresso_1549.a(board.o)
 .debug_info    0x000000000000283a      0xc8e /Users/DBY/Metro_SemesterV/Embedded Programming/MCUXpressoIDE_11.6.0_8187/workspace/lpc_board_nxp_lpcxpresso_1549/Debug/liblpc_board_nxp_lpcxpresso_1549.a(board_sysinit.o)
 .debug_info    0x00000000000034c8      0x97f /Users/DBY/Metro_SemesterV/Embedded Programming/MCUXpressoIDE_11.6.0_8187/workspace/lpc_chip_15xx/Debug/liblpc_chip_15xx.a(chip_15xx.o)
 .debug_info    0x0000000000003e47      0xd86 /Users/DBY/Metro_SemesterV/Embedded Programming/MCUXpressoIDE_11.6.0_8187/workspace/lpc_chip_15xx/Debug/liblpc_chip_15xx.a(clock_15xx.o)
 .debug_info    0x0000000000004bcd      0x600 /Users/DBY/Metro_SemesterV/Embedded Programming/MCUXpressoIDE_11.6.0_8187/workspace/lpc_chip_15xx/Debug/liblpc_chip_15xx.a(gpio_15xx.o)
 .debug_info    0x00000000000051cd      0x1cb /Users/DBY/Metro_SemesterV/Embedded Programming/MCUXpressoIDE_11.6.0_8187/workspace/lpc_chip_15xx/Debug/liblpc_chip_15xx.a(iocon_15xx.o)
 .debug_info    0x0000000000005398      0x5ca /Users/DBY/Metro_SemesterV/Embedded Programming/MCUXpressoIDE_11.6.0_8187/workspace/lpc_chip_15xx/Debug/liblpc_chip_15xx.a(swm_15xx.o)
 .debug_info    0x0000000000005962      0x731 /Users/DBY/Metro_SemesterV/Embedded Programming/MCUXpressoIDE_11.6.0_8187/workspace/lpc_chip_15xx/Debug/liblpc_chip_15xx.a(sysctl_15xx.o)
 .debug_info    0x0000000000006093      0x70b /Users/DBY/Metro_SemesterV/Embedded Programming/MCUXpressoIDE_11.6.0_8187/workspace/lpc_chip_15xx/Debug/liblpc_chip_15xx.a(sysinit_15xx.o)
 .debug_info    0x000000000000679e      0x90e /Users/DBY/Metro_SemesterV/Embedded Programming/MCUXpressoIDE_11.6.0_8187/workspace/lpc_chip_15xx/Debug/liblpc_chip_15xx.a(uart_15xx.o)

.debug_abbrev   0x0000000000000000     0x1819
 .debug_abbrev  0x0000000000000000      0x125 ./src/cr_startup_lpc15xx.o
 .debug_abbrev  0x0000000000000125       0x38 ./src/crp.o
 .debug_abbrev  0x000000000000015d      0x4dd ./src/lab1.o
 .debug_abbrev  0x000000000000063a       0x47 ./src/sysinit.o
 .debug_abbrev  0x0000000000000681      0x23e /Users/DBY/Metro_SemesterV/Embedded Programming/MCUXpressoIDE_11.6.0_8187/workspace/lpc_board_nxp_lpcxpresso_1549/Debug/liblpc_board_nxp_lpcxpresso_1549.a(board.o)
 .debug_abbrev  0x00000000000008bf      0x232 /Users/DBY/Metro_SemesterV/Embedded Programming/MCUXpressoIDE_11.6.0_8187/workspace/lpc_board_nxp_lpcxpresso_1549/Debug/liblpc_board_nxp_lpcxpresso_1549.a(board_sysinit.o)
 .debug_abbrev  0x0000000000000af1      0x1c8 /Users/DBY/Metro_SemesterV/Embedded Programming/MCUXpressoIDE_11.6.0_8187/workspace/lpc_chip_15xx/Debug/liblpc_chip_15xx.a(chip_15xx.o)
 .debug_abbrev  0x0000000000000cb9      0x2c6 /Users/DBY/Metro_SemesterV/Embedded Programming/MCUXpressoIDE_11.6.0_8187/workspace/lpc_chip_15xx/Debug/liblpc_chip_15xx.a(clock_15xx.o)
 .debug_abbrev  0x0000000000000f7f      0x15d /Users/DBY/Metro_SemesterV/Embedded Programming/MCUXpressoIDE_11.6.0_8187/workspace/lpc_chip_15xx/Debug/liblpc_chip_15xx.a(gpio_15xx.o)
 .debug_abbrev  0x00000000000010dc      0x129 /Users/DBY/Metro_SemesterV/Embedded Programming/MCUXpressoIDE_11.6.0_8187/workspace/lpc_chip_15xx/Debug/liblpc_chip_15xx.a(iocon_15xx.o)
 .debug_abbrev  0x0000000000001205      0x14e /Users/DBY/Metro_SemesterV/Embedded Programming/MCUXpressoIDE_11.6.0_8187/workspace/lpc_chip_15xx/Debug/liblpc_chip_15xx.a(swm_15xx.o)
 .debug_abbrev  0x0000000000001353      0x11f /Users/DBY/Metro_SemesterV/Embedded Programming/MCUXpressoIDE_11.6.0_8187/workspace/lpc_chip_15xx/Debug/liblpc_chip_15xx.a(sysctl_15xx.o)
 .debug_abbrev  0x0000000000001472      0x1a8 /Users/DBY/Metro_SemesterV/Embedded Programming/MCUXpressoIDE_11.6.0_8187/workspace/lpc_chip_15xx/Debug/liblpc_chip_15xx.a(sysinit_15xx.o)
 .debug_abbrev  0x000000000000161a      0x1ff /Users/DBY/Metro_SemesterV/Embedded Programming/MCUXpressoIDE_11.6.0_8187/workspace/lpc_chip_15xx/Debug/liblpc_chip_15xx.a(uart_15xx.o)

.debug_aranges  0x0000000000000000      0x638
 .debug_aranges
                0x0000000000000000       0x80 ./src/cr_startup_lpc15xx.o
 .debug_aranges
                0x0000000000000080       0x18 ./src/crp.o
 .debug_aranges
                0x0000000000000098       0x90 ./src/lab1.o
 .debug_aranges
                0x0000000000000128       0x20 ./src/sysinit.o
 .debug_aranges
                0x0000000000000148       0xd0 /Users/DBY/Metro_SemesterV/Embedded Programming/MCUXpressoIDE_11.6.0_8187/workspace/lpc_board_nxp_lpcxpresso_1549/Debug/liblpc_board_nxp_lpcxpresso_1549.a(board.o)
 .debug_aranges
                0x0000000000000218       0x60 /Users/DBY/Metro_SemesterV/Embedded Programming/MCUXpressoIDE_11.6.0_8187/workspace/lpc_board_nxp_lpcxpresso_1549/Debug/liblpc_board_nxp_lpcxpresso_1549.a(board_sysinit.o)
 .debug_aranges
                0x0000000000000278       0x50 /Users/DBY/Metro_SemesterV/Embedded Programming/MCUXpressoIDE_11.6.0_8187/workspace/lpc_chip_15xx/Debug/liblpc_chip_15xx.a(chip_15xx.o)
 .debug_aranges
                0x00000000000002c8      0x128 /Users/DBY/Metro_SemesterV/Embedded Programming/MCUXpressoIDE_11.6.0_8187/workspace/lpc_chip_15xx/Debug/liblpc_chip_15xx.a(clock_15xx.o)
 .debug_aranges
                0x00000000000003f0       0x70 /Users/DBY/Metro_SemesterV/Embedded Programming/MCUXpressoIDE_11.6.0_8187/workspace/lpc_chip_15xx/Debug/liblpc_chip_15xx.a(gpio_15xx.o)
 .debug_aranges
                0x0000000000000460       0x28 /Users/DBY/Metro_SemesterV/Embedded Programming/MCUXpressoIDE_11.6.0_8187/workspace/lpc_chip_15xx/Debug/liblpc_chip_15xx.a(iocon_15xx.o)
 .debug_aranges
                0x0000000000000488       0x40 /Users/DBY/Metro_SemesterV/Embedded Programming/MCUXpressoIDE_11.6.0_8187/workspace/lpc_chip_15xx/Debug/liblpc_chip_15xx.a(swm_15xx.o)
 .debug_aranges
                0x00000000000004c8       0x50 /Users/DBY/Metro_SemesterV/Embedded Programming/MCUXpressoIDE_11.6.0_8187/workspace/lpc_chip_15xx/Debug/liblpc_chip_15xx.a(sysctl_15xx.o)
 .debug_aranges
                0x0000000000000518       0x58 /Users/DBY/Metro_SemesterV/Embedded Programming/MCUXpressoIDE_11.6.0_8187/workspace/lpc_chip_15xx/Debug/liblpc_chip_15xx.a(sysinit_15xx.o)
 .debug_aranges
                0x0000000000000570       0xc8 /Users/DBY/Metro_SemesterV/Embedded Programming/MCUXpressoIDE_11.6.0_8187/workspace/lpc_chip_15xx/Debug/liblpc_chip_15xx.a(uart_15xx.o)

.debug_ranges   0x0000000000000000      0x550
 .debug_ranges  0x0000000000000000       0x70 ./src/cr_startup_lpc15xx.o
 .debug_ranges  0x0000000000000070       0x80 ./src/lab1.o
 .debug_ranges  0x00000000000000f0       0x10 ./src/sysinit.o
 .debug_ranges  0x0000000000000100       0xc0 /Users/DBY/Metro_SemesterV/Embedded Programming/MCUXpressoIDE_11.6.0_8187/workspace/lpc_board_nxp_lpcxpresso_1549/Debug/liblpc_board_nxp_lpcxpresso_1549.a(board.o)
 .debug_ranges  0x00000000000001c0       0x50 /Users/DBY/Metro_SemesterV/Embedded Programming/MCUXpressoIDE_11.6.0_8187/workspace/lpc_board_nxp_lpcxpresso_1549/Debug/liblpc_board_nxp_lpcxpresso_1549.a(board_sysinit.o)
 .debug_ranges  0x0000000000000210       0x40 /Users/DBY/Metro_SemesterV/Embedded Programming/MCUXpressoIDE_11.6.0_8187/workspace/lpc_chip_15xx/Debug/liblpc_chip_15xx.a(chip_15xx.o)
 .debug_ranges  0x0000000000000250      0x118 /Users/DBY/Metro_SemesterV/Embedded Programming/MCUXpressoIDE_11.6.0_8187/workspace/lpc_chip_15xx/Debug/liblpc_chip_15xx.a(clock_15xx.o)
 .debug_ranges  0x0000000000000368       0x60 /Users/DBY/Metro_SemesterV/Embedded Programming/MCUXpressoIDE_11.6.0_8187/workspace/lpc_chip_15xx/Debug/liblpc_chip_15xx.a(gpio_15xx.o)
 .debug_ranges  0x00000000000003c8       0x18 /Users/DBY/Metro_SemesterV/Embedded Programming/MCUXpressoIDE_11.6.0_8187/workspace/lpc_chip_15xx/Debug/liblpc_chip_15xx.a(iocon_15xx.o)
 .debug_ranges  0x00000000000003e0       0x30 /Users/DBY/Metro_SemesterV/Embedded Programming/MCUXpressoIDE_11.6.0_8187/workspace/lpc_chip_15xx/Debug/liblpc_chip_15xx.a(swm_15xx.o)
 .debug_ranges  0x0000000000000410       0x40 /Users/DBY/Metro_SemesterV/Embedded Programming/MCUXpressoIDE_11.6.0_8187/workspace/lpc_chip_15xx/Debug/liblpc_chip_15xx.a(sysctl_15xx.o)
 .debug_ranges  0x0000000000000450       0x48 /Users/DBY/Metro_SemesterV/Embedded Programming/MCUXpressoIDE_11.6.0_8187/workspace/lpc_chip_15xx/Debug/liblpc_chip_15xx.a(sysinit_15xx.o)
 .debug_ranges  0x0000000000000498       0xb8 /Users/DBY/Metro_SemesterV/Embedded Programming/MCUXpressoIDE_11.6.0_8187/workspace/lpc_chip_15xx/Debug/liblpc_chip_15xx.a(uart_15xx.o)

.debug_macro    0x0000000000000000     0x783b
 .debug_macro   0x0000000000000000       0x23 ./src/cr_startup_lpc15xx.o
 .debug_macro   0x0000000000000023       0x1a ./src/crp.o
 .debug_macro   0x000000000000003d      0xa8a ./src/crp.o
 .debug_macro   0x0000000000000ac7       0x34 ./src/crp.o
 .debug_macro   0x0000000000000afb      0x3e1 ./src/lab1.o
 .debug_macro   0x0000000000000edc       0x1c ./src/lab1.o
 .debug_macro   0x0000000000000ef8       0x56 ./src/lab1.o
 .debug_macro   0x0000000000000f4e       0x51 ./src/lab1.o
 .debug_macro   0x0000000000000f9f      0x103 ./src/lab1.o
 .debug_macro   0x00000000000010a2       0x6a ./src/lab1.o
 .debug_macro   0x000000000000110c      0x1df ./src/lab1.o
 .debug_macro   0x00000000000012eb       0x16 ./src/lab1.o
 .debug_macro   0x0000000000001301       0x7b ./src/lab1.o
 .debug_macro   0x000000000000137c       0x10 ./src/lab1.o
 .debug_macro   0x000000000000138c       0x2d ./src/lab1.o
 .debug_macro   0x00000000000013b9       0x3a ./src/lab1.o
 .debug_macro   0x00000000000013f3       0x2d ./src/lab1.o
 .debug_macro   0x0000000000001420      0xa7d ./src/lab1.o
 .debug_macro   0x0000000000001e9d      0x1b4 ./src/lab1.o
 .debug_macro   0x0000000000002051       0xca ./src/lab1.o
 .debug_macro   0x000000000000211b       0x18 ./src/lab1.o
 .debug_macro   0x0000000000002133       0xb2 ./src/lab1.o
 .debug_macro   0x00000000000021e5       0x70 ./src/lab1.o
 .debug_macro   0x0000000000002255       0x46 ./src/lab1.o
 .debug_macro   0x000000000000229b       0xd0 ./src/lab1.o
 .debug_macro   0x000000000000236b       0x40 ./src/lab1.o
 .debug_macro   0x00000000000023ab      0x233 ./src/lab1.o
 .debug_macro   0x00000000000025de       0x16 ./src/lab1.o
 .debug_macro   0x00000000000025f4       0x88 ./src/lab1.o
 .debug_macro   0x000000000000267c       0x34 ./src/lab1.o
 .debug_macro   0x00000000000026b0       0x6a ./src/lab1.o
 .debug_macro   0x000000000000271a       0x40 ./src/lab1.o
 .debug_macro   0x000000000000275a       0x1c ./src/lab1.o
 .debug_macro   0x0000000000002776       0x16 ./src/lab1.o
 .debug_macro   0x000000000000278c      0x10c ./src/lab1.o
 .debug_macro   0x0000000000002898      0x2a9 ./src/lab1.o
 .debug_macro   0x0000000000002b41       0x76 ./src/lab1.o
 .debug_macro   0x0000000000002bb7       0x22 ./src/lab1.o
 .debug_macro   0x0000000000002bd9      0x152 ./src/lab1.o
 .debug_macro   0x0000000000002d2b       0x82 ./src/lab1.o
 .debug_macro   0x0000000000002dad       0xe6 ./src/lab1.o
 .debug_macro   0x0000000000002e93       0x3a ./src/lab1.o
 .debug_macro   0x0000000000002ecd       0x34 ./src/lab1.o
 .debug_macro   0x0000000000002f01       0x10 ./src/lab1.o
 .debug_macro   0x0000000000002f11       0x76 ./src/lab1.o
 .debug_macro   0x0000000000002f87       0x58 ./src/lab1.o
 .debug_macro   0x0000000000002fdf      0x2ca ./src/lab1.o
 .debug_macro   0x00000000000032a9      0x22b ./src/lab1.o
 .debug_macro   0x00000000000034d4       0x2e ./src/lab1.o
 .debug_macro   0x0000000000003502       0x34 ./src/lab1.o
 .debug_macro   0x0000000000003536       0x64 ./src/lab1.o
 .debug_macro   0x000000000000359a       0x16 ./src/lab1.o
 .debug_macro   0x00000000000035b0       0x97 ./src/lab1.o
 .debug_macro   0x0000000000003647      0x104 ./src/lab1.o
 .debug_macro   0x000000000000374b       0x10 ./src/lab1.o
 .debug_macro   0x000000000000375b       0xbe ./src/lab1.o
 .debug_macro   0x0000000000003819       0x16 ./src/lab1.o
 .debug_macro   0x000000000000382f      0x114 ./src/lab1.o
 .debug_macro   0x0000000000003943       0x20 ./src/lab1.o
 .debug_macro   0x0000000000003963       0x82 ./src/lab1.o
 .debug_macro   0x00000000000039e5       0x46 ./src/lab1.o
 .debug_macro   0x0000000000003a2b       0x1f ./src/lab1.o
 .debug_macro   0x0000000000003a4a       0x12 ./src/lab1.o
 .debug_macro   0x0000000000003a5c       0x1f ./src/lab1.o
 .debug_macro   0x0000000000003a7b       0x12 ./src/lab1.o
 .debug_macro   0x0000000000003a8d      0x36b ./src/sysinit.o
 .debug_macro   0x0000000000003df8       0x22 ./src/sysinit.o
 .debug_macro   0x0000000000003e1a      0xa7d ./src/sysinit.o
 .debug_macro   0x0000000000004897       0x34 ./src/sysinit.o
 .debug_macro   0x00000000000048cb       0x97 ./src/sysinit.o
 .debug_macro   0x0000000000004962      0x341 ./src/sysinit.o
 .debug_macro   0x0000000000004ca3       0xfd ./src/sysinit.o
 .debug_macro   0x0000000000004da0       0x43 ./src/sysinit.o
 .debug_macro   0x0000000000004de3      0x129 ./src/sysinit.o
 .debug_macro   0x0000000000004f0c      0x284 /Users/DBY/Metro_SemesterV/Embedded Programming/MCUXpressoIDE_11.6.0_8187/workspace/lpc_board_nxp_lpcxpresso_1549/Debug/liblpc_board_nxp_lpcxpresso_1549.a(board.o)
 .debug_macro   0x0000000000005190      0xa78 /Users/DBY/Metro_SemesterV/Embedded Programming/MCUXpressoIDE_11.6.0_8187/workspace/lpc_board_nxp_lpcxpresso_1549/Debug/liblpc_board_nxp_lpcxpresso_1549.a(board.o)
 .debug_macro   0x0000000000005c08       0x10 /Users/DBY/Metro_SemesterV/Embedded Programming/MCUXpressoIDE_11.6.0_8187/workspace/lpc_board_nxp_lpcxpresso_1549/Debug/liblpc_board_nxp_lpcxpresso_1549.a(board.o)
 .debug_macro   0x0000000000005c18      0x12e /Users/DBY/Metro_SemesterV/Embedded Programming/MCUXpressoIDE_11.6.0_8187/workspace/lpc_board_nxp_lpcxpresso_1549/Debug/liblpc_board_nxp_lpcxpresso_1549.a(board.o)
 .debug_macro   0x0000000000005d46      0x5b3 /Users/DBY/Metro_SemesterV/Embedded Programming/MCUXpressoIDE_11.6.0_8187/workspace/lpc_board_nxp_lpcxpresso_1549/Debug/liblpc_board_nxp_lpcxpresso_1549.a(board.o)
 .debug_macro   0x00000000000062f9       0x22 /Users/DBY/Metro_SemesterV/Embedded Programming/MCUXpressoIDE_11.6.0_8187/workspace/lpc_board_nxp_lpcxpresso_1549/Debug/liblpc_board_nxp_lpcxpresso_1549.a(board.o)
 .debug_macro   0x000000000000631b       0x9a /Users/DBY/Metro_SemesterV/Embedded Programming/MCUXpressoIDE_11.6.0_8187/workspace/lpc_board_nxp_lpcxpresso_1549/Debug/liblpc_board_nxp_lpcxpresso_1549.a(board.o)
 .debug_macro   0x00000000000063b5       0x12 /Users/DBY/Metro_SemesterV/Embedded Programming/MCUXpressoIDE_11.6.0_8187/workspace/lpc_board_nxp_lpcxpresso_1549/Debug/liblpc_board_nxp_lpcxpresso_1549.a(board.o)
 .debug_macro   0x00000000000063c7      0x288 /Users/DBY/Metro_SemesterV/Embedded Programming/MCUXpressoIDE_11.6.0_8187/workspace/lpc_board_nxp_lpcxpresso_1549/Debug/liblpc_board_nxp_lpcxpresso_1549.a(board_sysinit.o)
 .debug_macro   0x000000000000664f      0x239 /Users/DBY/Metro_SemesterV/Embedded Programming/MCUXpressoIDE_11.6.0_8187/workspace/lpc_chip_15xx/Debug/liblpc_chip_15xx.a(chip_15xx.o)
 .debug_macro   0x0000000000006888      0x239 /Users/DBY/Metro_SemesterV/Embedded Programming/MCUXpressoIDE_11.6.0_8187/workspace/lpc_chip_15xx/Debug/liblpc_chip_15xx.a(clock_15xx.o)
 .debug_macro   0x0000000000006ac1      0x239 /Users/DBY/Metro_SemesterV/Embedded Programming/MCUXpressoIDE_11.6.0_8187/workspace/lpc_chip_15xx/Debug/liblpc_chip_15xx.a(gpio_15xx.o)
 .debug_macro   0x0000000000006cfa      0x239 /Users/DBY/Metro_SemesterV/Embedded Programming/MCUXpressoIDE_11.6.0_8187/workspace/lpc_chip_15xx/Debug/liblpc_chip_15xx.a(iocon_15xx.o)
 .debug_macro   0x0000000000006f33      0x245 /Users/DBY/Metro_SemesterV/Embedded Programming/MCUXpressoIDE_11.6.0_8187/workspace/lpc_chip_15xx/Debug/liblpc_chip_15xx.a(swm_15xx.o)
 .debug_macro   0x0000000000007178      0x251 /Users/DBY/Metro_SemesterV/Embedded Programming/MCUXpressoIDE_11.6.0_8187/workspace/lpc_chip_15xx/Debug/liblpc_chip_15xx.a(sysctl_15xx.o)
 .debug_macro   0x00000000000073c9      0x239 /Users/DBY/Metro_SemesterV/Embedded Programming/MCUXpressoIDE_11.6.0_8187/workspace/lpc_chip_15xx/Debug/liblpc_chip_15xx.a(sysinit_15xx.o)
 .debug_macro   0x0000000000007602      0x239 /Users/DBY/Metro_SemesterV/Embedded Programming/MCUXpressoIDE_11.6.0_8187/workspace/lpc_chip_15xx/Debug/liblpc_chip_15xx.a(uart_15xx.o)

.debug_line     0x0000000000000000     0x5a2e
 .debug_line    0x0000000000000000      0x172 ./src/cr_startup_lpc15xx.o
 .debug_line    0x0000000000000172       0xbe ./src/crp.o
 .debug_line    0x0000000000000230      0xc43 ./src/lab1.o
 .debug_line    0x0000000000000e73      0x776 ./src/sysinit.o
 .debug_line    0x00000000000015e9      0x89d /Users/DBY/Metro_SemesterV/Embedded Programming/MCUXpressoIDE_11.6.0_8187/workspace/lpc_board_nxp_lpcxpresso_1549/Debug/liblpc_board_nxp_lpcxpresso_1549.a(board.o)
 .debug_line    0x0000000000001e86      0x6dd /Users/DBY/Metro_SemesterV/Embedded Programming/MCUXpressoIDE_11.6.0_8187/workspace/lpc_board_nxp_lpcxpresso_1549/Debug/liblpc_board_nxp_lpcxpresso_1549.a(board_sysinit.o)
 .debug_line    0x0000000000002563      0x5b9 /Users/DBY/Metro_SemesterV/Embedded Programming/MCUXpressoIDE_11.6.0_8187/workspace/lpc_chip_15xx/Debug/liblpc_chip_15xx.a(chip_15xx.o)
 .debug_line    0x0000000000002b1c      0x9de /Users/DBY/Metro_SemesterV/Embedded Programming/MCUXpressoIDE_11.6.0_8187/workspace/lpc_chip_15xx/Debug/liblpc_chip_15xx.a(clock_15xx.o)
 .debug_line    0x00000000000034fa      0x62f /Users/DBY/Metro_SemesterV/Embedded Programming/MCUXpressoIDE_11.6.0_8187/workspace/lpc_chip_15xx/Debug/liblpc_chip_15xx.a(gpio_15xx.o)
 .debug_line    0x0000000000003b29      0x536 /Users/DBY/Metro_SemesterV/Embedded Programming/MCUXpressoIDE_11.6.0_8187/workspace/lpc_chip_15xx/Debug/liblpc_chip_15xx.a(iocon_15xx.o)
 .debug_line    0x000000000000405f      0x5a1 /Users/DBY/Metro_SemesterV/Embedded Programming/MCUXpressoIDE_11.6.0_8187/workspace/lpc_chip_15xx/Debug/liblpc_chip_15xx.a(swm_15xx.o)
 .debug_line    0x0000000000004600      0x5f6 /Users/DBY/Metro_SemesterV/Embedded Programming/MCUXpressoIDE_11.6.0_8187/workspace/lpc_chip_15xx/Debug/liblpc_chip_15xx.a(sysctl_15xx.o)
 .debug_line    0x0000000000004bf6      0x617 /Users/DBY/Metro_SemesterV/Embedded Programming/MCUXpressoIDE_11.6.0_8187/workspace/lpc_chip_15xx/Debug/liblpc_chip_15xx.a(sysinit_15xx.o)
 .debug_line    0x000000000000520d      0x821 /Users/DBY/Metro_SemesterV/Embedded Programming/MCUXpressoIDE_11.6.0_8187/workspace/lpc_chip_15xx/Debug/liblpc_chip_15xx.a(uart_15xx.o)

.debug_str      0x0000000000000000    0x19e66
 .debug_str     0x0000000000000000     0x3231 ./src/cr_startup_lpc15xx.o
                                       0x3254 (size before relaxing)
 .debug_str     0x0000000000003231      0x2d7 ./src/crp.o
                                       0x2e1a (size before relaxing)
 .debug_str     0x0000000000003508    0x1299c ./src/lab1.o
                                      0x15cf0 (size before relaxing)
 .debug_str     0x0000000000015ea4      0x13e ./src/sysinit.o
                                      0x12492 (size before relaxing)
 .debug_str     0x0000000000015fe2     0x2321 /Users/DBY/Metro_SemesterV/Embedded Programming/MCUXpressoIDE_11.6.0_8187/workspace/lpc_board_nxp_lpcxpresso_1549/Debug/liblpc_board_nxp_lpcxpresso_1549.a(board.o)
                                      0x106e3 (size before relaxing)
 .debug_str     0x0000000000018303      0x5fe /Users/DBY/Metro_SemesterV/Embedded Programming/MCUXpressoIDE_11.6.0_8187/workspace/lpc_board_nxp_lpcxpresso_1549/Debug/liblpc_board_nxp_lpcxpresso_1549.a(board_sysinit.o)
                                      0x10cbe (size before relaxing)
 .debug_str     0x0000000000018901      0x174 /Users/DBY/Metro_SemesterV/Embedded Programming/MCUXpressoIDE_11.6.0_8187/workspace/lpc_chip_15xx/Debug/liblpc_chip_15xx.a(chip_15xx.o)
                                      0x10413 (size before relaxing)
 .debug_str     0x0000000000018a75      0x89d /Users/DBY/Metro_SemesterV/Embedded Programming/MCUXpressoIDE_11.6.0_8187/workspace/lpc_chip_15xx/Debug/liblpc_chip_15xx.a(clock_15xx.o)
                                      0x1082a (size before relaxing)
 .debug_str     0x0000000000019312       0xdf /Users/DBY/Metro_SemesterV/Embedded Programming/MCUXpressoIDE_11.6.0_8187/workspace/lpc_chip_15xx/Debug/liblpc_chip_15xx.a(gpio_15xx.o)
                                       0xfec0 (size before relaxing)
 .debug_str     0x00000000000193f1       0x41 /Users/DBY/Metro_SemesterV/Embedded Programming/MCUXpressoIDE_11.6.0_8187/workspace/lpc_chip_15xx/Debug/liblpc_chip_15xx.a(iocon_15xx.o)
                                       0xf9dd (size before relaxing)
 .debug_str     0x0000000000019432      0x55d /Users/DBY/Metro_SemesterV/Embedded Programming/MCUXpressoIDE_11.6.0_8187/workspace/lpc_chip_15xx/Debug/liblpc_chip_15xx.a(swm_15xx.o)
                                      0x103e5 (size before relaxing)
 .debug_str     0x000000000001998f      0x183 /Users/DBY/Metro_SemesterV/Embedded Programming/MCUXpressoIDE_11.6.0_8187/workspace/lpc_chip_15xx/Debug/liblpc_chip_15xx.a(sysctl_15xx.o)
                                       0xfeca (size before relaxing)
 .debug_str     0x0000000000019b12      0x13f /Users/DBY/Metro_SemesterV/Embedded Programming/MCUXpressoIDE_11.6.0_8187/workspace/lpc_chip_15xx/Debug/liblpc_chip_15xx.a(sysinit_15xx.o)
                                       0xfeb9 (size before relaxing)
 .debug_str     0x0000000000019c51      0x215 /Users/DBY/Metro_SemesterV/Embedded Programming/MCUXpressoIDE_11.6.0_8187/workspace/lpc_chip_15xx/Debug/liblpc_chip_15xx.a(uart_15xx.o)
                                      0x10029 (size before relaxing)

.comment        0x0000000000000000       0x49
 .comment       0x0000000000000000       0x49 ./src/cr_startup_lpc15xx.o
                                         0x4a (size before relaxing)
 .comment       0x0000000000000049       0x4a ./src/crp.o
 .comment       0x0000000000000049       0x4a ./src/lab1.o
 .comment       0x0000000000000049       0x4a ./src/sysinit.o
 .comment       0x0000000000000049       0x4a /Users/DBY/Metro_SemesterV/Embedded Programming/MCUXpressoIDE_11.6.0_8187/workspace/lpc_board_nxp_lpcxpresso_1549/Debug/liblpc_board_nxp_lpcxpresso_1549.a(board.o)
 .comment       0x0000000000000049       0x4a /Users/DBY/Metro_SemesterV/Embedded Programming/MCUXpressoIDE_11.6.0_8187/workspace/lpc_board_nxp_lpcxpresso_1549/Debug/liblpc_board_nxp_lpcxpresso_1549.a(board_sysinit.o)
 .comment       0x0000000000000049       0x4a /Users/DBY/Metro_SemesterV/Embedded Programming/MCUXpressoIDE_11.6.0_8187/workspace/lpc_chip_15xx/Debug/liblpc_chip_15xx.a(chip_15xx.o)
 .comment       0x0000000000000049       0x4a /Users/DBY/Metro_SemesterV/Embedded Programming/MCUXpressoIDE_11.6.0_8187/workspace/lpc_chip_15xx/Debug/liblpc_chip_15xx.a(clock_15xx.o)
 .comment       0x0000000000000049       0x4a /Users/DBY/Metro_SemesterV/Embedded Programming/MCUXpressoIDE_11.6.0_8187/workspace/lpc_chip_15xx/Debug/liblpc_chip_15xx.a(gpio_15xx.o)
 .comment       0x0000000000000049       0x4a /Users/DBY/Metro_SemesterV/Embedded Programming/MCUXpressoIDE_11.6.0_8187/workspace/lpc_chip_15xx/Debug/liblpc_chip_15xx.a(iocon_15xx.o)
 .comment       0x0000000000000049       0x4a /Users/DBY/Metro_SemesterV/Embedded Programming/MCUXpressoIDE_11.6.0_8187/workspace/lpc_chip_15xx/Debug/liblpc_chip_15xx.a(swm_15xx.o)
 .comment       0x0000000000000049       0x4a /Users/DBY/Metro_SemesterV/Embedded Programming/MCUXpressoIDE_11.6.0_8187/workspace/lpc_chip_15xx/Debug/liblpc_chip_15xx.a(sysctl_15xx.o)
 .comment       0x0000000000000049       0x4a /Users/DBY/Metro_SemesterV/Embedded Programming/MCUXpressoIDE_11.6.0_8187/workspace/lpc_chip_15xx/Debug/liblpc_chip_15xx.a(sysinit_15xx.o)
 .comment       0x0000000000000049       0x4a /Users/DBY/Metro_SemesterV/Embedded Programming/MCUXpressoIDE_11.6.0_8187/workspace/lpc_chip_15xx/Debug/liblpc_chip_15xx.a(uart_15xx.o)

.ARM.attributes
                0x0000000000000000       0x2b
 .ARM.attributes
                0x0000000000000000       0x2d ./src/cr_startup_lpc15xx.o
 .ARM.attributes
                0x000000000000002d       0x2d ./src/crp.o
 .ARM.attributes
                0x000000000000005a       0x2d ./src/lab1.o
 .ARM.attributes
                0x0000000000000087       0x2d ./src/sysinit.o
 .ARM.attributes
                0x00000000000000b4       0x2d /Users/DBY/Metro_SemesterV/Embedded Programming/MCUXpressoIDE_11.6.0_8187/workspace/lpc_board_nxp_lpcxpresso_1549/Debug/liblpc_board_nxp_lpcxpresso_1549.a(board.o)
 .ARM.attributes
                0x00000000000000e1       0x2d /Users/DBY/Metro_SemesterV/Embedded Programming/MCUXpressoIDE_11.6.0_8187/workspace/lpc_board_nxp_lpcxpresso_1549/Debug/liblpc_board_nxp_lpcxpresso_1549.a(board_sysinit.o)
 .ARM.attributes
                0x000000000000010e       0x2d /Users/DBY/Metro_SemesterV/Embedded Programming/MCUXpressoIDE_11.6.0_8187/workspace/lpc_chip_15xx/Debug/liblpc_chip_15xx.a(chip_15xx.o)
 .ARM.attributes
                0x000000000000013b       0x2d /Users/DBY/Metro_SemesterV/Embedded Programming/MCUXpressoIDE_11.6.0_8187/workspace/lpc_chip_15xx/Debug/liblpc_chip_15xx.a(clock_15xx.o)
 .ARM.attributes
                0x0000000000000168       0x2d /Users/DBY/Metro_SemesterV/Embedded Programming/MCUXpressoIDE_11.6.0_8187/workspace/lpc_chip_15xx/Debug/liblpc_chip_15xx.a(gpio_15xx.o)
 .ARM.attributes
                0x0000000000000195       0x2d /Users/DBY/Metro_SemesterV/Embedded Programming/MCUXpressoIDE_11.6.0_8187/workspace/lpc_chip_15xx/Debug/liblpc_chip_15xx.a(iocon_15xx.o)
 .ARM.attributes
                0x00000000000001c2       0x2d /Users/DBY/Metro_SemesterV/Embedded Programming/MCUXpressoIDE_11.6.0_8187/workspace/lpc_chip_15xx/Debug/liblpc_chip_15xx.a(swm_15xx.o)
 .ARM.attributes
                0x00000000000001ef       0x2d /Users/DBY/Metro_SemesterV/Embedded Programming/MCUXpressoIDE_11.6.0_8187/workspace/lpc_chip_15xx/Debug/liblpc_chip_15xx.a(sysctl_15xx.o)
 .ARM.attributes
                0x000000000000021c       0x2d /Users/DBY/Metro_SemesterV/Embedded Programming/MCUXpressoIDE_11.6.0_8187/workspace/lpc_chip_15xx/Debug/liblpc_chip_15xx.a(sysinit_15xx.o)
 .ARM.attributes
                0x0000000000000249       0x2d /Users/DBY/Metro_SemesterV/Embedded Programming/MCUXpressoIDE_11.6.0_8187/workspace/lpc_chip_15xx/Debug/liblpc_chip_15xx.a(uart_15xx.o)
 .ARM.attributes
                0x0000000000000276       0x1d /Applications/MCUXpressoIDE_11.6.0_8187/ide/plugins/com.nxp.mcuxpresso.tools.macosx_11.6.0.202112161359/tools/bin/../lib/gcc/arm-none-eabi/10.3.1/thumb/v7-m/nofp/libgcc.a(_aeabi_uldivmod.o)
 .ARM.attributes
                0x0000000000000293       0x2d /Applications/MCUXpressoIDE_11.6.0_8187/ide/plugins/com.nxp.mcuxpresso.tools.macosx_11.6.0.202112161359/tools/bin/../lib/gcc/arm-none-eabi/10.3.1/thumb/v7-m/nofp/libgcc.a(_udivmoddi4.o)
 .ARM.attributes
                0x00000000000002c0       0x1d /Applications/MCUXpressoIDE_11.6.0_8187/ide/plugins/com.nxp.mcuxpresso.tools.macosx_11.6.0.202112161359/tools/bin/../lib/gcc/arm-none-eabi/10.3.1/thumb/v7-m/nofp/libgcc.a(_dvmd_tls.o)
 .ARM.attributes
                0x00000000000002dd       0x2d /Applications/MCUXpressoIDE_11.6.0_8187/ide/plugins/com.nxp.mcuxpresso.tools.macosx_11.6.0.202112161359/tools/bin/../lib/gcc/arm-none-eabi/10.3.1/../../../../arm-none-eabi/lib/thumb/v7-m/nofp/libc.a(lib_a-init.o)
 .ARM.attributes
                0x000000000000030a       0x1d /Applications/MCUXpressoIDE_11.6.0_8187/ide/plugins/com.nxp.mcuxpresso.tools.macosx_11.6.0.202112161359/tools/bin/../lib/gcc/arm-none-eabi/10.3.1/thumb/v7-m/nofp/crti.o
 .ARM.attributes
                0x0000000000000327       0x1d /Applications/MCUXpressoIDE_11.6.0_8187/ide/plugins/com.nxp.mcuxpresso.tools.macosx_11.6.0.202112161359/tools/bin/../lib/gcc/arm-none-eabi/10.3.1/thumb/v7-m/nofp/crtn.o
 .ARM.attributes
                0x0000000000000344       0x2d /Applications/MCUXpressoIDE_11.6.0_8187/ide/plugins/com.nxp.mcuxpresso.tools.macosx_11.6.0.202112161359/tools/bin/../lib/gcc/arm-none-eabi/10.3.1/thumb/v7-m/nofp/crtbegin.o

.debug_frame    0x0000000000000000     0x1740
 .debug_frame   0x0000000000000000      0x170 ./src/cr_startup_lpc15xx.o
 .debug_frame   0x0000000000000170      0x238 ./src/lab1.o
 .debug_frame   0x00000000000003a8       0x2c ./src/sysinit.o
 .debug_frame   0x00000000000003d4      0x360 /Users/DBY/Metro_SemesterV/Embedded Programming/MCUXpressoIDE_11.6.0_8187/workspace/lpc_board_nxp_lpcxpresso_1549/Debug/liblpc_board_nxp_lpcxpresso_1549.a(board.o)
 .debug_frame   0x0000000000000734      0x14c /Users/DBY/Metro_SemesterV/Embedded Programming/MCUXpressoIDE_11.6.0_8187/workspace/lpc_board_nxp_lpcxpresso_1549/Debug/liblpc_board_nxp_lpcxpresso_1549.a(board_sysinit.o)
 .debug_frame   0x0000000000000880      0x104 /Users/DBY/Metro_SemesterV/Embedded Programming/MCUXpressoIDE_11.6.0_8187/workspace/lpc_chip_15xx/Debug/liblpc_chip_15xx.a(chip_15xx.o)
 .debug_frame   0x0000000000000984      0x4b8 /Users/DBY/Metro_SemesterV/Embedded Programming/MCUXpressoIDE_11.6.0_8187/workspace/lpc_chip_15xx/Debug/liblpc_chip_15xx.a(clock_15xx.o)
 .debug_frame   0x0000000000000e3c      0x1b4 /Users/DBY/Metro_SemesterV/Embedded Programming/MCUXpressoIDE_11.6.0_8187/workspace/lpc_chip_15xx/Debug/liblpc_chip_15xx.a(gpio_15xx.o)
 .debug_frame   0x0000000000000ff0       0x5c /Users/DBY/Metro_SemesterV/Embedded Programming/MCUXpressoIDE_11.6.0_8187/workspace/lpc_chip_15xx/Debug/liblpc_chip_15xx.a(iocon_15xx.o)
 .debug_frame   0x000000000000104c       0xd4 /Users/DBY/Metro_SemesterV/Embedded Programming/MCUXpressoIDE_11.6.0_8187/workspace/lpc_chip_15xx/Debug/liblpc_chip_15xx.a(swm_15xx.o)
 .debug_frame   0x0000000000001120      0x128 /Users/DBY/Metro_SemesterV/Embedded Programming/MCUXpressoIDE_11.6.0_8187/workspace/lpc_chip_15xx/Debug/liblpc_chip_15xx.a(sysctl_15xx.o)
 .debug_frame   0x0000000000001248      0x12c /Users/DBY/Metro_SemesterV/Embedded Programming/MCUXpressoIDE_11.6.0_8187/workspace/lpc_chip_15xx/Debug/liblpc_chip_15xx.a(sysinit_15xx.o)
 .debug_frame   0x0000000000001374      0x340 /Users/DBY/Metro_SemesterV/Embedded Programming/MCUXpressoIDE_11.6.0_8187/workspace/lpc_chip_15xx/Debug/liblpc_chip_15xx.a(uart_15xx.o)
 .debug_frame   0x00000000000016b4       0x2c /Applications/MCUXpressoIDE_11.6.0_8187/ide/plugins/com.nxp.mcuxpresso.tools.macosx_11.6.0.202112161359/tools/bin/../lib/gcc/arm-none-eabi/10.3.1/thumb/v7-m/nofp/libgcc.a(_aeabi_uldivmod.o)
 .debug_frame   0x00000000000016e0       0x34 /Applications/MCUXpressoIDE_11.6.0_8187/ide/plugins/com.nxp.mcuxpresso.tools.macosx_11.6.0.202112161359/tools/bin/../lib/gcc/arm-none-eabi/10.3.1/thumb/v7-m/nofp/libgcc.a(_udivmoddi4.o)
 .debug_frame   0x0000000000001714       0x2c /Applications/MCUXpressoIDE_11.6.0_8187/ide/plugins/com.nxp.mcuxpresso.tools.macosx_11.6.0.202112161359/tools/bin/../lib/gcc/arm-none-eabi/10.3.1/../../../../arm-none-eabi/lib/thumb/v7-m/nofp/libc.a(lib_a-init.o)

Cross Reference Table

Symbol                                            File
ACMP0_IRQHandler                                  ./src/cr_startup_lpc15xx.o
ACMP1_IRQHandler                                  ./src/cr_startup_lpc15xx.o
ACMP2_IRQHandler                                  ./src/cr_startup_lpc15xx.o
ACMP3_IRQHandler                                  ./src/cr_startup_lpc15xx.o
ADC0A_IRQHandler                                  ./src/cr_startup_lpc15xx.o
ADC0B_IRQHandler                                  ./src/cr_startup_lpc15xx.o
ADC0_OVR_IRQHandler                               ./src/cr_startup_lpc15xx.o
ADC0_THCMP_IRQHandler                             ./src/cr_startup_lpc15xx.o
ADC1A_IRQHandler                                  ./src/cr_startup_lpc15xx.o
ADC1B_IRQHandler                                  ./src/cr_startup_lpc15xx.o
ADC1_OVR_IRQHandler                               ./src/cr_startup_lpc15xx.o
ADC1_THCMP_IRQHandler                             ./src/cr_startup_lpc15xx.o
BOD_IRQHandler                                    ./src/cr_startup_lpc15xx.o
Board_Debug_Init                                  /Users/DBY/Metro_SemesterV/Embedded Programming/MCUXpressoIDE_11.6.0_8187/workspace/lpc_board_nxp_lpcxpresso_1549/Debug/liblpc_board_nxp_lpcxpresso_1549.a(board.o)
Board_Init                                        /Users/DBY/Metro_SemesterV/Embedded Programming/MCUXpressoIDE_11.6.0_8187/workspace/lpc_board_nxp_lpcxpresso_1549/Debug/liblpc_board_nxp_lpcxpresso_1549.a(board.o)
                                                  ./src/lab1.o
Board_Joystick_Init                               /Users/DBY/Metro_SemesterV/Embedded Programming/MCUXpressoIDE_11.6.0_8187/workspace/lpc_board_nxp_lpcxpresso_1549/Debug/liblpc_board_nxp_lpcxpresso_1549.a(board.o)
Board_LED_Set                                     /Users/DBY/Metro_SemesterV/Embedded Programming/MCUXpressoIDE_11.6.0_8187/workspace/lpc_board_nxp_lpcxpresso_1549/Debug/liblpc_board_nxp_lpcxpresso_1549.a(board.o)
                                                  ./src/lab1.o
Board_LED_Test                                    /Users/DBY/Metro_SemesterV/Embedded Programming/MCUXpressoIDE_11.6.0_8187/workspace/lpc_board_nxp_lpcxpresso_1549/Debug/liblpc_board_nxp_lpcxpresso_1549.a(board.o)
Board_LED_Toggle                                  /Users/DBY/Metro_SemesterV/Embedded Programming/MCUXpressoIDE_11.6.0_8187/workspace/lpc_board_nxp_lpcxpresso_1549/Debug/liblpc_board_nxp_lpcxpresso_1549.a(board.o)
Board_SetupClocking                               /Users/DBY/Metro_SemesterV/Embedded Programming/MCUXpressoIDE_11.6.0_8187/workspace/lpc_board_nxp_lpcxpresso_1549/Debug/liblpc_board_nxp_lpcxpresso_1549.a(board_sysinit.o)
Board_SetupMuxing                                 /Users/DBY/Metro_SemesterV/Embedded Programming/MCUXpressoIDE_11.6.0_8187/workspace/lpc_board_nxp_lpcxpresso_1549/Debug/liblpc_board_nxp_lpcxpresso_1549.a(board_sysinit.o)
Board_SystemInit                                  /Users/DBY/Metro_SemesterV/Embedded Programming/MCUXpressoIDE_11.6.0_8187/workspace/lpc_board_nxp_lpcxpresso_1549/Debug/liblpc_board_nxp_lpcxpresso_1549.a(board_sysinit.o)
                                                  ./src/sysinit.o
Board_UARTGetChar                                 /Users/DBY/Metro_SemesterV/Embedded Programming/MCUXpressoIDE_11.6.0_8187/workspace/lpc_board_nxp_lpcxpresso_1549/Debug/liblpc_board_nxp_lpcxpresso_1549.a(board.o)
Board_UARTPutChar                                 /Users/DBY/Metro_SemesterV/Embedded Programming/MCUXpressoIDE_11.6.0_8187/workspace/lpc_board_nxp_lpcxpresso_1549/Debug/liblpc_board_nxp_lpcxpresso_1549.a(board.o)
Board_UARTPutSTR                                  /Users/DBY/Metro_SemesterV/Embedded Programming/MCUXpressoIDE_11.6.0_8187/workspace/lpc_board_nxp_lpcxpresso_1549/Debug/liblpc_board_nxp_lpcxpresso_1549.a(board.o)
BusFault_Handler                                  ./src/cr_startup_lpc15xx.o
CAN_IRQHandler                                    ./src/cr_startup_lpc15xx.o
CRP_WORD                                          ./src/crp.o
Chip_Clock_DisablePeriphClock                     /Users/DBY/Metro_SemesterV/Embedded Programming/MCUXpressoIDE_11.6.0_8187/workspace/lpc_chip_15xx/Debug/liblpc_chip_15xx.a(clock_15xx.o)
                                                  /Users/DBY/Metro_SemesterV/Embedded Programming/MCUXpressoIDE_11.6.0_8187/workspace/lpc_chip_15xx/Debug/liblpc_chip_15xx.a(uart_15xx.o)
                                                  /Users/DBY/Metro_SemesterV/Embedded Programming/MCUXpressoIDE_11.6.0_8187/workspace/lpc_chip_15xx/Debug/liblpc_chip_15xx.a(gpio_15xx.o)
Chip_Clock_EnablePeriphClock                      /Users/DBY/Metro_SemesterV/Embedded Programming/MCUXpressoIDE_11.6.0_8187/workspace/lpc_chip_15xx/Debug/liblpc_chip_15xx.a(clock_15xx.o)
                                                  /Users/DBY/Metro_SemesterV/Embedded Programming/MCUXpressoIDE_11.6.0_8187/workspace/lpc_chip_15xx/Debug/liblpc_chip_15xx.a(uart_15xx.o)
                                                  /Users/DBY/Metro_SemesterV/Embedded Programming/MCUXpressoIDE_11.6.0_8187/workspace/lpc_chip_15xx/Debug/liblpc_chip_15xx.a(gpio_15xx.o)
                                                  /Users/DBY/Metro_SemesterV/Embedded Programming/MCUXpressoIDE_11.6.0_8187/workspace/lpc_chip_15xx/Debug/liblpc_chip_15xx.a(chip_15xx.o)
                                                  /Users/DBY/Metro_SemesterV/Embedded Programming/MCUXpressoIDE_11.6.0_8187/workspace/lpc_board_nxp_lpcxpresso_1549/Debug/liblpc_board_nxp_lpcxpresso_1549.a(board_sysinit.o)
Chip_Clock_GetADCASYNCRate                        /Users/DBY/Metro_SemesterV/Embedded Programming/MCUXpressoIDE_11.6.0_8187/workspace/lpc_chip_15xx/Debug/liblpc_chip_15xx.a(clock_15xx.o)
Chip_Clock_GetMainClockRate                       /Users/DBY/Metro_SemesterV/Embedded Programming/MCUXpressoIDE_11.6.0_8187/workspace/lpc_chip_15xx/Debug/liblpc_chip_15xx.a(clock_15xx.o)
                                                  /Users/DBY/Metro_SemesterV/Embedded Programming/MCUXpressoIDE_11.6.0_8187/workspace/lpc_board_nxp_lpcxpresso_1549/Debug/liblpc_board_nxp_lpcxpresso_1549.a(board.o)
Chip_Clock_GetMainClockSource                     /Users/DBY/Metro_SemesterV/Embedded Programming/MCUXpressoIDE_11.6.0_8187/workspace/lpc_chip_15xx/Debug/liblpc_chip_15xx.a(clock_15xx.o)
Chip_Clock_GetMain_A_ClockRate                    /Users/DBY/Metro_SemesterV/Embedded Programming/MCUXpressoIDE_11.6.0_8187/workspace/lpc_chip_15xx/Debug/liblpc_chip_15xx.a(clock_15xx.o)
Chip_Clock_GetMain_B_ClockRate                    /Users/DBY/Metro_SemesterV/Embedded Programming/MCUXpressoIDE_11.6.0_8187/workspace/lpc_chip_15xx/Debug/liblpc_chip_15xx.a(clock_15xx.o)
Chip_Clock_GetSCTPLLInClockRate                   /Users/DBY/Metro_SemesterV/Embedded Programming/MCUXpressoIDE_11.6.0_8187/workspace/lpc_chip_15xx/Debug/liblpc_chip_15xx.a(clock_15xx.o)
Chip_Clock_GetSCTPLLOutClockRate                  /Users/DBY/Metro_SemesterV/Embedded Programming/MCUXpressoIDE_11.6.0_8187/workspace/lpc_chip_15xx/Debug/liblpc_chip_15xx.a(clock_15xx.o)
Chip_Clock_GetSysTickClockRate                    /Users/DBY/Metro_SemesterV/Embedded Programming/MCUXpressoIDE_11.6.0_8187/workspace/lpc_chip_15xx/Debug/liblpc_chip_15xx.a(clock_15xx.o)
                                                  ./src/lab1.o
Chip_Clock_GetSystemClockRate                     /Users/DBY/Metro_SemesterV/Embedded Programming/MCUXpressoIDE_11.6.0_8187/workspace/lpc_chip_15xx/Debug/liblpc_chip_15xx.a(clock_15xx.o)
                                                  /Users/DBY/Metro_SemesterV/Embedded Programming/MCUXpressoIDE_11.6.0_8187/workspace/lpc_chip_15xx/Debug/liblpc_chip_15xx.a(chip_15xx.o)
Chip_Clock_GetSystemPLLInClockRate                /Users/DBY/Metro_SemesterV/Embedded Programming/MCUXpressoIDE_11.6.0_8187/workspace/lpc_chip_15xx/Debug/liblpc_chip_15xx.a(clock_15xx.o)
Chip_Clock_GetSystemPLLOutClockRate               /Users/DBY/Metro_SemesterV/Embedded Programming/MCUXpressoIDE_11.6.0_8187/workspace/lpc_chip_15xx/Debug/liblpc_chip_15xx.a(clock_15xx.o)
Chip_Clock_GetUARTBaseClockRate                   /Users/DBY/Metro_SemesterV/Embedded Programming/MCUXpressoIDE_11.6.0_8187/workspace/lpc_chip_15xx/Debug/liblpc_chip_15xx.a(clock_15xx.o)
                                                  /Users/DBY/Metro_SemesterV/Embedded Programming/MCUXpressoIDE_11.6.0_8187/workspace/lpc_chip_15xx/Debug/liblpc_chip_15xx.a(uart_15xx.o)
Chip_Clock_GetUSBPLLInClockRate                   /Users/DBY/Metro_SemesterV/Embedded Programming/MCUXpressoIDE_11.6.0_8187/workspace/lpc_chip_15xx/Debug/liblpc_chip_15xx.a(clock_15xx.o)
Chip_Clock_GetUSBPLLOutClockRate                  /Users/DBY/Metro_SemesterV/Embedded Programming/MCUXpressoIDE_11.6.0_8187/workspace/lpc_chip_15xx/Debug/liblpc_chip_15xx.a(clock_15xx.o)
Chip_Clock_SetCLKOUTSource                        /Users/DBY/Metro_SemesterV/Embedded Programming/MCUXpressoIDE_11.6.0_8187/workspace/lpc_chip_15xx/Debug/liblpc_chip_15xx.a(clock_15xx.o)
Chip_Clock_SetMainClockSource                     /Users/DBY/Metro_SemesterV/Embedded Programming/MCUXpressoIDE_11.6.0_8187/workspace/lpc_chip_15xx/Debug/liblpc_chip_15xx.a(clock_15xx.o)
                                                  /Users/DBY/Metro_SemesterV/Embedded Programming/MCUXpressoIDE_11.6.0_8187/workspace/lpc_chip_15xx/Debug/liblpc_chip_15xx.a(sysinit_15xx.o)
Chip_Clock_SetPLLBypass                           /Users/DBY/Metro_SemesterV/Embedded Programming/MCUXpressoIDE_11.6.0_8187/workspace/lpc_chip_15xx/Debug/liblpc_chip_15xx.a(clock_15xx.o)
Chip_Clock_SetUARTBaseClockRate                   /Users/DBY/Metro_SemesterV/Embedded Programming/MCUXpressoIDE_11.6.0_8187/workspace/lpc_chip_15xx/Debug/liblpc_chip_15xx.a(clock_15xx.o)
                                                  /Users/DBY/Metro_SemesterV/Embedded Programming/MCUXpressoIDE_11.6.0_8187/workspace/lpc_board_nxp_lpcxpresso_1549/Debug/liblpc_board_nxp_lpcxpresso_1549.a(board.o)
Chip_GPIO_DeInit                                  /Users/DBY/Metro_SemesterV/Embedded Programming/MCUXpressoIDE_11.6.0_8187/workspace/lpc_chip_15xx/Debug/liblpc_chip_15xx.a(gpio_15xx.o)
Chip_GPIO_Init                                    /Users/DBY/Metro_SemesterV/Embedded Programming/MCUXpressoIDE_11.6.0_8187/workspace/lpc_chip_15xx/Debug/liblpc_chip_15xx.a(gpio_15xx.o)
                                                  /Users/DBY/Metro_SemesterV/Embedded Programming/MCUXpressoIDE_11.6.0_8187/workspace/lpc_board_nxp_lpcxpresso_1549/Debug/liblpc_board_nxp_lpcxpresso_1549.a(board.o)
Chip_GPIO_SetDir                                  /Users/DBY/Metro_SemesterV/Embedded Programming/MCUXpressoIDE_11.6.0_8187/workspace/lpc_chip_15xx/Debug/liblpc_chip_15xx.a(gpio_15xx.o)
Chip_GPIO_SetPinDIR                               /Users/DBY/Metro_SemesterV/Embedded Programming/MCUXpressoIDE_11.6.0_8187/workspace/lpc_chip_15xx/Debug/liblpc_chip_15xx.a(gpio_15xx.o)
Chip_GPIO_SetPortDIR                              /Users/DBY/Metro_SemesterV/Embedded Programming/MCUXpressoIDE_11.6.0_8187/workspace/lpc_chip_15xx/Debug/liblpc_chip_15xx.a(gpio_15xx.o)
Chip_GPIO_WriteDirBit                             /Users/DBY/Metro_SemesterV/Embedded Programming/MCUXpressoIDE_11.6.0_8187/workspace/lpc_chip_15xx/Debug/liblpc_chip_15xx.a(gpio_15xx.o)
Chip_IOCON_SetPinMuxing                           /Users/DBY/Metro_SemesterV/Embedded Programming/MCUXpressoIDE_11.6.0_8187/workspace/lpc_chip_15xx/Debug/liblpc_chip_15xx.a(iocon_15xx.o)
                                                  /Users/DBY/Metro_SemesterV/Embedded Programming/MCUXpressoIDE_11.6.0_8187/workspace/lpc_board_nxp_lpcxpresso_1549/Debug/liblpc_board_nxp_lpcxpresso_1549.a(board_sysinit.o)
Chip_SWM_DisableFixedPin                          /Users/DBY/Metro_SemesterV/Embedded Programming/MCUXpressoIDE_11.6.0_8187/workspace/lpc_chip_15xx/Debug/liblpc_chip_15xx.a(swm_15xx.o)
Chip_SWM_EnableFixedPin                           /Users/DBY/Metro_SemesterV/Embedded Programming/MCUXpressoIDE_11.6.0_8187/workspace/lpc_chip_15xx/Debug/liblpc_chip_15xx.a(swm_15xx.o)
Chip_SWM_FixedPinEnable                           /Users/DBY/Metro_SemesterV/Embedded Programming/MCUXpressoIDE_11.6.0_8187/workspace/lpc_chip_15xx/Debug/liblpc_chip_15xx.a(swm_15xx.o)
Chip_SWM_IsFixedPinEnabled                        /Users/DBY/Metro_SemesterV/Embedded Programming/MCUXpressoIDE_11.6.0_8187/workspace/lpc_chip_15xx/Debug/liblpc_chip_15xx.a(swm_15xx.o)
Chip_SWM_MovablePinAssign                         /Users/DBY/Metro_SemesterV/Embedded Programming/MCUXpressoIDE_11.6.0_8187/workspace/lpc_chip_15xx/Debug/liblpc_chip_15xx.a(swm_15xx.o)
                                                  /Users/DBY/Metro_SemesterV/Embedded Programming/MCUXpressoIDE_11.6.0_8187/workspace/lpc_board_nxp_lpcxpresso_1549/Debug/liblpc_board_nxp_lpcxpresso_1549.a(board_sysinit.o)
                                                  /Users/DBY/Metro_SemesterV/Embedded Programming/MCUXpressoIDE_11.6.0_8187/workspace/lpc_board_nxp_lpcxpresso_1549/Debug/liblpc_board_nxp_lpcxpresso_1549.a(board.o)
Chip_SYSCTL_AssertPeriphReset                     /Users/DBY/Metro_SemesterV/Embedded Programming/MCUXpressoIDE_11.6.0_8187/workspace/lpc_chip_15xx/Debug/liblpc_chip_15xx.a(sysctl_15xx.o)
                                                  /Users/DBY/Metro_SemesterV/Embedded Programming/MCUXpressoIDE_11.6.0_8187/workspace/lpc_chip_15xx/Debug/liblpc_chip_15xx.a(uart_15xx.o)
                                                  /Users/DBY/Metro_SemesterV/Embedded Programming/MCUXpressoIDE_11.6.0_8187/workspace/lpc_chip_15xx/Debug/liblpc_chip_15xx.a(gpio_15xx.o)
                                                  /Users/DBY/Metro_SemesterV/Embedded Programming/MCUXpressoIDE_11.6.0_8187/workspace/lpc_chip_15xx/Debug/liblpc_chip_15xx.a(chip_15xx.o)
                                                  /Users/DBY/Metro_SemesterV/Embedded Programming/MCUXpressoIDE_11.6.0_8187/workspace/lpc_board_nxp_lpcxpresso_1549/Debug/liblpc_board_nxp_lpcxpresso_1549.a(board_sysinit.o)
Chip_SYSCTL_DeassertPeriphReset                   /Users/DBY/Metro_SemesterV/Embedded Programming/MCUXpressoIDE_11.6.0_8187/workspace/lpc_chip_15xx/Debug/liblpc_chip_15xx.a(sysctl_15xx.o)
                                                  /Users/DBY/Metro_SemesterV/Embedded Programming/MCUXpressoIDE_11.6.0_8187/workspace/lpc_chip_15xx/Debug/liblpc_chip_15xx.a(uart_15xx.o)
                                                  /Users/DBY/Metro_SemesterV/Embedded Programming/MCUXpressoIDE_11.6.0_8187/workspace/lpc_chip_15xx/Debug/liblpc_chip_15xx.a(gpio_15xx.o)
                                                  /Users/DBY/Metro_SemesterV/Embedded Programming/MCUXpressoIDE_11.6.0_8187/workspace/lpc_chip_15xx/Debug/liblpc_chip_15xx.a(chip_15xx.o)
                                                  /Users/DBY/Metro_SemesterV/Embedded Programming/MCUXpressoIDE_11.6.0_8187/workspace/lpc_board_nxp_lpcxpresso_1549/Debug/liblpc_board_nxp_lpcxpresso_1549.a(board_sysinit.o)
Chip_SYSCTL_GetCompFreqMeas                       /Users/DBY/Metro_SemesterV/Embedded Programming/MCUXpressoIDE_11.6.0_8187/workspace/lpc_chip_15xx/Debug/liblpc_chip_15xx.a(sysctl_15xx.o)
Chip_SYSCTL_PowerDown                             /Users/DBY/Metro_SemesterV/Embedded Programming/MCUXpressoIDE_11.6.0_8187/workspace/lpc_chip_15xx/Debug/liblpc_chip_15xx.a(sysctl_15xx.o)
                                                  /Users/DBY/Metro_SemesterV/Embedded Programming/MCUXpressoIDE_11.6.0_8187/workspace/lpc_chip_15xx/Debug/liblpc_chip_15xx.a(sysinit_15xx.o)
Chip_SYSCTL_PowerUp                               /Users/DBY/Metro_SemesterV/Embedded Programming/MCUXpressoIDE_11.6.0_8187/workspace/lpc_chip_15xx/Debug/liblpc_chip_15xx.a(sysctl_15xx.o)
                                                  /Users/DBY/Metro_SemesterV/Embedded Programming/MCUXpressoIDE_11.6.0_8187/workspace/lpc_chip_15xx/Debug/liblpc_chip_15xx.a(sysinit_15xx.o)
                                                  /Users/DBY/Metro_SemesterV/Embedded Programming/MCUXpressoIDE_11.6.0_8187/workspace/lpc_chip_15xx/Debug/liblpc_chip_15xx.a(chip_15xx.o)
                                                  /Users/DBY/Metro_SemesterV/Embedded Programming/MCUXpressoIDE_11.6.0_8187/workspace/lpc_board_nxp_lpcxpresso_1549/Debug/liblpc_board_nxp_lpcxpresso_1549.a(board_sysinit.o)
Chip_SYSCTL_SetWakeup                             /Users/DBY/Metro_SemesterV/Embedded Programming/MCUXpressoIDE_11.6.0_8187/workspace/lpc_chip_15xx/Debug/liblpc_chip_15xx.a(sysctl_15xx.o)
Chip_SetupIrcClocking                             /Users/DBY/Metro_SemesterV/Embedded Programming/MCUXpressoIDE_11.6.0_8187/workspace/lpc_chip_15xx/Debug/liblpc_chip_15xx.a(sysinit_15xx.o)
Chip_SetupXtalClocking                            /Users/DBY/Metro_SemesterV/Embedded Programming/MCUXpressoIDE_11.6.0_8187/workspace/lpc_chip_15xx/Debug/liblpc_chip_15xx.a(sysinit_15xx.o)
                                                  /Users/DBY/Metro_SemesterV/Embedded Programming/MCUXpressoIDE_11.6.0_8187/workspace/lpc_board_nxp_lpcxpresso_1549/Debug/liblpc_board_nxp_lpcxpresso_1549.a(board_sysinit.o)
Chip_SystemInit                                   /Users/DBY/Metro_SemesterV/Embedded Programming/MCUXpressoIDE_11.6.0_8187/workspace/lpc_chip_15xx/Debug/liblpc_chip_15xx.a(sysinit_15xx.o)
Chip_UART_DeInit                                  /Users/DBY/Metro_SemesterV/Embedded Programming/MCUXpressoIDE_11.6.0_8187/workspace/lpc_chip_15xx/Debug/liblpc_chip_15xx.a(uart_15xx.o)
Chip_UART_IRQRBHandler                            /Users/DBY/Metro_SemesterV/Embedded Programming/MCUXpressoIDE_11.6.0_8187/workspace/lpc_chip_15xx/Debug/liblpc_chip_15xx.a(uart_15xx.o)
Chip_UART_Init                                    /Users/DBY/Metro_SemesterV/Embedded Programming/MCUXpressoIDE_11.6.0_8187/workspace/lpc_chip_15xx/Debug/liblpc_chip_15xx.a(uart_15xx.o)
                                                  /Users/DBY/Metro_SemesterV/Embedded Programming/MCUXpressoIDE_11.6.0_8187/workspace/lpc_board_nxp_lpcxpresso_1549/Debug/liblpc_board_nxp_lpcxpresso_1549.a(board.o)
Chip_UART_RXIntHandlerRB                          /Users/DBY/Metro_SemesterV/Embedded Programming/MCUXpressoIDE_11.6.0_8187/workspace/lpc_chip_15xx/Debug/liblpc_chip_15xx.a(uart_15xx.o)
Chip_UART_Read                                    /Users/DBY/Metro_SemesterV/Embedded Programming/MCUXpressoIDE_11.6.0_8187/workspace/lpc_chip_15xx/Debug/liblpc_chip_15xx.a(uart_15xx.o)
                                                  /Users/DBY/Metro_SemesterV/Embedded Programming/MCUXpressoIDE_11.6.0_8187/workspace/lpc_board_nxp_lpcxpresso_1549/Debug/liblpc_board_nxp_lpcxpresso_1549.a(board.o)
Chip_UART_ReadBlocking                            /Users/DBY/Metro_SemesterV/Embedded Programming/MCUXpressoIDE_11.6.0_8187/workspace/lpc_chip_15xx/Debug/liblpc_chip_15xx.a(uart_15xx.o)
Chip_UART_ReadRB                                  /Users/DBY/Metro_SemesterV/Embedded Programming/MCUXpressoIDE_11.6.0_8187/workspace/lpc_chip_15xx/Debug/liblpc_chip_15xx.a(uart_15xx.o)
Chip_UART_Send                                    /Users/DBY/Metro_SemesterV/Embedded Programming/MCUXpressoIDE_11.6.0_8187/workspace/lpc_chip_15xx/Debug/liblpc_chip_15xx.a(uart_15xx.o)
Chip_UART_SendBlocking                            /Users/DBY/Metro_SemesterV/Embedded Programming/MCUXpressoIDE_11.6.0_8187/workspace/lpc_chip_15xx/Debug/liblpc_chip_15xx.a(uart_15xx.o)
                                                  /Users/DBY/Metro_SemesterV/Embedded Programming/MCUXpressoIDE_11.6.0_8187/workspace/lpc_board_nxp_lpcxpresso_1549/Debug/liblpc_board_nxp_lpcxpresso_1549.a(board.o)
Chip_UART_SendRB                                  /Users/DBY/Metro_SemesterV/Embedded Programming/MCUXpressoIDE_11.6.0_8187/workspace/lpc_chip_15xx/Debug/liblpc_chip_15xx.a(uart_15xx.o)
Chip_UART_SetBaud                                 /Users/DBY/Metro_SemesterV/Embedded Programming/MCUXpressoIDE_11.6.0_8187/workspace/lpc_chip_15xx/Debug/liblpc_chip_15xx.a(uart_15xx.o)
                                                  /Users/DBY/Metro_SemesterV/Embedded Programming/MCUXpressoIDE_11.6.0_8187/workspace/lpc_board_nxp_lpcxpresso_1549/Debug/liblpc_board_nxp_lpcxpresso_1549.a(board.o)
Chip_UART_SetBaudWithRTC32K                       /Users/DBY/Metro_SemesterV/Embedded Programming/MCUXpressoIDE_11.6.0_8187/workspace/lpc_chip_15xx/Debug/liblpc_chip_15xx.a(uart_15xx.o)
Chip_UART_TXIntHandlerRB                          /Users/DBY/Metro_SemesterV/Embedded Programming/MCUXpressoIDE_11.6.0_8187/workspace/lpc_chip_15xx/Debug/liblpc_chip_15xx.a(uart_15xx.o)
Chip_USB_Init                                     /Users/DBY/Metro_SemesterV/Embedded Programming/MCUXpressoIDE_11.6.0_8187/workspace/lpc_chip_15xx/Debug/liblpc_chip_15xx.a(chip_15xx.o)
DAC_IRQHandler                                    ./src/cr_startup_lpc15xx.o
DMA_IRQHandler                                    ./src/cr_startup_lpc15xx.o
DebugMon_Handler                                  ./src/cr_startup_lpc15xx.o
EEPROM_IRQHandler                                 ./src/cr_startup_lpc15xx.o
FMC_IRQHandler                                    ./src/cr_startup_lpc15xx.o
GINT0_IRQHandler                                  ./src/cr_startup_lpc15xx.o
GINT1_IRQHandler                                  ./src/cr_startup_lpc15xx.o
HardFault_Handler                                 ./src/cr_startup_lpc15xx.o
I2C0_IRQHandler                                   ./src/cr_startup_lpc15xx.o
IntDefaultHandler                                 ./src/cr_startup_lpc15xx.o
Joystick_GetStatus                                /Users/DBY/Metro_SemesterV/Embedded Programming/MCUXpressoIDE_11.6.0_8187/workspace/lpc_board_nxp_lpcxpresso_1549/Debug/liblpc_board_nxp_lpcxpresso_1549.a(board.o)
MRT_IRQHandler                                    ./src/cr_startup_lpc15xx.o
MemManage_Handler                                 ./src/cr_startup_lpc15xx.o
NMI_Handler                                       ./src/cr_startup_lpc15xx.o
OscRateIn                                         /Users/DBY/Metro_SemesterV/Embedded Programming/MCUXpressoIDE_11.6.0_8187/workspace/lpc_board_nxp_lpcxpresso_1549/Debug/liblpc_board_nxp_lpcxpresso_1549.a(board.o)