Archive member included to satisfy reference by file (symbol)

/Users/DBY/Metro_SemesterV/Embedded Programming/MCUXpressoIDE_11.6.0_8187/workspace/lpc_board_nxp_lpcxpresso_1549/Debug/liblpc_board_nxp_lpcxpresso_1549.a(board.o)
                              ./src/Lab3_1.o (Board_UARTPutChar)
/Users/DBY/Metro_SemesterV/Embedded Programming/MCUXpressoIDE_11.6.0_8187/workspace/lpc_board_nxp_lpcxpresso_1549/Debug/liblpc_board_nxp_lpcxpresso_1549.a(board_sysinit.o)
                              ./src/sysinit.o (Board_SystemInit)
/Users/DBY/Metro_SemesterV/Embedded Programming/MCUXpressoIDE_11.6.0_8187/workspace/lpc_chip_15xx/Debug/liblpc_chip_15xx.a(chip_15xx.o)
                              ./src/Lab3_1.o (SystemCoreClockUpdate)
/Users/DBY/Metro_SemesterV/Embedded Programming/MCUXpressoIDE_11.6.0_8187/workspace/lpc_chip_15xx/Debug/liblpc_chip_15xx.a(clock_15xx.o)
                              /Users/DBY/Metro_SemesterV/Embedded Programming/MCUXpressoIDE_11.6.0_8187/workspace/lpc_board_nxp_lpcxpresso_1549/Debug/liblpc_board_nxp_lpcxpresso_1549.a(board.o) (Chip_Clock_GetMainClockRate)
/Users/DBY/Metro_SemesterV/Embedded Programming/MCUXpressoIDE_11.6.0_8187/workspace/lpc_chip_15xx/Debug/liblpc_chip_15xx.a(gpio_15xx.o)
                              /Users/DBY/Metro_SemesterV/Embedded Programming/MCUXpressoIDE_11.6.0_8187/workspace/lpc_board_nxp_lpcxpresso_1549/Debug/liblpc_board_nxp_lpcxpresso_1549.a(board.o) (Chip_GPIO_Init)
/Users/DBY/Metro_SemesterV/Embedded Programming/MCUXpressoIDE_11.6.0_8187/workspace/lpc_chip_15xx/Debug/liblpc_chip_15xx.a(iocon_15xx.o)
                              /Users/DBY/Metro_SemesterV/Embedded Programming/MCUXpressoIDE_11.6.0_8187/workspace/lpc_board_nxp_lpcxpresso_1549/Debug/liblpc_board_nxp_lpcxpresso_1549.a(board_sysinit.o) (Chip_IOCON_SetPinMuxing)
/Users/DBY/Metro_SemesterV/Embedded Programming/MCUXpressoIDE_11.6.0_8187/workspace/lpc_chip_15xx/Debug/liblpc_chip_15xx.a(swm_15xx.o)
                              /Users/DBY/Metro_SemesterV/Embedded Programming/MCUXpressoIDE_11.6.0_8187/workspace/lpc_board_nxp_lpcxpresso_1549/Debug/liblpc_board_nxp_lpcxpresso_1549.a(board.o) (Chip_SWM_MovablePinAssign)
/Users/DBY/Metro_SemesterV/Embedded Programming/MCUXpressoIDE_11.6.0_8187/workspace/lpc_chip_15xx/Debug/liblpc_chip_15xx.a(sysctl_15xx.o)
                              /Users/DBY/Metro_SemesterV/Embedded Programming/MCUXpressoIDE_11.6.0_8187/workspace/lpc_board_nxp_lpcxpresso_1549/Debug/liblpc_board_nxp_lpcxpresso_1549.a(board_sysinit.o) (Chip_SYSCTL_AssertPeriphReset)
/Users/DBY/Metro_SemesterV/Embedded Programming/MCUXpressoIDE_11.6.0_8187/workspace/lpc_chip_15xx/Debug/liblpc_chip_15xx.a(sysinit_15xx.o)
                              /Users/DBY/Metro_SemesterV/Embedded Programming/MCUXpressoIDE_11.6.0_8187/workspace/lpc_board_nxp_lpcxpresso_1549/Debug/liblpc_board_nxp_lpcxpresso_1549.a(board_sysinit.o) (Chip_SetupXtalClocking)
/Users/DBY/Metro_SemesterV/Embedded Programming/MCUXpressoIDE_11.6.0_8187/workspace/lpc_chip_15xx/Debug/liblpc_chip_15xx.a(uart_15xx.o)
                              /Users/DBY/Metro_SemesterV/Embedded Programming/MCUXpressoIDE_11.6.0_8187/workspace/lpc_board_nxp_lpcxpresso_1549/Debug/liblpc_board_nxp_lpcxpresso_1549.a(board.o) (Chip_UART_Init)
/Users/DBY/Metro_SemesterV/Embedded Programming/MCUXpressoIDE_11.6.0_8187/workspace/lpc_chip_15xx/Debug/liblpc_chip_15xx.a(ring_buffer.o)
                              /Users/DBY/Metro_SemesterV/Embedded Programming/MCUXpressoIDE_11.6.0_8187/workspace/lpc_chip_15xx/Debug/liblpc_chip_15xx.a(uart_15xx.o) (RingBuffer_Insert)
/Applications/MCUXpressoIDE_11.6.0_8187/ide/plugins/com.nxp.mcuxpresso.tools.macosx_11.6.0.202112161359/tools/bin/../lib/gcc/arm-none-eabi/10.3.1/thumb/v7-m/nofp/libgcc.a(_aeabi_uldivmod.o)
                              /Users/DBY/Metro_SemesterV/Embedded Programming/MCUXpressoIDE_11.6.0_8187/workspace/lpc_chip_15xx/Debug/liblpc_chip_15xx.a(clock_15xx.o) (__aeabi_uldivmod)
/Applications/MCUXpressoIDE_11.6.0_8187/ide/plugins/com.nxp.mcuxpresso.tools.macosx_11.6.0.202112161359/tools/bin/../lib/gcc/arm-none-eabi/10.3.1/thumb/v7-m/nofp/libgcc.a(_udivmoddi4.o)
                              /Applications/MCUXpressoIDE_11.6.0_8187/ide/plugins/com.nxp.mcuxpresso.tools.macosx_11.6.0.202112161359/tools/bin/../lib/gcc/arm-none-eabi/10.3.1/thumb/v7-m/nofp/libgcc.a(_aeabi_uldivmod.o) (__udivmoddi4)
/Applications/MCUXpressoIDE_11.6.0_8187/ide/plugins/com.nxp.mcuxpresso.tools.macosx_11.6.0.202112161359/tools/bin/../lib/gcc/arm-none-eabi/10.3.1/thumb/v7-m/nofp/libgcc.a(_dvmd_tls.o)
                              /Applications/MCUXpressoIDE_11.6.0_8187/ide/plugins/com.nxp.mcuxpresso.tools.macosx_11.6.0.202112161359/tools/bin/../lib/gcc/arm-none-eabi/10.3.1/thumb/v7-m/nofp/libgcc.a(_aeabi_uldivmod.o) (__aeabi_ldiv0)
[...]
Memory Configuration

Name             Origin             Length             Attributes
MFlash256        0x0000000000000000 0x0000000000040000 xr
Ram0_16          0x0000000002000000 0x0000000000004000 xrw
Ram1_16          0x0000000002004000 0x0000000000004000 xrw
Ram2_4           0x0000000002008000 0x0000000000001000 xrw
*default*        0x0000000000000000 0xffffffffffffffff

Linker script and memory map

LOAD ./src/DigitalIoPin.o
LOAD ./src/Lab3_1.o
LOAD ./src/cr_cpp_config.o
LOAD ./src/cr_startup_lpc15xx.o
LOAD ./src/crp.o
LOAD ./src/sysinit.o
LOAD /Users/DBY/Metro_SemesterV/Embedded Programming/MCUXpressoIDE_11.6.0_8187/workspace/lpc_board_nxp_lpcxpresso_1549/Debug/liblpc_board_nxp_lpcxpresso_1549.a
LOAD /Users/DBY/Metro_SemesterV/Embedded Programming/MCUXpressoIDE_11.6.0_8187/workspace/lpc_chip_15xx/Debug/liblpc_chip_15xx.a
START GROUP
LOAD /Applications/MCUXpressoIDE_11.6.0_8187/ide/plugins/com.nxp.mcuxpresso.tools.macosx_11.6.0.202112161359/tools/bin/../lib/gcc/arm-none-eabi/10.3.1/thumb/v7-m/nofp/libgcc.a
LOAD /Applications/MCUXpressoIDE_11.6.0_8187/ide/plugins/com.nxp.mcuxpresso.tools.macosx_11.6.0.202112161359/tools/bin/../lib/gcc/arm-none-eabi/10.3.1/../../../../arm-none-eabi/lib/thumb/v7-m/nofp/libc.a
LOAD /Applications/MCUXpressoIDE_11.6.0_8187/ide/plugins/com.nxp.mcuxpresso.tools.macosx_11.6.0.202112161359/tools/bin/../lib/gcc/arm-none-eabi/10.3.1/../../../../arm-none-eabi/lib/thumb/v7-m/nofp/libstdc++.a
LOAD /Applications/MCUXpressoIDE_11.6.0_8187/ide/plugins/com.nxp.mcuxpresso.tools.macosx_11.6.0.202112161359/tools/bin/../lib/gcc/arm-none-eabi/10.3.1/../../../../arm-none-eabi/lib/thumb/v7-m/nofp/libm.a
LOAD /Applications/MCUXpressoIDE_11.6.0_8187/ide/plugins/com.nxp.mcuxpresso.tools.macosx_11.6.0.202112161359/tools/bin/../lib/gcc/arm-none-eabi/10.3.1/../../../../arm-none-eabi/lib/thumb/v7-m/nofp/libcr_newlib_nohost.a
LOAD /Applications/MCUXpressoIDE_11.6.0_8187/ide/plugins/com.nxp.mcuxpresso.tools.macosx_11.6.0.202112161359/tools/bin/../lib/gcc/arm-none-eabi/10.3.1/thumb/v7-m/nofp/crti.o
LOAD /Applications/MCUXpressoIDE_11.6.0_8187/ide/plugins/com.nxp.mcuxpresso.tools.macosx_11.6.0.202112161359/tools/bin/../lib/gcc/arm-none-eabi/10.3.1/thumb/v7-m/nofp/crtn.o
LOAD /Applications/MCUXpressoIDE_11.6.0_8187/ide/plugins/com.nxp.mcuxpresso.tools.macosx_11.6.0.202112161359/tools/bin/../lib/gcc/arm-none-eabi/10.3.1/thumb/v7-m/nofp/crtbegin.o
LOAD /Applications/MCUXpressoIDE_11.6.0_8187/ide/plugins/com.nxp.mcuxpresso.tools.macosx_11.6.0.202112161359/tools/bin/../lib/gcc/arm-none-eabi/10.3.1/thumb/v7-m/nofp/crtend.o
END GROUP
                0x0000000000000000                __base_MFlash256 = 0x0
                0x0000000000000000                __base_Flash = 0x0
                0x0000000000040000                __top_MFlash256 = 0x40000
                0x0000000000040000                __top_Flash = 0x40000
                0x0000000002000000                __base_Ram0_16 = 0x2000000
                0x0000000002000000                __base_RAM = 0x2000000
                0x0000000002004000                __top_Ram0_16 = 0x2004000
                0x0000000002004000                __top_RAM = 0x2004000
                0x0000000002004000                __base_Ram1_16 = 0x2004000
                0x0000000002004000                __base_RAM2 = 0x2004000
                0x0000000002008000                __top_Ram1_16 = 0x2008000
                0x0000000002008000                __top_RAM2 = 0x2008000
                0x0000000002008000                __base_Ram2_4 = 0x2008000
                0x0000000002008000                __base_RAM3 = 0x2008000
                0x0000000002009000                __top_Ram2_4 = 0x2009000
                0x0000000002009000                __top_RAM3 = 0x2009000

.text           0x0000000000000000     0x1fa0
 FILL mask 0xff
                0x0000000000000000                __vectors_start__ = ABSOLUTE (.)
 *(.isr_vector)
 .isr_vector    0x0000000000000000       0xfc ./src/cr_startup_lpc15xx.o
                0x0000000000000000                g_pfnVectors
                0x00000000000000fc                . = ALIGN (0x4)
                0x00000000000000fc                __section_table_start = .
                0x00000000000000fc                __data_section_table = .
                0x00000000000000fc        0x4 LONG 0x1fa8 LOADADDR (.data)
                0x0000000000000100        0x4 LONG 0x2000000 ADDR (.data)
                0x0000000000000104        0x4 LONG 0x840 SIZEOF (.data)
                0x0000000000000108        0x4 LONG 0x1fa8 LOADADDR (.data_RAM2)
                0x000000000000010c        0x4 LONG 0x2004000 ADDR (.data_RAM2)
                0x0000000000000110        0x4 LONG 0x0 SIZEOF (.data_RAM2)
                0x0000000000000114        0x4 LONG 0x1fa8 LOADADDR (.data_RAM3)
                0x0000000000000118        0x4 LONG 0x2008000 ADDR (.data_RAM3)
                0x000000000000011c        0x4 LONG 0x0 SIZEOF (.data_RAM3)
                0x0000000000000120                __data_section_table_end = .
                0x0000000000000120                __bss_section_table = .
                0x0000000000000120        0x4 LONG 0x2000840 ADDR (.bss)
                0x0000000000000124        0x4 LONG 0x5c SIZEOF (.bss)
                0x0000000000000128        0x4 LONG 0x2004000 ADDR (.bss_RAM2)
                0x000000000000012c        0x4 LONG 0x0 SIZEOF (.bss_RAM2)
                0x0000000000000130        0x4 LONG 0x2008000 ADDR (.bss_RAM3)
                0x0000000000000134        0x4 LONG 0x0 SIZEOF (.bss_RAM3)
                0x0000000000000138                __bss_section_table_end = .
                0x0000000000000138                __section_table_end = .
 *(.after_vectors*)
 .after_vectors
                0x0000000000000138      0x140 ./src/cr_startup_lpc15xx.o
                0x0000000000000138                data_init(unsigned int, unsigned int, unsigned int)
                0x000000000000017a                bss_init(unsigned int, unsigned int)
                0x00000000000001b0                ResetISR
                0x000000000000023c                NMI_Handler
                0x0000000000000242                HardFault_Handler
                0x0000000000000248                MemManage_Handler
                0x000000000000024e                BusFault_Handler
                0x0000000000000254                UsageFault_Handler
                0x000000000000025a                SVC_Handler
                0x0000000000000260                DebugMon_Handler
                0x0000000000000266                PendSV_Handler
                0x0000000000000272                PIN_INT6_IRQHandler
                0x0000000000000272                IntDefaultHandler
                0x0000000000000272                PIN_INT4_IRQHandler
                0x0000000000000272                CAN_IRQHandler
                0x0000000000000272                RTC_ALARM_IRQHandler
                0x0000000000000272                ADC1B_IRQHandler
                0x0000000000000272                ADC1_OVR_IRQHandler
                0x0000000000000272                USBWakeup_IRQHandler
                0x0000000000000272                UART2_IRQHandler
                0x0000000000000272                PIN_INT5_IRQHandler
                0x0000000000000272                SCT1_IRQHandler
                0x0000000000000272                PIN_INT2_IRQHandler
                0x0000000000000272                USB_FIQHandler
                0x0000000000000272                SCT3_IRQHandler
                0x0000000000000272                PIN_INT7_IRQHandler
                0x0000000000000272                PIN_INT1_IRQHandler
                0x0000000000000272                USB_IRQHandler
                0x0000000000000272                BOD_IRQHandler
                0x0000000000000272                ADC0B_IRQHandler
                0x0000000000000272                ACMP0_IRQHandler
                0x0000000000000272                WDT_IRQHandler
                0x0000000000000272                PIN_INT0_IRQHandler
                0x0000000000000272                QEI_IRQHandler
                0x0000000000000272                ACMP3_IRQHandler
                0x0000000000000272                GINT0_IRQHandler
                0x0000000000000272                DAC_IRQHandler
                0x0000000000000272                SPI0_IRQHandler
                0x0000000000000272                EEPROM_IRQHandler
                0x0000000000000272                ACMP2_IRQHandler
                0x0000000000000272                ADC1A_IRQHandler
                0x0000000000000272                DMA_IRQHandler
                0x0000000000000272                PIN_INT3_IRQHandler
                0x0000000000000272                ACMP1_IRQHandler
                0x0000000000000272                ADC0A_IRQHandler
                0x0000000000000272                FMC_IRQHandler
                0x0000000000000272                GINT1_IRQHandler
                0x0000000000000272                SCT0_IRQHandler
                0x0000000000000272                ADC0_THCMP_IRQHandler
                0x0000000000000272                RIT_IRQHandler
                0x0000000000000272                I2C0_IRQHandler
                0x0000000000000272                ADC0_OVR_IRQHandler
                0x0000000000000272                ADC1_THCMP_IRQHandler
                0x0000000000000272                SCT2_IRQHandler
                0x0000000000000272                MRT_IRQHandler
                0x0000000000000272                UART1_IRQHandler
                0x0000000000000272                RTC_WAKE_IRQHandler
                0x0000000000000272                UART0_IRQHandler
                0x0000000000000272                SPI1_IRQHandler
 *(.text*)
 .text._ZN12DigitalIoPinD2Ev
                0x0000000000000278       0x20 ./src/DigitalIoPin.o
                0x0000000000000278                DigitalIoPin::~DigitalIoPin()
                0x0000000000000278                DigitalIoPin::~DigitalIoPin()
 .text._ZN12DigitalIoPinD0Ev
                0x0000000000000298       0x1e ./src/DigitalIoPin.o
                0x0000000000000298                DigitalIoPin::~DigitalIoPin()
 .text.Chip_IOCON_PinMuxSet
                0x00000000000002b6       0x2c ./src/DigitalIoPin.o
 .text.Chip_GPIO_SetPinState
                0x00000000000002e2       0x36 ./src/DigitalIoPin.o
 .text.Chip_GPIO_GetPinState
                0x0000000000000318       0x34 ./src/DigitalIoPin.o
 .text.Chip_GPIO_SetPinDIROutput
                0x000000000000034c       0x3c ./src/DigitalIoPin.o
 .text.Chip_GPIO_SetPinDIRInput
                0x0000000000000388       0x3e ./src/DigitalIoPin.o
 *fill*         0x00000000000003c6        0x2 ff
 .text._ZN12DigitalIoPinC2Eiibbb
                0x00000000000003c8      0x100 ./src/DigitalIoPin.o
                0x00000000000003c8                DigitalIoPin::DigitalIoPin(int, int, bool, bool, bool)
                0x00000000000003c8                DigitalIoPin::DigitalIoPin(int, int, bool, bool, bool)
 .text._ZN12DigitalIoPin4readEv
                0x00000000000004c8       0x28 ./src/DigitalIoPin.o
                0x00000000000004c8                DigitalIoPin::read()
 .text._ZN12DigitalIoPin5writeEb
                0x00000000000004f0       0x48 ./src/DigitalIoPin.o
                0x00000000000004f0                DigitalIoPin::write(bool)
 .text.NVIC_SetPriority
                0x0000000000000538       0x54 ./src/Lab3_1.o
 .text.SysTick_Config
                0x000000000000058c       0x44 ./src/Lab3_1.o
 .text.Chip_Clock_SetSysTickClockDiv
                0x00000000000005d0       0x20 ./src/Lab3_1.o
 .text._ZStanSt12memory_orderSt23__memory_order_modifier
                0x00000000000005f0       0x24 ./src/Lab3_1.o
                0x00000000000005f0                std::operator&(std::memory_order, std::__memory_order_modifier)
 .text.SysTick_Handler
                0x0000000000000614       0x2c ./src/Lab3_1.o
                0x0000000000000614                SysTick_Handler
 .text.main     0x0000000000000640      0x11c ./src/Lab3_1.o
                0x0000000000000640                main
 .text._ZNVKSt13__atomic_baseIiEcviEv
                0x000000000000075c       0x34 ./src/Lab3_1.o
                0x000000000000075c                std::__atomic_base<int>::operator int() const volatile
 .text._ZNVSt13__atomic_baseIiEmmEi
                0x0000000000000790       0x40 ./src/Lab3_1.o
                0x0000000000000790                std::__atomic_base<int>::operator--(int) volatile
 .text._Z41__static_initialization_and_destruction_0ii
                0x00000000000007d0       0x14 ./src/Lab3_1.o
 .text._GLOBAL__sub_I_SysTick_Handler
                0x00000000000007e4       0x10 ./src/Lab3_1.o
 .text._ZdlPv   0x00000000000007f4       0x16 ./src/cr_cpp_config.o
                0x00000000000007f4                operator delete(void*)
 .text.SystemInit
                0x000000000000080a        0xc ./src/sysinit.o
                0x000000000000080a                SystemInit
 .text.Chip_IOCON_PinMuxSet
                0x0000000000000816       0x2c /Users/DBY/Metro_SemesterV/Embedded Programming/MCUXpressoIDE_11.6.0_8187/workspace/lpc_board_nxp_lpcxpresso_1549/Debug/liblpc_board_nxp_lpcxpresso_1549.a(board.o)
 .text.Chip_SWM_MovablePortPinAssign
                0x0000000000000842       0x30 /Users/DBY/Metro_SemesterV/Embedded Programming/MCUXpressoIDE_11.6.0_8187/workspace/lpc_board_nxp_lpcxpresso_1549/Debug/liblpc_board_nxp_lpcxpresso_1549.a(board.o)
 .text.Chip_GPIO_SetPinState
                0x0000000000000872       0x36 /Users/DBY/Metro_SemesterV/Embedded Programming/MCUXpressoIDE_11.6.0_8187/workspace/lpc_board_nxp_lpcxpresso_1549/Debug/liblpc_board_nxp_lpcxpresso_1549.a(board.o)
 .text.Chip_GPIO_SetPinDIROutput
                0x00000000000008a8       0x3c /Users/DBY/Metro_SemesterV/Embedded Programming/MCUXpressoIDE_11.6.0_8187/workspace/lpc_board_nxp_lpcxpresso_1549/Debug/liblpc_board_nxp_lpcxpresso_1549.a(board.o)
 .text.Chip_UART_Enable
                0x00000000000008e4       0x1e /Users/DBY/Metro_SemesterV/Embedded Programming/MCUXpressoIDE_11.6.0_8187/workspace/lpc_board_nxp_lpcxpresso_1549/Debug/liblpc_board_nxp_lpcxpresso_1549.a(board.o)
 .text.Chip_UART_TXEnable
                0x0000000000000902       0x1e /Users/DBY/Metro_SemesterV/Embedded Programming/MCUXpressoIDE_11.6.0_8187/workspace/lpc_board_nxp_lpcxpresso_1549/Debug/liblpc_board_nxp_lpcxpresso_1549.a(board.o)
 .text.Chip_UART_ConfigData
                0x0000000000000920       0x28 /Users/DBY/Metro_SemesterV/Embedded Programming/MCUXpressoIDE_11.6.0_8187/workspace/lpc_board_nxp_lpcxpresso_1549/Debug/liblpc_board_nxp_lpcxpresso_1549.a(board.o)
 .text.Board_UARTPutChar
                0x0000000000000948       0x24 /Users/DBY/Metro_SemesterV/Embedded Programming/MCUXpressoIDE_11.6.0_8187/workspace/lpc_board_nxp_lpcxpresso_1549/Debug/liblpc_board_nxp_lpcxpresso_1549.a(board.o)
                0x0000000000000948                Board_UARTPutChar
 .text.Board_UARTGetChar
                0x000000000000096c       0x2c /Users/DBY/Metro_SemesterV/Embedded Programming/MCUXpressoIDE_11.6.0_8187/workspace/lpc_board_nxp_lpcxpresso_1549/Debug/liblpc_board_nxp_lpcxpresso_1549.a(board.o)
                0x000000000000096c                Board_UARTGetChar
 .text.Board_Debug_Init
                0x0000000000000998       0x70 /Users/DBY/Metro_SemesterV/Embedded Programming/MCUXpressoIDE_11.6.0_8187/workspace/lpc_board_nxp_lpcxpresso_1549/Debug/liblpc_board_nxp_lpcxpresso_1549.a(board.o)
                0x0000000000000998                Board_Debug_Init
 .text.Board_LED_Init
                0x0000000000000a08       0x60 /Users/DBY/Metro_SemesterV/Embedded Programming/MCUXpressoIDE_11.6.0_8187/workspace/lpc_board_nxp_lpcxpresso_1549/Debug/liblpc_board_nxp_lpcxpresso_1549.a(board.o)
 .text.Board_LED_Set
                0x0000000000000a68       0x54 /Users/DBY/Metro_SemesterV/Embedded Programming/MCUXpressoIDE_11.6.0_8187/workspace/lpc_board_nxp_lpcxpresso_1549/Debug/liblpc_board_nxp_lpcxpresso_1549.a(board.o)
                0x0000000000000a68                Board_LED_Set
 .text.Board_Init
                0x0000000000000abc       0x18 /Users/DBY/Metro_SemesterV/Embedded Programming/MCUXpressoIDE_11.6.0_8187/workspace/lpc_board_nxp_lpcxpresso_1549/Debug/liblpc_board_nxp_lpcxpresso_1549.a(board.o)
                0x0000000000000abc                Board_Init
 .text.Chip_SYSCTL_PeriphReset
                0x0000000000000ad4       0x22 /Users/DBY/Metro_SemesterV/Embedded Programming/MCUXpressoIDE_11.6.0_8187/workspace/lpc_board_nxp_lpcxpresso_1549/Debug/liblpc_board_nxp_lpcxpresso_1549.a(board_sysinit.o)
 *fill*         0x0000000000000af6        0x2 ff
 .text.Chip_Clock_SetUSBPLLSource
                0x0000000000000af8       0x20 /Users/DBY/Metro_SemesterV/Embedded Programming/MCUXpressoIDE_11.6.0_8187/workspace/lpc_board_nxp_lpcxpresso_1549/Debug/liblpc_board_nxp_lpcxpresso_1549.a(board_sysinit.o)
 .text.Chip_Clock_SetupUSBPLL
                0x0000000000000b18       0x34 /Users/DBY/Metro_SemesterV/Embedded Programming/MCUXpressoIDE_11.6.0_8187/workspace/lpc_board_nxp_lpcxpresso_1549/Debug/liblpc_board_nxp_lpcxpresso_1549.a(board_sysinit.o)
 .text.Chip_Clock_IsUSBPLLLocked
                0x0000000000000b4c       0x24 /Users/DBY/Metro_SemesterV/Embedded Programming/MCUXpressoIDE_11.6.0_8187/workspace/lpc_board_nxp_lpcxpresso_1549/Debug/liblpc_board_nxp_lpcxpresso_1549.a(board_sysinit.o)
 .text.Chip_Clock_SetSysTickClockDiv
                0x0000000000000b70       0x20 /Users/DBY/Metro_SemesterV/Embedded Programming/MCUXpressoIDE_11.6.0_8187/workspace/lpc_board_nxp_lpcxpresso_1549/Debug/liblpc_board_nxp_lpcxpresso_1549.a(board_sysinit.o)
 .text.Chip_SWM_MovablePortPinAssign
                0x0000000000000b90       0x30 /Users/DBY/Metro_SemesterV/Embedded Programming/MCUXpressoIDE_11.6.0_8187/workspace/lpc_board_nxp_lpcxpresso_1549/Debug/liblpc_board_nxp_lpcxpresso_1549.a(board_sysinit.o)
 .text.Board_SetupMuxing
                0x0000000000000bc0       0x84 /Users/DBY/Metro_SemesterV/Embedded Programming/MCUXpressoIDE_11.6.0_8187/workspace/lpc_board_nxp_lpcxpresso_1549/Debug/liblpc_board_nxp_lpcxpresso_1549.a(board_sysinit.o)
                0x0000000000000bc0                Board_SetupMuxing
 .text.Board_SetupClocking
                0x0000000000000c44       0x3a /Users/DBY/Metro_SemesterV/Embedded Programming/MCUXpressoIDE_11.6.0_8187/workspace/lpc_board_nxp_lpcxpresso_1549/Debug/liblpc_board_nxp_lpcxpresso_1549.a(board_sysinit.o)
                0x0000000000000c44                Board_SetupClocking
 *fill*         0x0000000000000c7e        0x2 ff
 .text.Board_SystemInit
                0x0000000000000c80       0x1c /Users/DBY/Metro_SemesterV/Embedded Programming/MCUXpressoIDE_11.6.0_8187/workspace/lpc_board_nxp_lpcxpresso_1549/Debug/liblpc_board_nxp_lpcxpresso_1549.a(board_sysinit.o)
                0x0000000000000c80                Board_SystemInit
 .text.SystemCoreClockUpdate
                0x0000000000000c9c       0x18 /Users/DBY/Metro_SemesterV/Embedded Programming/MCUXpressoIDE_11.6.0_8187/workspace/lpc_chip_15xx/Debug/liblpc_chip_15xx.a(chip_15xx.o)
                0x0000000000000c9c                SystemCoreClockUpdate
 .text.Chip_Clock_SetMain_A_ClockSource
                0x0000000000000cb4       0x20 /Users/DBY/Metro_SemesterV/Embedded Programming/MCUXpressoIDE_11.6.0_8187/workspace/lpc_chip_15xx/Debug/liblpc_chip_15xx.a(clock_15xx.o)
 .text.Chip_Clock_GetMain_A_ClockSource
                0x0000000000000cd4       0x18 /Users/DBY/Metro_SemesterV/Embedded Programming/MCUXpressoIDE_11.6.0_8187/workspace/lpc_chip_15xx/Debug/liblpc_chip_15xx.a(clock_15xx.o)
 .text.Chip_Clock_SetMain_B_ClockSource
                0x0000000000000cec       0x20 /Users/DBY/Metro_SemesterV/Embedded Programming/MCUXpressoIDE_11.6.0_8187/workspace/lpc_chip_15xx/Debug/liblpc_chip_15xx.a(clock_15xx.o)
 .text.Chip_Clock_GetMain_B_ClockSource
                0x0000000000000d0c       0x18 /Users/DBY/Metro_SemesterV/Embedded Programming/MCUXpressoIDE_11.6.0_8187/workspace/lpc_chip_15xx/Debug/liblpc_chip_15xx.a(clock_15xx.o)
 .text.Chip_Clock_GetSysTickClockDiv
                0x0000000000000d24       0x18 /Users/DBY/Metro_SemesterV/Embedded Programming/MCUXpressoIDE_11.6.0_8187/workspace/lpc_chip_15xx/Debug/liblpc_chip_15xx.a(clock_15xx.o)
 .text.Chip_Clock_SetUARTFRGDivider
                0x0000000000000d3c       0x20 /Users/DBY/Metro_SemesterV/Embedded Programming/MCUXpressoIDE_11.6.0_8187/workspace/lpc_chip_15xx/Debug/liblpc_chip_15xx.a(clock_15xx.o)
 .text.Chip_Clock_GetUARTFRGDivider
                0x0000000000000d5c       0x18 /Users/DBY/Metro_SemesterV/Embedded Programming/MCUXpressoIDE_11.6.0_8187/workspace/lpc_chip_15xx/Debug/liblpc_chip_15xx.a(clock_15xx.o)
 .text.Chip_Clock_GetMainOscRate
                0x0000000000000d74       0x14 /Users/DBY/Metro_SemesterV/Embedded Programming/MCUXpressoIDE_11.6.0_8187/workspace/lpc_chip_15xx/Debug/liblpc_chip_15xx.a(clock_15xx.o)
 .text.Chip_Clock_GetIntOscRate
                0x0000000000000d88       0x14 /Users/DBY/Metro_SemesterV/Embedded Programming/MCUXpressoIDE_11.6.0_8187/workspace/lpc_chip_15xx/Debug/liblpc_chip_15xx.a(clock_15xx.o)
 .text.Chip_Clock_GetRTCOscRate
                0x0000000000000d9c       0x14 /Users/DBY/Metro_SemesterV/Embedded Programming/MCUXpressoIDE_11.6.0_8187/workspace/lpc_chip_15xx/Debug/liblpc_chip_15xx.a(clock_15xx.o)
 .text.Chip_Clock_GetWDTOSCRate
                0x0000000000000db0       0x14 /Users/DBY/Metro_SemesterV/Embedded Programming/MCUXpressoIDE_11.6.0_8187/workspace/lpc_chip_15xx/Debug/liblpc_chip_15xx.a(clock_15xx.o)
 .text.Chip_Clock_GetPLLFreq
                0x0000000000000dc4       0x26 /Users/DBY/Metro_SemesterV/Embedded Programming/MCUXpressoIDE_11.6.0_8187/workspace/lpc_chip_15xx/Debug/liblpc_chip_15xx.a(clock_15xx.o)
 .text.Chip_Clock_GetPLLInClockRate
                0x0000000000000dea       0x38 /Users/DBY/Metro_SemesterV/Embedded Programming/MCUXpressoIDE_11.6.0_8187/workspace/lpc_chip_15xx/Debug/liblpc_chip_15xx.a(clock_15xx.o)
 *fill*         0x0000000000000e22        0x2 ff
 .text.Chip_Clock_GetSystemPLLInClockRate
                0x0000000000000e24       0x1c /Users/DBY/Metro_SemesterV/Embedded Programming/MCUXpressoIDE_11.6.0_8187/workspace/lpc_chip_15xx/Debug/liblpc_chip_15xx.a(clock_15xx.o)
                0x0000000000000e24                Chip_Clock_GetSystemPLLInClockRate
 .text.Chip_Clock_GetSystemPLLOutClockRate
                0x0000000000000e40       0x24 /Users/DBY/Metro_SemesterV/Embedded Programming/MCUXpressoIDE_11.6.0_8187/workspace/lpc_chip_15xx/Debug/liblpc_chip_15xx.a(clock_15xx.o)
                0x0000000000000e40                Chip_Clock_GetSystemPLLOutClockRate
 .text.Chip_Clock_GetMain_A_ClockRate
                0x0000000000000e64       0x4a /Users/DBY/Metro_SemesterV/Embedded Programming/MCUXpressoIDE_11.6.0_8187/workspace/lpc_chip_15xx/Debug/liblpc_chip_15xx.a(clock_15xx.o)
                0x0000000000000e64                Chip_Clock_GetMain_A_ClockRate
 *fill*         0x0000000000000eae        0x2 ff
 .text.Chip_Clock_GetMain_B_ClockRate
                0x0000000000000eb0       0x58 /Users/DBY/Metro_SemesterV/Embedded Programming/MCUXpressoIDE_11.6.0_8187/workspace/lpc_chip_15xx/Debug/liblpc_chip_15xx.a(clock_15xx.o)
                0x0000000000000eb0                Chip_Clock_GetMain_B_ClockRate
 .text.Chip_Clock_SetMainClockSource
                0x0000000000000f08       0x3c /Users/DBY/Metro_SemesterV/Embedded Programming/MCUXpressoIDE_11.6.0_8187/workspace/lpc_chip_15xx/Debug/liblpc_chip_15xx.a(clock_15xx.o)
                0x0000000000000f08                Chip_Clock_SetMainClockSource
 .text.Chip_Clock_GetMainClockRate
                0x0000000000000f44       0x28 /Users/DBY/Metro_SemesterV/Embedded Programming/MCUXpressoIDE_11.6.0_8187/workspace/lpc_chip_15xx/Debug/liblpc_chip_15xx.a(clock_15xx.o)
                0x0000000000000f44                Chip_Clock_GetMainClockRate
 .text.Chip_Clock_EnablePeriphClock
                0x0000000000000f6c       0x58 /Users/DBY/Metro_SemesterV/Embedded Programming/MCUXpressoIDE_11.6.0_8187/workspace/lpc_chip_15xx/Debug/liblpc_chip_15xx.a(clock_15xx.o)
                0x0000000000000f6c                Chip_Clock_EnablePeriphClock
 .text.Chip_Clock_GetSysTickClockRate
                0x0000000000000fc4       0x30 /Users/DBY/Metro_SemesterV/Embedded Programming/MCUXpressoIDE_11.6.0_8187/workspace/lpc_chip_15xx/Debug/liblpc_chip_15xx.a(clock_15xx.o)
                0x0000000000000fc4                Chip_Clock_GetSysTickClockRate
 .text.Chip_Clock_GetUARTBaseClockRate
                0x0000000000000ff4       0x94 /Users/DBY/Metro_SemesterV/Embedded Programming/MCUXpressoIDE_11.6.0_8187/workspace/lpc_chip_15xx/Debug/liblpc_chip_15xx.a(clock_15xx.o)
                0x0000000000000ff4                Chip_Clock_GetUARTBaseClockRate
 .text.Chip_Clock_SetUARTBaseClockRate
                0x0000000000001088       0xac /Users/DBY/Metro_SemesterV/Embedded Programming/MCUXpressoIDE_11.6.0_8187/workspace/lpc_chip_15xx/Debug/liblpc_chip_15xx.a(clock_15xx.o)
                0x0000000000001088                Chip_Clock_SetUARTBaseClockRate
 .text.Chip_Clock_GetSystemClockRate
                0x0000000000001134       0x1c /Users/DBY/Metro_SemesterV/Embedded Programming/MCUXpressoIDE_11.6.0_8187/workspace/lpc_chip_15xx/Debug/liblpc_chip_15xx.a(clock_15xx.o)
                0x0000000000001134                Chip_Clock_GetSystemClockRate
 .text.Chip_SYSCTL_PeriphReset
                0x0000000000001150       0x22 /Users/DBY/Metro_SemesterV/Embedded Programming/MCUXpressoIDE_11.6.0_8187/workspace/lpc_chip_15xx/Debug/liblpc_chip_15xx.a(gpio_15xx.o)
 .text.Chip_GPIO_Init
                0x0000000000001172       0x2e /Users/DBY/Metro_SemesterV/Embedded Programming/MCUXpressoIDE_11.6.0_8187/workspace/lpc_chip_15xx/Debug/liblpc_chip_15xx.a(gpio_15xx.o)
                0x0000000000001172                Chip_GPIO_Init
 .text.Chip_IOCON_PinMuxSet
                0x00000000000011a0       0x2c /Users/DBY/Metro_SemesterV/Embedded Programming/MCUXpressoIDE_11.6.0_8187/workspace/lpc_chip_15xx/Debug/liblpc_chip_15xx.a(iocon_15xx.o)
 .text.Chip_IOCON_SetPinMuxing
                0x00000000000011cc       0x50 /Users/DBY/Metro_SemesterV/Embedded Programming/MCUXpressoIDE_11.6.0_8187/workspace/lpc_chip_15xx/Debug/liblpc_chip_15xx.a(iocon_15xx.o)
                0x00000000000011cc                Chip_IOCON_SetPinMuxing
 .text.Chip_SWM_MovablePinAssign
                0x000000000000121c       0x5c /Users/DBY/Metro_SemesterV/Embedded Programming/MCUXpressoIDE_11.6.0_8187/workspace/lpc_chip_15xx/Debug/liblpc_chip_15xx.a(swm_15xx.o)
                0x000000000000121c                Chip_SWM_MovablePinAssign
 .text.Chip_SYSCTL_AssertPeriphReset
                0x0000000000001278       0x4c /Users/DBY/Metro_SemesterV/Embedded Programming/MCUXpressoIDE_11.6.0_8187/workspace/lpc_chip_15xx/Debug/liblpc_chip_15xx.a(sysctl_15xx.o)
                0x0000000000001278                Chip_SYSCTL_AssertPeriphReset
 .text.Chip_SYSCTL_DeassertPeriphReset
                0x00000000000012c4       0x50 /Users/DBY/Metro_SemesterV/Embedded Programming/MCUXpressoIDE_11.6.0_8187/workspace/lpc_chip_15xx/Debug/liblpc_chip_15xx.a(sysctl_15xx.o)
                0x00000000000012c4                Chip_SYSCTL_DeassertPeriphReset
 .text.Chip_SYSCTL_PowerDown
                0x0000000000001314       0x40 /Users/DBY/Metro_SemesterV/Embedded Programming/MCUXpressoIDE_11.6.0_8187/workspace/lpc_chip_15xx/Debug/liblpc_chip_15xx.a(sysctl_15xx.o)
                0x0000000000001314                Chip_SYSCTL_PowerDown
 .text.Chip_SYSCTL_PowerUp
                0x0000000000001354       0x40 /Users/DBY/Metro_SemesterV/Embedded Programming/MCUXpressoIDE_11.6.0_8187/workspace/lpc_chip_15xx/Debug/liblpc_chip_15xx.a(sysctl_15xx.o)
                0x0000000000001354                Chip_SYSCTL_PowerUp
 .text.Chip_FMC_SetFLASHAccess
                0x0000000000001394       0x38 /Users/DBY/Metro_SemesterV/Embedded Programming/MCUXpressoIDE_11.6.0_8187/workspace/lpc_chip_15xx/Debug/liblpc_chip_15xx.a(sysinit_15xx.o)
 .text.Chip_Clock_SetSystemPLLSource
                0x00000000000013cc       0x20 /Users/DBY/Metro_SemesterV/Embedded Programming/MCUXpressoIDE_11.6.0_8187/workspace/lpc_chip_15xx/Debug/liblpc_chip_15xx.a(sysinit_15xx.o)
 .text.Chip_Clock_SetupSystemPLL
                0x00000000000013ec       0x34 /Users/DBY/Metro_SemesterV/Embedded Programming/MCUXpressoIDE_11.6.0_8187/workspace/lpc_chip_15xx/Debug/liblpc_chip_15xx.a(sysinit_15xx.o)
 .text.Chip_Clock_IsSystemPLLLocked
                0x0000000000001420       0x24 /Users/DBY/Metro_SemesterV/Embedded Programming/MCUXpressoIDE_11.6.0_8187/workspace/lpc_chip_15xx/Debug/liblpc_chip_15xx.a(sysinit_15xx.o)
 .text.Chip_Clock_SetSysClockDiv
                0x0000000000001444       0x20 /Users/DBY/Metro_SemesterV/Embedded Programming/MCUXpressoIDE_11.6.0_8187/workspace/lpc_chip_15xx/Debug/liblpc_chip_15xx.a(sysinit_15xx.o)
 .text.Chip_SetupXtalClocking
                0x0000000000001464       0x6c /Users/DBY/Metro_SemesterV/Embedded Programming/MCUXpressoIDE_11.6.0_8187/workspace/lpc_chip_15xx/Debug/liblpc_chip_15xx.a(sysinit_15xx.o)
                0x0000000000001464                Chip_SetupXtalClocking
 .text.Chip_SYSCTL_PeriphReset
                0x00000000000014d0       0x22 /Users/DBY/Metro_SemesterV/Embedded Programming/MCUXpressoIDE_11.6.0_8187/workspace/lpc_chip_15xx/Debug/liblpc_chip_15xx.a(uart_15xx.o)
 .text.Chip_UART_SendByte
                0x00000000000014f2       0x1c /Users/DBY/Metro_SemesterV/Embedded Programming/MCUXpressoIDE_11.6.0_8187/workspace/lpc_chip_15xx/Debug/liblpc_chip_15xx.a(uart_15xx.o)
 .text.Chip_UART_ReadByte
                0x000000000000150e       0x1a /Users/DBY/Metro_SemesterV/Embedded Programming/MCUXpressoIDE_11.6.0_8187/workspace/lpc_chip_15xx/Debug/liblpc_chip_15xx.a(uart_15xx.o)
 .text.Chip_UART_GetStatus
                0x0000000000001528       0x16 /Users/DBY/Metro_SemesterV/Embedded Programming/MCUXpressoIDE_11.6.0_8187/workspace/lpc_chip_15xx/Debug/liblpc_chip_15xx.a(uart_15xx.o)
 *fill*         0x000000000000153e        0x2 ff
 .text.getUARTClockID
                0x0000000000001540       0x34 /Users/DBY/Metro_SemesterV/Embedded Programming/MCUXpressoIDE_11.6.0_8187/workspace/lpc_chip_15xx/Debug/liblpc_chip_15xx.a(uart_15xx.o)
 .text.Chip_UART_Init
                0x0000000000001574       0x4c /Users/DBY/Metro_SemesterV/Embedded Programming/MCUXpressoIDE_11.6.0_8187/workspace/lpc_chip_15xx/Debug/liblpc_chip_15xx.a(uart_15xx.o)
                0x0000000000001574                Chip_UART_Init
 .text.Chip_UART_Send
                0x00000000000015c0       0x50 /Users/DBY/Metro_SemesterV/Embedded Programming/MCUXpressoIDE_11.6.0_8187/workspace/lpc_chip_15xx/Debug/liblpc_chip_15xx.a(uart_15xx.o)
                0x00000000000015c0                Chip_UART_Send
 .text.Chip_UART_SendBlocking
                0x0000000000001610       0x4a /Users/DBY/Metro_SemesterV/Embedded Programming/MCUXpressoIDE_11.6.0_8187/workspace/lpc_chip_15xx/Debug/liblpc_chip_15xx.a(uart_15xx.o)
                0x0000000000001610                Chip_UART_SendBlocking
 .text.Chip_UART_Read
                0x000000000000165a       0x52 /Users/DBY/Metro_SemesterV/Embedded Programming/MCUXpressoIDE_11.6.0_8187/workspace/lpc_chip_15xx/Debug/liblpc_chip_15xx.a(uart_15xx.o)
                0x000000000000165a                Chip_UART_Read
 .text.Chip_UART_SetBaud
                0x00000000000016ac       0x2a /Users/DBY/Metro_SemesterV/Embedded Programming/MCUXpressoIDE_11.6.0_8187/workspace/lpc_chip_15xx/Debug/liblpc_chip_15xx.a(uart_15xx.o)
                0x00000000000016ac                Chip_UART_SetBaud
 *fill*         0x00000000000016d6        0x2 ff
 .text          0x00000000000016d8       0x30 /Applications/MCUXpressoIDE_11.6.0_8187/ide/plugins/com.nxp.mcuxpresso.tools.macosx_11.6.0.202112161359/tools/bin/../lib/gcc/arm-none-eabi/10.3.1/thumb/v7-m/nofp/libgcc.a(_aeabi_uldivmod.o)
                0x00000000000016d8                __aeabi_uldivmod
 .text          0x0000000000001708      0x2d4 /Applications/MCUXpressoIDE_11.6.0_8187/ide/plugins/com.nxp.mcuxpresso.tools.macosx_11.6.0.202112161359/tools/bin/../lib/gcc/arm-none-eabi/10.3.1/thumb/v7-m/nofp/libgcc.a(_udivmoddi4.o)
                0x0000000000001708                __udivmoddi4
 .text          0x00000000000019dc        0x4 /Applications/MCUXpressoIDE_11.6.0_8187/ide/plugins/com.nxp.mcuxpresso.tools.macosx_11.6.0.202112161359/tools/bin/../lib/gcc/arm-none-eabi/10.3.1/thumb/v7-m/nofp/libgcc.a(_dvmd_tls.o)
                0x00000000000019dc                __aeabi_ldiv0
                0x00000000000019dc                __aeabi_idiv0
 .text.__libc_init_array
                0x00000000000019e0       0x48 /Applications/MCUXpressoIDE_11.6.0_8187/ide/plugins/com.nxp.mcuxpresso.tools.macosx_11.6.0.202112161359/tools/bin/../lib/gcc/arm-none-eabi/10.3.1/../../../../arm-none-eabi/lib/thumb/v7-m/nofp/libc.a(lib_a-init.o)
                0x00000000000019e0                __libc_init_array
 .text.free     0x0000000000001a28       0x10 /Applications/MCUXpressoIDE_11.6.0_8187/ide/plugins/com.nxp.mcuxpresso.tools.macosx_11.6.0.202112161359/tools/bin/../lib/gcc/arm-none-eabi/10.3.1/../../../../arm-none-eabi/lib/thumb/v7-m/nofp/libc.a(lib_a-malloc.o)
                0x0000000000001a28                free
 .text.__malloc_lock
                0x0000000000001a38        0xc /Applications/MCUXpressoIDE_11.6.0_8187/ide/plugins/com.nxp.mcuxpresso.tools.macosx_11.6.0.202112161359/tools/bin/../lib/gcc/arm-none-eabi/10.3.1/../../../../arm-none-eabi/lib/thumb/v7-m/nofp/libc.a(lib_a-mlock.o)
                0x0000000000001a38                __malloc_lock
 .text.__malloc_unlock
                0x0000000000001a44        0xc /Applications/MCUXpressoIDE_11.6.0_8187/ide/plugins/com.nxp.mcuxpresso.tools.macosx_11.6.0.202112161359/tools/bin/../lib/gcc/arm-none-eabi/10.3.1/../../../../arm-none-eabi/lib/thumb/v7-m/nofp/libc.a(lib_a-mlock.o)
                0x0000000000001a44                __malloc_unlock
 .text._sbrk_r  0x0000000000001a50       0x24 /Applications/MCUXpressoIDE_11.6.0_8187/ide/plugins/com.nxp.mcuxpresso.tools.macosx_11.6.0.202112161359/tools/bin/../lib/gcc/arm-none-eabi/10.3.1/../../../../arm-none-eabi/lib/thumb/v7-m/nofp/libc.a(lib_a-sbrkr.o)
                0x0000000000001a50                _sbrk_r
 .text.tolower  0x0000000000001a74       0x14 /Applications/MCUXpressoIDE_11.6.0_8187/ide/plugins/com.nxp.mcuxpresso.tools.macosx_11.6.0.202112161359/tools/bin/../lib/gcc/arm-none-eabi/10.3.1/../../../../arm-none-eabi/lib/thumb/v7-m/nofp/libc.a(lib_a-tolower.o)
                0x0000000000001a74                tolower
 .text.toupper  0x0000000000001a88       0x14 /Applications/MCUXpressoIDE_11.6.0_8187/ide/plugins/com.nxp.mcuxpresso.tools.macosx_11.6.0.202112161359/tools/bin/../lib/gcc/arm-none-eabi/10.3.1/../../../../arm-none-eabi/lib/thumb/v7-m/nofp/libc.a(lib_a-toupper.o)
                0x0000000000001a88                toupper
 .text._malloc_trim_r
                0x0000000000001a9c       0xa0 /Applications/MCUXpressoIDE_11.6.0_8187/ide/plugins/com.nxp.mcuxpresso.tools.macosx_11.6.0.202112161359/tools/bin/../lib/gcc/arm-none-eabi/10.3.1/../../../../arm-none-eabi/lib/thumb/v7-m/nofp/libc.a(lib_a-freer.o)
                0x0000000000001a9c                _malloc_trim_r
 .text._free_r  0x0000000000001b3c      0x200 /Applications/MCUXpressoIDE_11.6.0_8187/ide/plugins/com.nxp.mcuxpresso.tools.macosx_11.6.0.202112161359/tools/bin/../lib/gcc/arm-none-eabi/10.3.1/../../../../arm-none-eabi/lib/thumb/v7-m/nofp/libc.a(lib_a-freer.o)
                0x0000000000001b3c                _free_r
 .text.__retarget_lock_acquire_recursive
                0x0000000000001d3c        0x4 /Applications/MCUXpressoIDE_11.6.0_8187/ide/plugins/com.nxp.mcuxpresso.tools.macosx_11.6.0.202112161359/tools/bin/../lib/gcc/arm-none-eabi/10.3.1/../../../../arm-none-eabi/lib/thumb/v7-m/nofp/libc.a(lib_a-lock.o)
                0x0000000000001d3c                __retarget_lock_acquire_recursive
 .text.__retarget_lock_release_recursive
                0x0000000000001d40        0x4 /Applications/MCUXpressoIDE_11.6.0_8187/ide/plugins/com.nxp.mcuxpresso.tools.macosx_11.6.0.202112161359/tools/bin/../lib/gcc/arm-none-eabi/10.3.1/../../../../arm-none-eabi/lib/thumb/v7-m/nofp/libc.a(lib_a-lock.o)
                0x0000000000001d40                __retarget_lock_release_recursive
 .text._sbrk    0x0000000000001d44       0x3c /Applications/MCUXpressoIDE_11.6.0_8187/ide/plugins/com.nxp.mcuxpresso.tools.macosx_11.6.0.202112161359/tools/bin/../lib/gcc/arm-none-eabi/10.3.1/../../../../arm-none-eabi/lib/thumb/v7-m/nofp/libcr_newlib_nohost.a(_cr_sbrk.o)
                0x0000000000001d44                _sbrk
 .text.__check_heap_overflow
                0x0000000000001d80       0x14 /Applications/MCUXpressoIDE_11.6.0_8187/ide/plugins/com.nxp.mcuxpresso.tools.macosx_11.6.0.202112161359/tools/bin/../lib/gcc/arm-none-eabi/10.3.1/../../../../arm-none-eabi/lib/thumb/v7-m/nofp/libcr_newlib_nohost.a(_cr_check_heap.o)
                0x0000000000001d80                __check_heap_overflow
 .text          0x0000000000001d94       0x40 /Applications/MCUXpressoIDE_11.6.0_8187/ide/plugins/com.nxp.mcuxpresso.tools.macosx_11.6.0.202112161359/tools/bin/../lib/gcc/arm-none-eabi/10.3.1/thumb/v7-m/nofp/crtbegin.o
 .text.__errno  0x0000000000001dd4        0xc /Applications/MCUXpressoIDE_11.6.0_8187/ide/plugins/com.nxp.mcuxpresso.tools.macosx_11.6.0.202112161359/tools/bin/../lib/gcc/arm-none-eabi/10.3.1/../../../../arm-none-eabi/lib/thumb/v7-m/nofp/libc.a(lib_a-errno.o)
                0x0000000000001dd4                __errno
 *(.rodata .rodata.* .constdata .constdata.*)
 .rodata._ZTV12DigitalIoPin
                0x0000000000001de0       0x10 ./src/DigitalIoPin.o
                0x0000000000001de0                vtable for DigitalIoPin
 .rodata.OscRateIn
                0x0000000000001df0        0x4 /Users/DBY/Metro_SemesterV/Embedded Programming/MCUXpressoIDE_11.6.0_8187/workspace/lpc_board_nxp_lpcxpresso_1549/Debug/liblpc_board_nxp_lpcxpresso_1549.a(board.o)
                0x0000000000001df0                OscRateIn
 .rodata.RTCOscRateIn
                0x0000000000001df4        0x4 /Users/DBY/Metro_SemesterV/Embedded Programming/MCUXpressoIDE_11.6.0_8187/workspace/lpc_board_nxp_lpcxpresso_1549/Debug/liblpc_board_nxp_lpcxpresso_1549.a(board.o)
                0x0000000000001df4                RTCOscRateIn
 .rodata.ledpins
                0x0000000000001df8        0x3 /Users/DBY/Metro_SemesterV/Embedded Programming/MCUXpressoIDE_11.6.0_8187/workspace/lpc_board_nxp_lpcxpresso_1549/Debug/liblpc_board_nxp_lpcxpresso_1549.a(board.o)
 *fill*         0x0000000000001dfb        0x1 ff
 .rodata.ledports
                0x0000000000001dfc        0x3 /Users/DBY/Metro_SemesterV/Embedded Programming/MCUXpressoIDE_11.6.0_8187/workspace/lpc_board_nxp_lpcxpresso_1549/Debug/liblpc_board_nxp_lpcxpresso_1549.a(board.o)
 *fill*         0x0000000000001dff        0x1 ff
 .rodata.ioconSetup
                0x0000000000001e00       0x74 /Users/DBY/Metro_SemesterV/Embedded Programming/MCUXpressoIDE_11.6.0_8187/workspace/lpc_board_nxp_lpcxpresso_1549/Debug/liblpc_board_nxp_lpcxpresso_1549.a(board_sysinit.o)
 .rodata.swmSetup
                0x0000000000001e74        0x6 /Users/DBY/Metro_SemesterV/Embedded Programming/MCUXpressoIDE_11.6.0_8187/workspace/lpc_board_nxp_lpcxpresso_1549/Debug/liblpc_board_nxp_lpcxpresso_1549.a(board_sysinit.o)
 *fill*         0x0000000000001e7a        0x2 ff
 .rodata._ctype_
                0x0000000000001e7c      0x101 /Applications/MCUXpressoIDE_11.6.0_8187/ide/plugins/com.nxp.mcuxpresso.tools.macosx_11.6.0.202112161359/tools/bin/../lib/gcc/arm-none-eabi/10.3.1/../../../../arm-none-eabi/lib/thumb/v7-m/nofp/libc.a(lib_a-ctype_.o)
                0x0000000000001e7c                _ctype_
                0x0000000000001f80                . = ALIGN (0x4)
 *fill*         0x0000000000001f7d        0x3 ff
                0x0000000000001f80                . = ALIGN (0x4)
 *(.init)
 .init          0x0000000000001f80        0x4 /Applications/MCUXpressoIDE_11.6.0_8187/ide/plugins/com.nxp.mcuxpresso.tools.macosx_11.6.0.202112161359/tools/bin/../lib/gcc/arm-none-eabi/10.3.1/thumb/v7-m/nofp/crti.o
                0x0000000000001f80                _init
 .init          0x0000000000001f84        0x8 /Applications/MCUXpressoIDE_11.6.0_8187/ide/plugins/com.nxp.mcuxpresso.tools.macosx_11.6.0.202112161359/tools/bin/../lib/gcc/arm-none-eabi/10.3.1/thumb/v7-m/nofp/crtn.o
                0x0000000000001f8c                . = ALIGN (0x4)
                0x0000000000001f8c                __preinit_array_start = .
 *(.preinit_array)
                0x0000000000001f8c                __preinit_array_end = .
                0x0000000000001f8c                . = ALIGN (0x4)
                0x0000000000001f8c                __init_array_start = .
 *(SORT_BY_NAME(.init_array.*))
 *(.init_array)
 .init_array    0x0000000000001f8c        0x4 ./src/Lab3_1.o
 .init_array    0x0000000000001f90        0x4 /Applications/MCUXpressoIDE_11.6.0_8187/ide/plugins/com.nxp.mcuxpresso.tools.macosx_11.6.0.202112161359/tools/bin/../lib/gcc/arm-none-eabi/10.3.1/thumb/v7-m/nofp/crtbegin.o
                0x0000000000001f94                __init_array_end = .
 *(.fini)
 .fini          0x0000000000001f94        0x4 /Applications/MCUXpressoIDE_11.6.0_8187/ide/plugins/com.nxp.mcuxpresso.tools.macosx_11.6.0.202112161359/tools/bin/../lib/gcc/arm-none-eabi/10.3.1/thumb/v7-m/nofp/crti.o
                0x0000000000001f94                _fini
 .fini          0x0000000000001f98        0x8 /Applications/MCUXpressoIDE_11.6.0_8187/ide/plugins/com.nxp.mcuxpresso.tools.macosx_11.6.0.202112161359/tools/bin/../lib/gcc/arm-none-eabi/10.3.1/thumb/v7-m/nofp/crtn.o
                0x0000000000001fa0                . = ALIGN (0x4)
 *crtbegin.o(.ctors)
 *(EXCLUDE_FILE(*crtend.o) .ctors)
 *(SORT_BY_NAME(.ctors.*))
 *crtend.o(.ctors)
                0x0000000000001fa0                . = ALIGN (0x4)
 *crtbegin.o(.dtors)
 *(EXCLUDE_FILE(*crtend.o) .dtors)
 *(SORT_BY_NAME(.dtors.*))
 *crtend.o(.dtors)
                0x0000000000001fa0                . = ALIGN (0x4)

.glue_7         0x0000000000001fa0        0x0
 .glue_7        0x0000000000001fa0        0x0 linker stubs

.glue_7t        0x0000000000001fa0        0x0
 .glue_7t       0x0000000000001fa0        0x0 linker stubs

.vfp11_veneer   0x0000000000001fa0        0x0
 .vfp11_veneer  0x0000000000001fa0        0x0 linker stubs

.v4_bx          0x0000000000001fa0        0x0
 .v4_bx         0x0000000000001fa0        0x0 linker stubs

.iplt           0x0000000000001fa0        0x0
 .iplt          0x0000000000001fa0        0x0 ./src/DigitalIoPin.o

.ARM.extab
 *(.ARM.extab* .gnu.linkonce.armextab.*)

.ARM.exidx      0x0000000000001fa0        0x8
                0x0000000000001fa0                __exidx_start = .
 *(.ARM.exidx* .gnu.linkonce.armexidx.*)
 .ARM.exidx     0x0000000000001fa0        0x8 /Applications/MCUXpressoIDE_11.6.0_8187/ide/plugins/com.nxp.mcuxpresso.tools.macosx_11.6.0.202112161359/tools/bin/../lib/gcc/arm-none-eabi/10.3.1/thumb/v7-m/nofp/libgcc.a(_udivmoddi4.o)
                0x0000000000001fa8                __exidx_end = .
                0x0000000000001fa8                _etext = .

.rel.dyn        0x0000000000001fa8        0x0
 .rel.iplt      0x0000000000001fa8        0x0 ./src/DigitalIoPin.o

.eh_frame       0x0000000000001fa8        0x0
 .eh_frame      0x0000000000001fa8        0x0 /Applications/MCUXpressoIDE_11.6.0_8187/ide/plugins/com.nxp.mcuxpresso.tools.macosx_11.6.0.202112161359/tools/bin/../lib/gcc/arm-none-eabi/10.3.1/thumb/v7-m/nofp/crtbegin.o

.data_RAM2      0x0000000002004000        0x0 load address 0x0000000000001fa8
 FILL mask 0xff
                [!provide]                        PROVIDE (__start_data_RAM2 = .)
                [!provide]                        PROVIDE (__start_data_Ram1_16 = .)
 *(.ramfunc.$RAM2)
 *(.ramfunc.$Ram1_16)
 *(.data.$RAM2)
 *(.data.$Ram1_16)
 *(.data.$RAM2.*)
 *(.data.$Ram1_16.*)
                0x0000000002004000                . = ALIGN (0x4)
                [!provide]                        PROVIDE (__end_data_RAM2 = .)
                [!provide]                        PROVIDE (__end_data_Ram1_16 = .)

.data_RAM3      0x0000000002008000        0x0 load address 0x0000000000001fa8
 FILL mask 0xff
                [!provide]                        PROVIDE (__start_data_RAM3 = .)
                [!provide]                        PROVIDE (__start_data_Ram2_4 = .)
 *(.ramfunc.$RAM3)
 *(.ramfunc.$Ram2_4)
 *(.data.$RAM3)
 *(.data.$Ram2_4)
 *(.data.$RAM3.*)
 *(.data.$Ram2_4.*)
                0x0000000002008000                . = ALIGN (0x4)
                [!provide]                        PROVIDE (__end_data_RAM3 = .)
                [!provide]                        PROVIDE (__end_data_Ram2_4 = .)

.uninit_RESERVED
                0x0000000002000000        0x0
                0x0000000002000000                _start_uninit_RESERVED = .
 *(.bss.$RESERVED*)
                0x0000000002000000                . = ALIGN (0x4)
                0x0000000002000000                _end_uninit_RESERVED = .

.data           0x0000000002000000      0x840 load address 0x0000000000001fa8
 FILL mask 0xff
                0x0000000002000000                _data = .
                [!provide]                        PROVIDE (__start_data_RAM = .)
                [!provide]                        PROVIDE (__start_data_Ram0_16 = .)
 *(vtable)
 *(.ramfunc*)
 *(CodeQuickAccess)
 *(DataQuickAccess)
 *(RamFunction)
 *(.data*)
 .data.__malloc_av_
                0x0000000002000000      0x408 /Applications/MCUXpressoIDE_11.6.0_8187/ide/plugins/com.nxp.mcuxpresso.tools.macosx_11.6.0.202112161359/tools/bin/../lib/gcc/arm-none-eabi/10.3.1/../../../../arm-none-eabi/lib/thumb/v7-m/nofp/libc.a(lib_a-mallocr.o)
                0x0000000002000000                __malloc_av_
 .data.__malloc_sbrk_base
                0x0000000002000408        0x4 /Applications/MCUXpressoIDE_11.6.0_8187/ide/plugins/com.nxp.mcuxpresso.tools.macosx_11.6.0.202112161359/tools/bin/../lib/gcc/arm-none-eabi/10.3.1/../../../../arm-none-eabi/lib/thumb/v7-m/nofp/libc.a(lib_a-mallocr.o)
                0x0000000002000408                __malloc_sbrk_base
 .data.__malloc_trim_threshold
                0x000000000200040c        0x4 /Applications/MCUXpressoIDE_11.6.0_8187/ide/plugins/com.nxp.mcuxpresso.tools.macosx_11.6.0.202112161359/tools/bin/../lib/gcc/arm-none-eabi/10.3.1/../../../../arm-none-eabi/lib/thumb/v7-m/nofp/libc.a(lib_a-mallocr.o)
                0x000000000200040c                __malloc_trim_threshold
 .data._impure_ptr
                0x0000000002000410        0x4 /Applications/MCUXpressoIDE_11.6.0_8187/ide/plugins/com.nxp.mcuxpresso.tools.macosx_11.6.0.202112161359/tools/bin/../lib/gcc/arm-none-eabi/10.3.1/../../../../arm-none-eabi/lib/thumb/v7-m/nofp/libc.a(lib_a-impure.o)
                0x0000000002000410                _impure_ptr
 *fill*         0x0000000002000414        0x4 ff
 .data.impure_data
                0x0000000002000418      0x428 /Applications/MCUXpressoIDE_11.6.0_8187/ide/plugins/com.nxp.mcuxpresso.tools.macosx_11.6.0.202112161359/tools/bin/../lib/gcc/arm-none-eabi/10.3.1/../../../../arm-none-eabi/lib/thumb/v7-m/nofp/libc.a(lib_a-impure.o)
                0x0000000002000840                . = ALIGN (0x4)
                0x0000000002000840                _edata = .
                [!provide]                        PROVIDE (__end_data_RAM = .)
                [!provide]                        PROVIDE (__end_data_Ram0_16 = .)

.igot.plt       0x0000000002000840        0x0 load address 0x00000000000027e8
 .igot.plt      0x0000000002000840        0x0 ./src/DigitalIoPin.o

.bss_RAM2       0x0000000002004000        0x0
                [!provide]                        PROVIDE (__start_bss_RAM2 = .)
                [!provide]                        PROVIDE (__start_bss_Ram1_16 = .)
 *(.bss.$RAM2)
 *(.bss.$Ram1_16)
 *(.bss.$RAM2.*)
 *(.bss.$Ram1_16.*)
                0x0000000002004000                . = ALIGN ((. != 0x0)?0x4:0x1)
                [!provide]                        PROVIDE (__end_bss_RAM2 = .)
                [!provide]                        PROVIDE (__end_bss_Ram1_16 = .)

.bss_RAM3       0x0000000002008000        0x0
                [!provide]                        PROVIDE (__start_bss_RAM3 = .)
                [!provide]                        PROVIDE (__start_bss_Ram2_4 = .)
 *(.bss.$RAM3)
 *(.bss.$Ram2_4)
 *(.bss.$RAM3.*)
 *(.bss.$Ram2_4.*)
                0x0000000002008000                . = ALIGN ((. != 0x0)?0x4:0x1)
                [!provide]                        PROVIDE (__end_bss_RAM3 = .)
                [!provide]                        PROVIDE (__end_bss_Ram2_4 = .)

.bss            0x0000000002000840       0x5c
                0x0000000002000840                _bss = .
                [!provide]                        PROVIDE (__start_bss_RAM = .)
                [!provide]                        PROVIDE (__start_bss_Ram0_16 = .)
 *(.bss*)
 .bss._ZL7counter
                0x0000000002000840        0x4 ./src/Lab3_1.o
 .bss.SystemCoreClock
                0x0000000002000844        0x4 /Users/DBY/Metro_SemesterV/Embedded Programming/MCUXpressoIDE_11.6.0_8187/workspace/lpc_chip_15xx/Debug/liblpc_chip_15xx.a(chip_15xx.o)
                0x0000000002000844                SystemCoreClock
 .bss.__malloc_current_mallinfo
                0x0000000002000848       0x28 /Applications/MCUXpressoIDE_11.6.0_8187/ide/plugins/com.nxp.mcuxpresso.tools.macosx_11.6.0.202112161359/tools/bin/../lib/gcc/arm-none-eabi/10.3.1/../../../../arm-none-eabi/lib/thumb/v7-m/nofp/libc.a(lib_a-mallocr.o)
                0x0000000002000848                __malloc_current_mallinfo
 .bss.__malloc_top_pad
                0x0000000002000870        0x4 /Applications/MCUXpressoIDE_11.6.0_8187/ide/plugins/com.nxp.mcuxpresso.tools.macosx_11.6.0.202112161359/tools/bin/../lib/gcc/arm-none-eabi/10.3.1/../../../../arm-none-eabi/lib/thumb/v7-m/nofp/libc.a(lib_a-mallocr.o)
                0x0000000002000870                __malloc_top_pad
 .bss.__lock___malloc_recursive_mutex
                0x0000000002000874        0x1 /Applications/MCUXpressoIDE_11.6.0_8187/ide/plugins/com.nxp.mcuxpresso.tools.macosx_11.6.0.202112161359/tools/bin/../lib/gcc/arm-none-eabi/10.3.1/../../../../arm-none-eabi/lib/thumb/v7-m/nofp/libc.a(lib_a-lock.o)
                0x0000000002000874                __lock___malloc_recursive_mutex
 *fill*         0x0000000002000875        0x3 
 .bss.errno     0x0000000002000878        0x4 /Applications/MCUXpressoIDE_11.6.0_8187/ide/plugins/com.nxp.mcuxpresso.tools.macosx_11.6.0.202112161359/tools/bin/../lib/gcc/arm-none-eabi/10.3.1/../../../../arm-none-eabi/lib/thumb/v7-m/nofp/libc.a(lib_a-reent.o)
                0x0000000002000878                errno
 .bss.__end_of_heap
                0x000000000200087c        0x4 /Applications/MCUXpressoIDE_11.6.0_8187/ide/plugins/com.nxp.mcuxpresso.tools.macosx_11.6.0.202112161359/tools/bin/../lib/gcc/arm-none-eabi/10.3.1/../../../../arm-none-eabi/lib/thumb/v7-m/nofp/libcr_newlib_nohost.a(_cr_sbrk.o)
                0x000000000200087c                __end_of_heap
 .bss           0x0000000002000880       0x1c /Applications/MCUXpressoIDE_11.6.0_8187/ide/plugins/com.nxp.mcuxpresso.tools.macosx_11.6.0.202112161359/tools/bin/../lib/gcc/arm-none-eabi/10.3.1/thumb/v7-m/nofp/crtbegin.o
 *(COMMON)
                0x000000000200089c                . = ALIGN (0x4)
                0x000000000200089c                _ebss = .
                [!provide]                        PROVIDE (__end_bss_RAM = .)
                [!provide]                        PROVIDE (__end_bss_Ram0_16 = .)
                [!provide]                        PROVIDE (end = .)

.noinit_RAM2    0x0000000002004000        0x0
                [!provide]                        PROVIDE (__start_noinit_RAM2 = .)
                [!provide]                        PROVIDE (__start_noinit_Ram1_16 = .)
 *(.noinit.$RAM2)
 *(.noinit.$Ram1_16)
 *(.noinit.$RAM2.*)
 *(.noinit.$Ram1_16.*)
                0x0000000002004000                . = ALIGN (0x4)
                [!provide]                        PROVIDE (__end_noinit_RAM2 = .)
                [!provide]                        PROVIDE (__end_noinit_Ram1_16 = .)

.noinit_RAM3    0x0000000002008000        0x0
                [!provide]                        PROVIDE (__start_noinit_RAM3 = .)
                [!provide]                        PROVIDE (__start_noinit_Ram2_4 = .)
 *(.noinit.$RAM3)
 *(.noinit.$Ram2_4)
 *(.noinit.$RAM3.*)
 *(.noinit.$Ram2_4.*)
                0x0000000002008000                . = ALIGN (0x4)
                [!provide]                        PROVIDE (__end_noinit_RAM3 = .)
                [!provide]                        PROVIDE (__end_noinit_Ram2_4 = .)

.noinit         0x000000000200089c        0x0
                0x000000000200089c                _noinit = .
                [!provide]                        PROVIDE (__start_noinit_RAM = .)
                [!provide]                        PROVIDE (__start_noinit_Ram0_16 = .)
 *(.noinit*)
                0x000000000200089c                . = ALIGN (0x4)
                0x000000000200089c                _end_noinit = .
                [!provide]                        PROVIDE (__end_noinit_RAM = .)
                [!provide]                        PROVIDE (__end_noinit_Ram0_16 = .)
                0x000000000200089c                PROVIDE (_pvHeapStart = DEFINED (__user_heap_base)?__user_heap_base:.)
                0x0000000002004000                PROVIDE (_vStackTop = DEFINED (__user_stack_top)?__user_stack_top:(__top_Ram0_16 - 0x0))
                0xfffffffffdffb2e2                PROVIDE (__valid_user_code_checksum = (0x0 - ((((((_vStackTop + (ResetISR + 0x1)) + (NMI_Handler + 0x1)) + (HardFault_Handler + 0x1)) + (DEFINED (MemManage_Handler)?MemManage_Handler:0x0 + 0x1)) + (DEFINED (BusFault_Handler)?BusFault_Handler:0x0 + 0x1)) + (DEFINED (UsageFault_Handler)?UsageFault_Handler:0x0 + 0x1))))
                0x0000000000000000                _image_start = LOADADDR (.text)
                0x00000000000027e8                _image_end = (LOADADDR (.data) + SIZEOF (.data))
                0x00000000000027e8                _image_size = (_image_end - _image_start)
OUTPUT(Lab3_1.axf elf32-littlearm)
LOAD linker stubs

.debug_info     0x0000000000000000     0x8139
 .debug_info    0x0000000000000000      0x5fb ./src/DigitalIoPin.o
 .debug_info    0x00000000000005fb     0x1926 ./src/Lab3_1.o
 .debug_info    0x0000000000001f21      0x9f1 ./src/cr_cpp_config.o
 .debug_info    0x0000000000002912      0x2ac ./src/cr_startup_lpc15xx.o
 .debug_info    0x0000000000002bbe       0x90 ./src/sysinit.o
 .debug_info    0x0000000000002c4e      0xad6 /Users/DBY/Metro_SemesterV/Embedded Programming/MCUXpressoIDE_11.6.0_8187/workspace/lpc_board_nxp_lpcxpresso_1549/Debug/liblpc_board_nxp_lpcxpresso_1549.a(board.o)
 .debug_info    0x0000000000003724      0xc8e /Users/DBY/Metro_SemesterV/Embedded Programming/MCUXpressoIDE_11.6.0_8187/workspace/lpc_board_nxp_lpcxpresso_1549/Debug/liblpc_board_nxp_lpcxpresso_1549.a(board_sysinit.o)
 .debug_info    0x00000000000043b2      0x97f /Users/DBY/Metro_SemesterV/Embedded Programming/MCUXpressoIDE_11.6.0_8187/workspace/lpc_chip_15xx/Debug/liblpc_chip_15xx.a(chip_15xx.o)
 .debug_info    0x0000000000004d31      0xd86 /Users/DBY/Metro_SemesterV/Embedded Programming/MCUXpressoIDE_11.6.0_8187/workspace/lpc_chip_15xx/Debug/liblpc_chip_15xx.a(clock_15xx.o)
 .debug_info    0x0000000000005ab7      0x600 /Users/DBY/Metro_SemesterV/Embedded Programming/MCUXpressoIDE_11.6.0_8187/workspace/lpc_chip_15xx/Debug/liblpc_chip_15xx.a(gpio_15xx.o)
 .debug_info    0x00000000000060b7      0x1cb /Users/DBY/Metro_SemesterV/Embedded Programming/MCUXpressoIDE_11.6.0_8187/workspace/lpc_chip_15xx/Debug/liblpc_chip_15xx.a(iocon_15xx.o)
 .debug_info    0x0000000000006282      0x5ca /Users/DBY/Metro_SemesterV/Embedded Programming/MCUXpressoIDE_11.6.0_8187/workspace/lpc_chip_15xx/Debug/liblpc_chip_15xx.a(swm_15xx.o)
 .debug_info    0x000000000000684c      0x731 /Users/DBY/Metro_SemesterV/Embedded Programming/MCUXpressoIDE_11.6.0_8187/workspace/lpc_chip_15xx/Debug/liblpc_chip_15xx.a(sysctl_15xx.o)
 .debug_info    0x0000000000006f7d      0x70b /Users/DBY/Metro_SemesterV/Embedded Programming/MCUXpressoIDE_11.6.0_8187/workspace/lpc_chip_15xx/Debug/liblpc_chip_15xx.a(sysinit_15xx.o)
 .debug_info    0x0000000000007688      0x90e /Users/DBY/Metro_SemesterV/Embedded Programming/MCUXpressoIDE_11.6.0_8187/workspace/lpc_chip_15xx/Debug/liblpc_chip_15xx.a(uart_15xx.o)
 .debug_info    0x0000000000007f96      0x132 /Applications/MCUXpressoIDE_11.6.0_8187/ide/plugins/com.nxp.mcuxpresso.tools.macosx_11.6.0.202112161359/tools/bin/../lib/gcc/arm-none-eabi/10.3.1/../../../../arm-none-eabi/lib/thumb/v7-m/nofp/libcr_newlib_nohost.a(_cr_sbrk.o)
 .debug_info    0x00000000000080c8       0x71 /Applications/MCUXpressoIDE_11.6.0_8187/ide/plugins/com.nxp.mcuxpresso.tools.macosx_11.6.0.202112161359/tools/bin/../lib/gcc/arm-none-eabi/10.3.1/../../../../arm-none-eabi/lib/thumb/v7-m/nofp/libcr_newlib_nohost.a(_cr_check_heap.o)

.debug_abbrev   0x0000000000000000     0x1e67
 .debug_abbrev  0x0000000000000000      0x27a ./src/DigitalIoPin.o
 .debug_abbrev  0x000000000000027a      0x535 ./src/Lab3_1.o
 .debug_abbrev  0x00000000000007af      0x266 ./src/cr_cpp_config.o
 .debug_abbrev  0x0000000000000a15      0x125 ./src/cr_startup_lpc15xx.o
 .debug_abbrev  0x0000000000000b3a       0x47 ./src/sysinit.o
 .debug_abbrev  0x0000000000000b81      0x23e /Users/DBY/Metro_SemesterV/Embedded Programming/MCUXpressoIDE_11.6.0_8187/workspace/lpc_board_nxp_lpcxpresso_1549/Debug/liblpc_board_nxp_lpcxpresso_1549.a(board.o)
 .debug_abbrev  0x0000000000000dbf      0x232 /Users/DBY/Metro_SemesterV/Embedded Programming/MCUXpressoIDE_11.6.0_8187/workspace/lpc_board_nxp_lpcxpresso_1549/Debug/liblpc_board_nxp_lpcxpresso_1549.a(board_sysinit.o)
 .debug_abbrev  0x0000000000000ff1      0x1c8 /Users/DBY/Metro_SemesterV/Embedded Programming/MCUXpressoIDE_11.6.0_8187/workspace/lpc_chip_15xx/Debug/liblpc_chip_15xx.a(chip_15xx.o)
 .debug_abbrev  0x00000000000011b9      0x2c6 /Users/DBY/Metro_SemesterV/Embedded Programming/MCUXpressoIDE_11.6.0_8187/workspace/lpc_chip_15xx/Debug/liblpc_chip_15xx.a(clock_15xx.o)
 .debug_abbrev  0x000000000000147f      0x15d /Users/DBY/Metro_SemesterV/Embedded Programming/MCUXpressoIDE_11.6.0_8187/workspace/lpc_chip_15xx/Debug/liblpc_chip_15xx.a(gpio_15xx.o)
 .debug_abbrev  0x00000000000015dc      0x129 /Users/DBY/Metro_SemesterV/Embedded Programming/MCUXpressoIDE_11.6.0_8187/workspace/lpc_chip_15xx/Debug/liblpc_chip_15xx.a(iocon_15xx.o)
 .debug_abbrev  0x0000000000001705      0x14e /Users/DBY/Metro_SemesterV/Embedded Programming/MCUXpressoIDE_11.6.0_8187/workspace/lpc_chip_15xx/Debug/liblpc_chip_15xx.a(swm_15xx.o)
 .debug_abbrev  0x0000000000001853      0x11f /Users/DBY/Metro_SemesterV/Embedded Programming/MCUXpressoIDE_11.6.0_8187/workspace/lpc_chip_15xx/Debug/liblpc_chip_15xx.a(sysctl_15xx.o)
 .debug_abbrev  0x0000000000001972      0x1a8 /Users/DBY/Metro_SemesterV/Embedded Programming/MCUXpressoIDE_11.6.0_8187/workspace/lpc_chip_15xx/Debug/liblpc_chip_15xx.a(sysinit_15xx.o)
 .debug_abbrev  0x0000000000001b1a      0x1ff /Users/DBY/Metro_SemesterV/Embedded Programming/MCUXpressoIDE_11.6.0_8187/workspace/lpc_chip_15xx/Debug/liblpc_chip_15xx.a(uart_15xx.o)
 .debug_abbrev  0x0000000000001d19       0xe3 /Applications/MCUXpressoIDE_11.6.0_8187/ide/plugins/com.nxp.mcuxpresso.tools.macosx_11.6.0.202112161359/tools/bin/../lib/gcc/arm-none-eabi/10.3.1/../../../../arm-none-eabi/lib/thumb/v7-m/nofp/libcr_newlib_nohost.a(_cr_sbrk.o)
 .debug_abbrev  0x0000000000001dfc       0x6b /Applications/MCUXpressoIDE_11.6.0_8187/ide/plugins/com.nxp.mcuxpresso.tools.macosx_11.6.0.202112161359/tools/bin/../lib/gcc/arm-none-eabi/10.3.1/../../../../arm-none-eabi/lib/thumb/v7-m/nofp/libcr_newlib_nohost.a(_cr_check_heap.o)

.debug_aranges  0x0000000000000000      0x6f8
 .debug_aranges
                0x0000000000000000       0x68 ./src/DigitalIoPin.o
 .debug_aranges
                0x0000000000000068       0x78 ./src/Lab3_1.o
 .debug_aranges
                0x00000000000000e0       0x48 ./src/cr_cpp_config.o
 .debug_aranges
                0x0000000000000128       0x80 ./src/cr_startup_lpc15xx.o
 .debug_aranges
                0x00000000000001a8       0x20 ./src/sysinit.o
 .debug_aranges
                0x00000000000001c8       0xd0 /Users/DBY/Metro_SemesterV/Embedded Programming/MCUXpressoIDE_11.6.0_8187/workspace/lpc_board_nxp_lpcxpresso_1549/Debug/liblpc_board_nxp_lpcxpresso_1549.a(board.o)
 .debug_aranges
                0x0000000000000298       0x60 /Users/DBY/Metro_SemesterV/Embedded Programming/MCUXpressoIDE_11.6.0_8187/workspace/lpc_board_nxp_lpcxpresso_1549/Debug/liblpc_board_nxp_lpcxpresso_1549.a(board_sysinit.o)
 .debug_aranges
                0x00000000000002f8       0x50 /Users/DBY/Metro_SemesterV/Embedded Programming/MCUXpressoIDE_11.6.0_8187/workspace/lpc_chip_15xx/Debug/liblpc_chip_15xx.a(chip_15xx.o)
 .debug_aranges
                0x0000000000000348      0x128 /Users/DBY/Metro_SemesterV/Embedded Programming/MCUXpressoIDE_11.6.0_8187/workspace/lpc_chip_15xx/Debug/liblpc_chip_15xx.a(clock_15xx.o)
 .debug_aranges
                0x0000000000000470       0x70 /Users/DBY/Metro_SemesterV/Embedded Programming/MCUXpressoIDE_11.6.0_8187/workspace/lpc_chip_15xx/Debug/liblpc_chip_15xx.a(gpio_15xx.o)
 .debug_aranges
                0x00000000000004e0       0x28 /Users/DBY/Metro_SemesterV/Embedded Programming/MCUXpressoIDE_11.6.0_8187/workspace/lpc_chip_15xx/Debug/liblpc_chip_15xx.a(iocon_15xx.o)
 .debug_aranges
                0x0000000000000508       0x40 /Users/DBY/Metro_SemesterV/Embedded Programming/MCUXpressoIDE_11.6.0_8187/workspace/lpc_chip_15xx/Debug/liblpc_chip_15xx.a(swm_15xx.o)
 .debug_aranges
                0x0000000000000548       0x50 /Users/DBY/Metro_SemesterV/Embedded Programming/MCUXpressoIDE_11.6.0_8187/workspace/lpc_chip_15xx/Debug/liblpc_chip_15xx.a(sysctl_15xx.o)
 .debug_aranges
                0x0000000000000598       0x58 /Users/DBY/Metro_SemesterV/Embedded Programming/MCUXpressoIDE_11.6.0_8187/workspace/lpc_chip_15xx/Debug/liblpc_chip_15xx.a(sysinit_15xx.o)
 .debug_aranges
                0x00000000000005f0       0xc8 /Users/DBY/Metro_SemesterV/Embedded Programming/MCUXpressoIDE_11.6.0_8187/workspace/lpc_chip_15xx/Debug/liblpc_chip_15xx.a(uart_15xx.o)
 .debug_aranges
                0x00000000000006b8       0x20 /Applications/MCUXpressoIDE_11.6.0_8187/ide/plugins/com.nxp.mcuxpresso.tools.macosx_11.6.0.202112161359/tools/bin/../lib/gcc/arm-none-eabi/10.3.1/../../../../arm-none-eabi/lib/thumb/v7-m/nofp/libcr_newlib_nohost.a(_cr_sbrk.o)
 .debug_aranges
                0x00000000000006d8       0x20 /Applications/MCUXpressoIDE_11.6.0_8187/ide/plugins/com.nxp.mcuxpresso.tools.macosx_11.6.0.202112161359/tools/bin/../lib/gcc/arm-none-eabi/10.3.1/../../../../arm-none-eabi/lib/thumb/v7-m/nofp/libcr_newlib_nohost.a(_cr_check_heap.o)

.debug_ranges   0x0000000000000000      0x5e8
 .debug_ranges  0x0000000000000000       0x58 ./src/DigitalIoPin.o
 .debug_ranges  0x0000000000000058       0x68 ./src/Lab3_1.o
 .debug_ranges  0x00000000000000c0       0x38 ./src/cr_cpp_config.o
 .debug_ranges  0x00000000000000f8       0x70 ./src/cr_startup_lpc15xx.o
 .debug_ranges  0x0000000000000168       0x10 ./src/sysinit.o
 .debug_ranges  0x0000000000000178       0xc0 /Users/DBY/Metro_SemesterV/Embedded Programming/MCUXpressoIDE_11.6.0_8187/workspace/lpc_board_nxp_lpcxpresso_1549/Debug/liblpc_board_nxp_lpcxpresso_1549.a(board.o)
 .debug_ranges  0x0000000000000238       0x50 /Users/DBY/Metro_SemesterV/Embedded Programming/MCUXpressoIDE_11.6.0_8187/workspace/lpc_board_nxp_lpcxpresso_1549/Debug/liblpc_board_nxp_lpcxpresso_1549.a(board_sysinit.o)
 .debug_ranges  0x0000000000000288       0x40 /Users/DBY/Metro_SemesterV/Embedded Programming/MCUXpressoIDE_11.6.0_8187/workspace/lpc_chip_15xx/Debug/liblpc_chip_15xx.a(chip_15xx.o)
 .debug_ranges  0x00000000000002c8      0x118 /Users/DBY/Metro_SemesterV/Embedded Programming/MCUXpressoIDE_11.6.0_8187/workspace/lpc_chip_15xx/Debug/liblpc_chip_15xx.a(clock_15xx.o)
 .debug_ranges  0x00000000000003e0       0x60 /Users/DBY/Metro_SemesterV/Embedded Programming/MCUXpressoIDE_11.6.0_8187/workspace/lpc_chip_15xx/Debug/liblpc_chip_15xx.a(gpio_15xx.o)
 .debug_ranges  0x0000000000000440       0x18 /Users/DBY/Metro_SemesterV/Embedded Programming/MCUXpressoIDE_11.6.0_8187/workspace/lpc_chip_15xx/Debug/liblpc_chip_15xx.a(iocon_15xx.o)
 .debug_ranges  0x0000000000000458       0x30 /Users/DBY/Metro_SemesterV/Embedded Programming/MCUXpressoIDE_11.6.0_8187/workspace/lpc_chip_15xx/Debug/liblpc_chip_15xx.a(swm_15xx.o)
 .debug_ranges  0x0000000000000488       0x40 /Users/DBY/Metro_SemesterV/Embedded Programming/MCUXpressoIDE_11.6.0_8187/workspace/lpc_chip_15xx/Debug/liblpc_chip_15xx.a(sysctl_15xx.o)
 .debug_ranges  0x00000000000004c8       0x48 /Users/DBY/Metro_SemesterV/Embedded Programming/MCUXpressoIDE_11.6.0_8187/workspace/lpc_chip_15xx/Debug/liblpc_chip_15xx.a(sysinit_15xx.o)
 .debug_ranges  0x0000000000000510       0xb8 /Users/DBY/Metro_SemesterV/Embedded Programming/MCUXpressoIDE_11.6.0_8187/workspace/lpc_chip_15xx/Debug/liblpc_chip_15xx.a(uart_15xx.o)
 .debug_ranges  0x00000000000005c8       0x10 /Applications/MCUXpressoIDE_11.6.0_8187/ide/plugins/com.nxp.mcuxpresso.tools.macosx_11.6.0.202112161359/tools/bin/../lib/gcc/arm-none-eabi/10.3.1/../../../../arm-none-eabi/lib/thumb/v7-m/nofp/libcr_newlib_nohost.a(_cr_sbrk.o)
 .debug_ranges  0x00000000000005d8       0x10 /Applications/MCUXpressoIDE_11.6.0_8187/ide/plugins/com.nxp.mcuxpresso.tools.macosx_11.6.0.202112161359/tools/bin/../lib/gcc/arm-none-eabi/10.3.1/../../../../arm-none-eabi/lib/thumb/v7-m/nofp/libcr_newlib_nohost.a(_cr_check_heap.o)

.debug_macro    0x0000000000000000     0x8daf
 .debug_macro   0x0000000000000000      0x374 ./src/DigitalIoPin.o
 .debug_macro   0x0000000000000374      0xb32 ./src/DigitalIoPin.o
 .debug_macro   0x0000000000000ea6       0x1c ./src/DigitalIoPin.o
 .debug_macro   0x0000000000000ec2       0x22 ./src/DigitalIoPin.o
 .debug_macro   0x0000000000000ee4       0x56 ./src/DigitalIoPin.o
 .debug_macro   0x0000000000000f3a       0x51 ./src/DigitalIoPin.o
 .debug_macro   0x0000000000000f8b      0x103 ./src/DigitalIoPin.o
 .debug_macro   0x000000000000108e       0x6a ./src/DigitalIoPin.o
 .debug_macro   0x00000000000010f8      0x1df ./src/DigitalIoPin.o
 .debug_macro   0x00000000000012d7       0x16 ./src/DigitalIoPin.o
 .debug_macro   0x00000000000012ed       0x7b ./src/DigitalIoPin.o
 .debug_macro   0x0000000000001368       0x10 ./src/DigitalIoPin.o
 .debug_macro   0x0000000000001378       0x2d ./src/DigitalIoPin.o
 .debug_macro   0x00000000000013a5       0x3a ./src/DigitalIoPin.o
 .debug_macro   0x00000000000013df       0x2d ./src/DigitalIoPin.o
 .debug_macro   0x000000000000140c      0xa7d ./src/DigitalIoPin.o
 .debug_macro   0x0000000000001e89      0x1b4 ./src/DigitalIoPin.o
 .debug_macro   0x000000000000203d       0xca ./src/DigitalIoPin.o
 .debug_macro   0x0000000000002107       0x18 ./src/DigitalIoPin.o
 .debug_macro   0x000000000000211f       0xb2 ./src/DigitalIoPin.o
 .debug_macro   0x00000000000021d1       0x70 ./src/DigitalIoPin.o
 .debug_macro   0x0000000000002241       0x46 ./src/DigitalIoPin.o
 .debug_macro   0x0000000000002287       0xd0 ./src/DigitalIoPin.o
 .debug_macro   0x0000000000002357       0x40 ./src/DigitalIoPin.o
 .debug_macro   0x0000000000002397      0x233 ./src/DigitalIoPin.o
 .debug_macro   0x00000000000025ca       0x16 ./src/DigitalIoPin.o
 .debug_macro   0x00000000000025e0       0x88 ./src/DigitalIoPin.o
 .debug_macro   0x0000000000002668       0x34 ./src/DigitalIoPin.o
 .debug_macro   0x000000000000269c       0x6a ./src/DigitalIoPin.o
 .debug_macro   0x0000000000002706       0x40 ./src/DigitalIoPin.o
 .debug_macro   0x0000000000002746       0x1c ./src/DigitalIoPin.o
 .debug_macro   0x0000000000002762       0x16 ./src/DigitalIoPin.o
 .debug_macro   0x0000000000002778      0x10c ./src/DigitalIoPin.o
 .debug_macro   0x0000000000002884      0x2a9 ./src/DigitalIoPin.o
 .debug_macro   0x0000000000002b2d       0x76 ./src/DigitalIoPin.o
 .debug_macro   0x0000000000002ba3       0x22 ./src/DigitalIoPin.o
 .debug_macro   0x0000000000002bc5      0x152 ./src/DigitalIoPin.o
 .debug_macro   0x0000000000002d17       0x82 ./src/DigitalIoPin.o
 .debug_macro   0x0000000000002d99       0xe6 ./src/DigitalIoPin.o
 .debug_macro   0x0000000000002e7f       0x3a ./src/DigitalIoPin.o
 .debug_macro   0x0000000000002eb9       0x34 ./src/DigitalIoPin.o
 .debug_macro   0x0000000000002eed       0x10 ./src/DigitalIoPin.o
 .debug_macro   0x0000000000002efd       0x76 ./src/DigitalIoPin.o
 .debug_macro   0x0000000000002f73       0x58 ./src/DigitalIoPin.o
 .debug_macro   0x0000000000002fcb      0x2ca ./src/DigitalIoPin.o
 .debug_macro   0x0000000000003295      0x22b ./src/DigitalIoPin.o
 .debug_macro   0x00000000000034c0       0x2e ./src/DigitalIoPin.o
 .debug_macro   0x00000000000034ee       0x3a ./src/DigitalIoPin.o
 .debug_macro   0x0000000000003528       0x64 ./src/DigitalIoPin.o
 .debug_macro   0x000000000000358c       0x18 ./src/DigitalIoPin.o
 .debug_macro   0x00000000000035a4       0x35 ./src/DigitalIoPin.o
 .debug_macro   0x00000000000035d9       0x34 ./src/DigitalIoPin.o
 .debug_macro   0x000000000000360d       0x16 ./src/DigitalIoPin.o
 .debug_macro   0x0000000000003623       0x97 ./src/DigitalIoPin.o
 .debug_macro   0x00000000000036ba      0x364 ./src/DigitalIoPin.o
 .debug_macro   0x0000000000003a1e      0x104 ./src/DigitalIoPin.o
 .debug_macro   0x0000000000003b22       0x10 ./src/DigitalIoPin.o
 .debug_macro   0x0000000000003b32       0x16 ./src/DigitalIoPin.o
 .debug_macro   0x0000000000003b48       0x43 ./src/DigitalIoPin.o
 .debug_macro   0x0000000000003b8b       0x34 ./src/DigitalIoPin.o
 .debug_macro   0x0000000000003bbf       0x10 ./src/DigitalIoPin.o
 .debug_macro   0x0000000000003bcf       0x58 ./src/DigitalIoPin.o
 .debug_macro   0x0000000000003c27      0x182 ./src/DigitalIoPin.o
 .debug_macro   0x0000000000003da9       0xbe ./src/DigitalIoPin.o
 .debug_macro   0x0000000000003e67       0x16 ./src/DigitalIoPin.o
 .debug_macro   0x0000000000003e7d      0x114 ./src/DigitalIoPin.o
 .debug_macro   0x0000000000003f91       0x20 ./src/DigitalIoPin.o
 .debug_macro   0x0000000000003fb1      0x3f4 ./src/Lab3_1.o
 .debug_macro   0x00000000000043a5       0x34 ./src/Lab3_1.o
 .debug_macro   0x00000000000043d9       0x82 ./src/Lab3_1.o
 .debug_macro   0x000000000000445b      0x18a ./src/Lab3_1.o
 .debug_macro   0x00000000000045e5       0x10 ./src/Lab3_1.o
 .debug_macro   0x00000000000045f5      0x3d1 ./src/Lab3_1.o
 .debug_macro   0x00000000000049c6       0x46 ./src/Lab3_1.o
 .debug_macro   0x0000000000004a0c       0x1f ./src/Lab3_1.o
 .debug_macro   0x0000000000004a2b       0x12 ./src/Lab3_1.o
 .debug_macro   0x0000000000004a3d       0x1f ./src/Lab3_1.o
 .debug_macro   0x0000000000004a5c       0x12 ./src/Lab3_1.o
 .debug_macro   0x0000000000004a6e       0x46 ./src/Lab3_1.o
 .debug_macro   0x0000000000004ab4      0x135 ./src/cr_cpp_config.o
 .debug_macro   0x0000000000004be9       0x10 ./src/cr_cpp_config.o
 .debug_macro   0x0000000000004bf9       0x5e ./src/cr_cpp_config.o
 .debug_macro   0x0000000000004c57       0x5c ./src/cr_cpp_config.o
 .debug_macro   0x0000000000004cb3       0x16 ./src/cr_cpp_config.o
 .debug_macro   0x0000000000004cc9      0x10e ./src/cr_cpp_config.o
 .debug_macro   0x0000000000004dd7       0x94 ./src/cr_cpp_config.o
 .debug_macro   0x0000000000004e6b       0x57 ./src/cr_cpp_config.o
 .debug_macro   0x0000000000004ec2       0x22 ./src/cr_cpp_config.o
 .debug_macro   0x0000000000004ee4       0x1c ./src/cr_cpp_config.o
 .debug_macro   0x0000000000004f00       0xde ./src/cr_cpp_config.o
 .debug_macro   0x0000000000004fde       0x23 ./src/cr_startup_lpc15xx.o
 .debug_macro   0x0000000000005001      0x36b ./src/sysinit.o
 .debug_macro   0x000000000000536c       0x22 ./src/sysinit.o
 .debug_macro   0x000000000000538e      0xa7d ./src/sysinit.o
 .debug_macro   0x0000000000005e0b       0x34 ./src/sysinit.o
 .debug_macro   0x0000000000005e3f       0x97 ./src/sysinit.o
 .debug_macro   0x0000000000005ed6      0x341 ./src/sysinit.o
 .debug_macro   0x0000000000006217       0xfd ./src/sysinit.o
 .debug_macro   0x0000000000006314       0x43 ./src/sysinit.o
 .debug_macro   0x0000000000006357      0x129 ./src/sysinit.o
 .debug_macro   0x0000000000006480      0x284 /Users/DBY/Metro_SemesterV/Embedded Programming/MCUXpressoIDE_11.6.0_8187/workspace/lpc_board_nxp_lpcxpresso_1549/Debug/liblpc_board_nxp_lpcxpresso_1549.a(board.o)
 .debug_macro   0x0000000000006704      0xa78 /Users/DBY/Metro_SemesterV/Embedded Programming/MCUXpressoIDE_11.6.0_8187/workspace/lpc_board_nxp_lpcxpresso_1549/Debug/liblpc_board_nxp_lpcxpresso_1549.a(board.o)
 .debug_macro   0x000000000000717c       0x10 /Users/DBY/Metro_SemesterV/Embedded Programming/MCUXpressoIDE_11.6.0_8187/workspace/lpc_board_nxp_lpcxpresso_1549/Debug/liblpc_board_nxp_lpcxpresso_1549.a(board.o)
 .debug_macro   0x000000000000718c      0x12e /Users/DBY/Metro_SemesterV/Embedded Programming/MCUXpressoIDE_11.6.0_8187/workspace/lpc_board_nxp_lpcxpresso_1549/Debug/liblpc_board_nxp_lpcxpresso_1549.a(board.o)
 .debug_macro   0x00000000000072ba      0x5b3 /Users/DBY/Metro_SemesterV/Embedded Programming/MCUXpressoIDE_11.6.0_8187/workspace/lpc_board_nxp_lpcxpresso_1549/Debug/liblpc_board_nxp_lpcxpresso_1549.a(board.o)
 .debug_macro   0x000000000000786d       0x22 /Users/DBY/Metro_SemesterV/Embedded Programming/MCUXpressoIDE_11.6.0_8187/workspace/lpc_board_nxp_lpcxpresso_1549/Debug/liblpc_board_nxp_lpcxpresso_1549.a(board.o)
 .debug_macro   0x000000000000788f       0x9a /Users/DBY/Metro_SemesterV/Embedded Programming/MCUXpressoIDE_11.6.0_8187/workspace/lpc_board_nxp_lpcxpresso_1549/Debug/liblpc_board_nxp_lpcxpresso_1549.a(board.o)
 .debug_macro   0x0000000000007929       0x12 /Users/DBY/Metro_SemesterV/Embedded Programming/MCUXpressoIDE_11.6.0_8187/workspace/lpc_board_nxp_lpcxpresso_1549/Debug/liblpc_board_nxp_lpcxpresso_1549.a(board.o)
 .debug_macro   0x000000000000793b      0x288 /Users/DBY/Metro_SemesterV/Embedded Programming/MCUXpressoIDE_11.6.0_8187/workspace/lpc_board_nxp_lpcxpresso_1549/Debug/liblpc_board_nxp_lpcxpresso_1549.a(board_sysinit.o)
 .debug_macro   0x0000000000007bc3      0x239 /Users/DBY/Metro_SemesterV/Embedded Programming/MCUXpressoIDE_11.6.0_8187/workspace/lpc_chip_15xx/Debug/liblpc_chip_15xx.a(chip_15xx.o)
 .debug_macro   0x0000000000007dfc      0x239 /Users/DBY/Metro_SemesterV/Embedded Programming/MCUXpressoIDE_11.6.0_8187/workspace/lpc_chip_15xx/Debug/liblpc_chip_15xx.a(clock_15xx.o)
 .debug_macro   0x0000000000008035      0x239 /Users/DBY/Metro_SemesterV/Embedded Programming/MCUXpressoIDE_11.6.0_8187/workspace/lpc_chip_15xx/Debug/liblpc_chip_15xx.a(gpio_15xx.o)
 .debug_macro   0x000000000000826e      0x239 /Users/DBY/Metro_SemesterV/Embedded Programming/MCUXpressoIDE_11.6.0_8187/workspace/lpc_chip_15xx/Debug/liblpc_chip_15xx.a(iocon_15xx.o)
 .debug_macro   0x00000000000084a7      0x245 /Users/DBY/Metro_SemesterV/Embedded Programming/MCUXpressoIDE_11.6.0_8187/workspace/lpc_chip_15xx/Debug/liblpc_chip_15xx.a(swm_15xx.o)
 .debug_macro   0x00000000000086ec      0x251 /Users/DBY/Metro_SemesterV/Embedded Programming/MCUXpressoIDE_11.6.0_8187/workspace/lpc_chip_15xx/Debug/liblpc_chip_15xx.a(sysctl_15xx.o)
 .debug_macro   0x000000000000893d      0x239 /Users/DBY/Metro_SemesterV/Embedded Programming/MCUXpressoIDE_11.6.0_8187/workspace/lpc_chip_15xx/Debug/liblpc_chip_15xx.a(sysinit_15xx.o)
 .debug_macro   0x0000000000008b76      0x239 /Users/DBY/Metro_SemesterV/Embedded Programming/MCUXpressoIDE_11.6.0_8187/workspace/lpc_chip_15xx/Debug/liblpc_chip_15xx.a(uart_15xx.o)

.debug_line     0x0000000000000000     0x6ab0
 .debug_line    0x0000000000000000      0x930 ./src/DigitalIoPin.o
 .debug_line    0x0000000000000930      0xc34 ./src/Lab3_1.o
 .debug_line    0x0000000000001564      0x5e9 ./src/cr_cpp_config.o
 .debug_line    0x0000000000001b4d      0x172 ./src/cr_startup_lpc15xx.o
 .debug_line    0x0000000000001cbf      0x776 ./src/sysinit.o
 .debug_line    0x0000000000002435      0x89d /Users/DBY/Metro_SemesterV/Embedded Programming/MCUXpressoIDE_11.6.0_8187/workspace/lpc_board_nxp_lpcxpresso_1549/Debug/liblpc_board_nxp_lpcxpresso_1549.a(board.o)
 .debug_line    0x0000000000002cd2      0x6dd /Users/DBY/Metro_SemesterV/Embedded Programming/MCUXpressoIDE_11.6.0_8187/workspace/lpc_board_nxp_lpcxpresso_1549/Debug/liblpc_board_nxp_lpcxpresso_1549.a(board_sysinit.o)
 .debug_line    0x00000000000033af      0x5b9 /Users/DBY/Metro_SemesterV/Embedded Programming/MCUXpressoIDE_11.6.0_8187/workspace/lpc_chip_15xx/Debug/liblpc_chip_15xx.a(chip_15xx.o)
 .debug_line    0x0000000000003968      0x9de /Users/DBY/Metro_SemesterV/Embedded Programming/MCUXpressoIDE_11.6.0_8187/workspace/lpc_chip_15xx/Debug/liblpc_chip_15xx.a(clock_15xx.o)
 .debug_line    0x0000000000004346      0x62f /Users/DBY/Metro_SemesterV/Embedded Programming/MCUXpressoIDE_11.6.0_8187/workspace/lpc_chip_15xx/Debug/liblpc_chip_15xx.a(gpio_15xx.o)
 .debug_line    0x0000000000004975      0x536 /Users/DBY/Metro_SemesterV/Embedded Programming/MCUXpressoIDE_11.6.0_8187/workspace/lpc_chip_15xx/Debug/liblpc_chip_15xx.a(iocon_15xx.o)
 .debug_line    0x0000000000004eab      0x5a1 /Users/DBY/Metro_SemesterV/Embedded Programming/MCUXpressoIDE_11.6.0_8187/workspace/lpc_chip_15xx/Debug/liblpc_chip_15xx.a(swm_15xx.o)
 .debug_line    0x000000000000544c      0x5f6 /Users/DBY/Metro_SemesterV/Embedded Programming/MCUXpressoIDE_11.6.0_8187/workspace/lpc_chip_15xx/Debug/liblpc_chip_15xx.a(sysctl_15xx.o)
 .debug_line    0x0000000000005a42      0x617 /Users/DBY/Metro_SemesterV/Embedded Programming/MCUXpressoIDE_11.6.0_8187/workspace/lpc_chip_15xx/Debug/liblpc_chip_15xx.a(sysinit_15xx.o)
 .debug_line    0x0000000000006059      0x821 /Users/DBY/Metro_SemesterV/Embedded Programming/MCUXpressoIDE_11.6.0_8187/workspace/lpc_chip_15xx/Debug/liblpc_chip_15xx.a(uart_15xx.o)
 .debug_line    0x000000000000687a      0x1d5 /Applications/MCUXpressoIDE_11.6.0_8187/ide/plugins/com.nxp.mcuxpresso.tools.macosx_11.6.0.202112161359/tools/bin/../lib/gcc/arm-none-eabi/10.3.1/../../../../arm-none-eabi/lib/thumb/v7-m/nofp/libcr_newlib_nohost.a(_cr_sbrk.o)
 .debug_line    0x0000000000006a4f       0x61 /Applications/MCUXpressoIDE_11.6.0_8187/ide/plugins/com.nxp.mcuxpresso.tools.macosx_11.6.0.202112161359/tools/bin/../lib/gcc/arm-none-eabi/10.3.1/../../../../arm-none-eabi/lib/thumb/v7-m/nofp/libcr_newlib_nohost.a(_cr_check_heap.o)

.debug_str      0x0000000000000000    0x1a424
 .debug_str     0x0000000000000000    0x12822 ./src/DigitalIoPin.o
                                      0x12a8c (size before relaxing)
 .debug_str     0x0000000000012822     0x33c3 ./src/Lab3_1.o
                                      0x15dc8 (size before relaxing)
 .debug_str     0x0000000000015be5      0x32a ./src/cr_cpp_config.o
                                       0x79bf (size before relaxing)
 .debug_str     0x0000000000015f0f      0x1ed ./src/cr_startup_lpc15xx.o
                                       0x3256 (size before relaxing)
 .debug_str     0x00000000000160fc      0x32c ./src/sysinit.o
                                      0x12494 (size before relaxing)
 .debug_str     0x0000000000016428     0x22e9 /Users/DBY/Metro_SemesterV/Embedded Programming/MCUXpressoIDE_11.6.0_8187/workspace/lpc_board_nxp_lpcxpresso_1549/Debug/liblpc_board_nxp_lpcxpresso_1549.a(board.o)
                                      0x106e3 (size before relaxing)
 .debug_str     0x0000000000018711      0x5fe /Users/DBY/Metro_SemesterV/Embedded Programming/MCUXpressoIDE_11.6.0_8187/workspace/lpc_board_nxp_lpcxpresso_1549/Debug/liblpc_board_nxp_lpcxpresso_1549.a(board_sysinit.o)
                                      0x10cbe (size before relaxing)
 .debug_str     0x0000000000018d0f      0x174 /Users/DBY/Metro_SemesterV/Embedded Programming/MCUXpressoIDE_11.6.0_8187/workspace/lpc_chip_15xx/Debug/liblpc_chip_15xx.a(chip_15xx.o)
                                      0x10413 (size before relaxing)
 .debug_str     0x0000000000018e83      0x89d /Users/DBY/Metro_SemesterV/Embedded Programming/MCUXpressoIDE_11.6.0_8187/workspace/lpc_chip_15xx/Debug/liblpc_chip_15xx.a(clock_15xx.o)
                                      0x1082a (size before relaxing)
 .debug_str     0x0000000000019720       0xdf /Users/DBY/Metro_SemesterV/Embedded Programming/MCUXpressoIDE_11.6.0_8187/workspace/lpc_chip_15xx/Debug/liblpc_chip_15xx.a(gpio_15xx.o)
                                       0xfec0 (size before relaxing)
 .debug_str     0x00000000000197ff       0x41 /Users/DBY/Metro_SemesterV/Embedded Programming/MCUXpressoIDE_11.6.0_8187/workspace/lpc_chip_15xx/Debug/liblpc_chip_15xx.a(iocon_15xx.o)
                                       0xf9dd (size before relaxing)
 .debug_str     0x0000000000019840      0x55d /Users/DBY/Metro_SemesterV/Embedded Programming/MCUXpressoIDE_11.6.0_8187/workspace/lpc_chip_15xx/Debug/liblpc_chip_15xx.a(swm_15xx.o)
                                      0x103e5 (size before relaxing)
 .debug_str     0x0000000000019d9d      0x183 /Users/DBY/Metro_SemesterV/Embedded Programming/MCUXpressoIDE_11.6.0_8187/workspace/lpc_chip_15xx/Debug/liblpc_chip_15xx.a(sysctl_15xx.o)
                                       0xfeca (size before relaxing)
 .debug_str     0x0000000000019f20      0x13f /Users/DBY/Metro_SemesterV/Embedded Programming/MCUXpressoIDE_11.6.0_8187/workspace/lpc_chip_15xx/Debug/liblpc_chip_15xx.a(sysinit_15xx.o)
                                       0xfeb9 (size before relaxing)
 .debug_str     0x000000000001a05f      0x215 /Users/DBY/Metro_SemesterV/Embedded Programming/MCUXpressoIDE_11.6.0_8187/workspace/lpc_chip_15xx/Debug/liblpc_chip_15xx.a(uart_15xx.o)
                                      0x10029 (size before relaxing)
 .debug_str     0x000000000001a274      0x18b /Applications/MCUXpressoIDE_11.6.0_8187/ide/plugins/com.nxp.mcuxpresso.tools.macosx_11.6.0.202112161359/tools/bin/../lib/gcc/arm-none-eabi/10.3.1/../../../../arm-none-eabi/lib/thumb/v7-m/nofp/libcr_newlib_nohost.a(_cr_sbrk.o)
                                        0x227 (size before relaxing)
 .debug_str     0x000000000001a3ff       0x25 /Applications/MCUXpressoIDE_11.6.0_8187/ide/plugins/com.nxp.mcuxpresso.tools.macosx_11.6.0.202112161359/tools/bin/../lib/gcc/arm-none-eabi/10.3.1/../../../../arm-none-eabi/lib/thumb/v7-m/nofp/libcr_newlib_nohost.a(_cr_check_heap.o)
                                        0x172 (size before relaxing)

.comment        0x0000000000000000       0x49
 .comment       0x0000000000000000       0x49 ./src/DigitalIoPin.o
                                         0x4a (size before relaxing)
 .comment       0x0000000000000049       0x4a ./src/Lab3_1.o
 .comment       0x0000000000000049       0x4a ./src/cr_cpp_config.o
 .comment       0x0000000000000049       0x4a ./src/cr_startup_lpc15xx.o
 .comment       0x0000000000000049       0x4a ./src/sysinit.o
 .comment       0x0000000000000049       0x4a /Users/DBY/Metro_SemesterV/Embedded Programming/MCUXpressoIDE_11.6.0_8187/workspace/lpc_board_nxp_lpcxpresso_1549/Debug/liblpc_board_nxp_lpcxpresso_1549.a(board.o)
 .comment       0x0000000000000049       0x4a /Users/DBY/Metro_SemesterV/Embedded Programming/MCUXpressoIDE_11.6.0_8187/workspace/lpc_board_nxp_lpcxpresso_1549/Debug/liblpc_board_nxp_lpcxpresso_1549.a(board_sysinit.o)
 .comment       0x0000000000000049       0x4a /Users/DBY/Metro_SemesterV/Embedded Programming/MCUXpressoIDE_11.6.0_8187/workspace/lpc_chip_15xx/Debug/liblpc_chip_15xx.a(chip_15xx.o)
 .comment       0x0000000000000049       0x4a /Users/DBY/Metro_SemesterV/Embedded Programming/MCUXpressoIDE_11.6.0_8187/workspace/lpc_chip_15xx/Debug/liblpc_chip_15xx.a(clock_15xx.o)
 .comment       0x0000000000000049       0x4a /Users/DBY/Metro_SemesterV/Embedded Programming/MCUXpressoIDE_11.6.0_8187/workspace/lpc_chip_15xx/Debug/liblpc_chip_15xx.a(gpio_15xx.o)
 .comment       0x0000000000000049       0x4a /Users/DBY/Metro_SemesterV/Embedded Programming/MCUXpressoIDE_11.6.0_8187/workspace/lpc_chip_15xx/Debug/liblpc_chip_15xx.a(iocon_15xx.o)
 .comment       0x0000000000000049       0x4a /Users/DBY/Metro_SemesterV/Embedded Programming/MCUXpressoIDE_11.6.0_8187/workspace/lpc_chip_15xx/Debug/liblpc_chip_15xx.a(swm_15xx.o)
 .comment       0x0000000000000049       0x4a /Users/DBY/Metro_SemesterV/Embedded Programming/MCUXpressoIDE_11.6.0_8187/workspace/lpc_chip_15xx/Debug/liblpc_chip_15xx.a(sysctl_15xx.o)
 .comment       0x0000000000000049       0x4a /Users/DBY/Metro_SemesterV/Embedded Programming/MCUXpressoIDE_11.6.0_8187/workspace/lpc_chip_15xx/Debug/liblpc_chip_15xx.a(sysinit_15xx.o)
 .comment       0x0000000000000049       0x4a /Users/DBY/Metro_SemesterV/Embedded Programming/MCUXpressoIDE_11.6.0_8187/workspace/lpc_chip_15xx/Debug/liblpc_chip_15xx.a(uart_15xx.o)
 .comment       0x0000000000000049       0x4a /Applications/MCUXpressoIDE_11.6.0_8187/ide/plugins/com.nxp.mcuxpresso.tools.macosx_11.6.0.202112161359/tools/bin/../lib/gcc/arm-none-eabi/10.3.1/../../../../arm-none-eabi/lib/thumb/v7-m/nofp/libcr_newlib_nohost.a(_cr_sbrk.o)
 .comment       0x0000000000000049       0x4a /Applications/MCUXpressoIDE_11.6.0_8187/ide/plugins/com.nxp.mcuxpresso.tools.macosx_11.6.0.202112161359/tools/bin/../lib/gcc/arm-none-eabi/10.3.1/../../../../arm-none-eabi/lib/thumb/v7-m/nofp/libcr_newlib_nohost.a(_cr_check_heap.o)

.ARM.attributes
                0x0000000000000000       0x2b
 .ARM.attributes
                0x0000000000000000       0x2d ./src/DigitalIoPin.o
 .ARM.attributes
                0x000000000000002d       0x2d ./src/Lab3_1.o
 .ARM.attributes
                0x000000000000005a       0x2d ./src/cr_cpp_config.o
 .ARM.attributes
                0x0000000000000087       0x2d ./src/cr_startup_lpc15xx.o
 .ARM.attributes
                0x00000000000000b4       0x2d ./src/sysinit.o
 .ARM.attributes
                0x00000000000000e1       0x2d /Users/DBY/Metro_SemesterV/Embedded Programming/MCUXpressoIDE_11.6.0_8187/workspace/lpc_board_nxp_lpcxpresso_1549/Debug/liblpc_board_nxp_lpcxpresso_1549.a(board.o)
 .ARM.attributes
                0x000000000000010e       0x2d /Users/DBY/Metro_SemesterV/Embedded Programming/MCUXpressoIDE_11.6.0_8187/workspace/lpc_board_nxp_lpcxpresso_1549/Debug/liblpc_board_nxp_lpcxpresso_1549.a(board_sysinit.o)
 .ARM.attributes
                0x000000000000013b       0x2d /Users/DBY/Metro_SemesterV/Embedded Programming/MCUXpressoIDE_11.6.0_8187/workspace/lpc_chip_15xx/Debug/liblpc_chip_15xx.a(chip_15xx.o)
 .ARM.attributes
                0x0000000000000168       0x2d /Users/DBY/Metro_SemesterV/Embedded Programming/MCUXpressoIDE_11.6.0_8187/workspace/lpc_chip_15xx/Debug/liblpc_chip_15xx.a(clock_15xx.o)
 .ARM.attributes
                0x0000000000000195       0x2d /Users/DBY/Metro_SemesterV/Embedded Programming/MCUXpressoIDE_11.6.0_8187/workspace/lpc_chip_15xx/Debug/liblpc_chip_15xx.a(gpio_15xx.o)
 .ARM.attributes
                0x00000000000001c2       0x2d /Users/DBY/Metro_SemesterV/Embedded Programming/MCUXpressoIDE_11.6.0_8187/workspace/lpc_chip_15xx/Debug/liblpc_chip_15xx.a(iocon_15xx.o)
 .ARM.attributes
                0x00000000000001ef       0x2d /Users/DBY/Metro_SemesterV/Embedded Programming/MCUXpressoIDE_11.6.0_8187/workspace/lpc_chip_15xx/Debug/liblpc_chip_15xx.a(swm_15xx.o)
 .ARM.attributes
                0x000000000000021c       0x2d /Users/DBY/Metro_SemesterV/Embedded Programming/MCUXpressoIDE_11.6.0_8187/workspace/lpc_chip_15xx/Debug/liblpc_chip_15xx.a(sysctl_15xx.o)
 .ARM.attributes
                0x0000000000000249       0x2d /Users/DBY/Metro_SemesterV/Embedded Programming/MCUXpressoIDE_11.6.0_8187/workspace/lpc_chip_15xx/Debug/liblpc_chip_15xx.a(sysinit_15xx.o)
 .ARM.attributes
                0x0000000000000276       0x2d /Users/DBY/Metro_SemesterV/Embedded Programming/MCUXpressoIDE_11.6.0_8187/workspace/lpc_chip_15xx/Debug/liblpc_chip_15xx.a(uart_15xx.o)
 .ARM.attributes
                0x00000000000002a3       0x1d /Applications/MCUXpressoIDE_11.6.0_8187/ide/plugins/com.nxp.mcuxpresso.tools.macosx_11.6.0.202112161359/tools/bin/../lib/gcc/arm-none-eabi/10.3.1/thumb/v7-m/nofp/libgcc.a(_aeabi_uldivmod.o)
 .ARM.attributes
                0x00000000000002c0       0x2d /Applications/MCUXpressoIDE_11.6.0_8187/ide/plugins/com.nxp.mcuxpresso.tools.macosx_11.6.0.202112161359/tools/bin/../lib/gcc/arm-none-eabi/10.3.1/thumb/v7-m/nofp/libgcc.a(_udivmoddi4.o)
 .ARM.attributes
                0x00000000000002ed       0x1d /Applications/MCUXpressoIDE_11.6.0_8187/ide/plugins/com.nxp.mcuxpresso.tools.macosx_11.6.0.202112161359/tools/bin/../lib/gcc/arm-none-eabi/10.3.1/thumb/v7-m/nofp/libgcc.a(_dvmd_tls.o)
 .ARM.attributes
                0x000000000000030a       0x2d /Applications/MCUXpressoIDE_11.6.0_8187/ide/plugins/com.nxp.mcuxpresso.tools.macosx_11.6.0.202112161359/tools/bin/../lib/gcc/arm-none-eabi/10.3.1/../../../../arm-none-eabi/lib/thumb/v7-m/nofp/libc.a(lib_a-init.o)
 .ARM.attributes
                0x0000000000000337       0x2d /Applications/MCUXpressoIDE_11.6.0_8187/ide/plugins/com.nxp.mcuxpresso.tools.macosx_11.6.0.202112161359/tools/bin/../lib/gcc/arm-none-eabi/10.3.1/../../../../arm-none-eabi/lib/thumb/v7-m/nofp/libc.a(lib_a-malloc.o)
 .ARM.attributes
                0x0000000000000364       0x2d /Applications/MCUXpressoIDE_11.6.0_8187/ide/plugins/com.nxp.mcuxpresso.tools.macosx_11.6.0.202112161359/tools/bin/../lib/gcc/arm-none-eabi/10.3.1/../../../../arm-none-eabi/lib/thumb/v7-m/nofp/libc.a(lib_a-mallocr.o)
 .ARM.attributes
                0x0000000000000391       0x2d /Applications/MCUXpressoIDE_11.6.0_8187/ide/plugins/com.nxp.mcuxpresso.tools.macosx_11.6.0.202112161359/tools/bin/../lib/gcc/arm-none-eabi/10.3.1/../../../../arm-none-eabi/lib/thumb/v7-m/nofp/libc.a(lib_a-mlock.o)
 .ARM.attributes
                0x00000000000003be       0x2d /Applications/MCUXpressoIDE_11.6.0_8187/ide/plugins/com.nxp.mcuxpresso.tools.macosx_11.6.0.202112161359/tools/bin/../lib/gcc/arm-none-eabi/10.3.1/../../../../arm-none-eabi/lib/thumb/v7-m/nofp/libc.a(lib_a-sbrkr.o)
 .ARM.attributes
                0x00000000000003eb       0x2d /Applications/MCUXpressoIDE_11.6.0_8187/ide/plugins/com.nxp.mcuxpresso.tools.macosx_11.6.0.202112161359/tools/bin/../lib/gcc/arm-none-eabi/10.3.1/../../../../arm-none-eabi/lib/thumb/v7-m/nofp/libc.a(lib_a-tolower.o)
 .ARM.attributes
                0x0000000000000418       0x2d /Applications/MCUXpressoIDE_11.6.0_8187/ide/plugins/com.nxp.mcuxpresso.tools.macosx_11.6.0.202112161359/tools/bin/../lib/gcc/arm-none-eabi/10.3.1/../../../../arm-none-eabi/lib/thumb/v7-m/nofp/libc.a(lib_a-toupper.o)
 .ARM.attributes
                0x0000000000000445       0x2d /Applications/MCUXpressoIDE_11.6.0_8187/ide/plugins/com.nxp.mcuxpresso.tools.macosx_11.6.0.202112161359/tools/bin/../lib/gcc/arm-none-eabi/10.3.1/../../../../arm-none-eabi/lib/thumb/v7-m/nofp/libc.a(lib_a-ctype_.o)
 .ARM.attributes
                0x0000000000000472       0x2d /Applications/MCUXpressoIDE_11.6.0_8187/ide/plugins/com.nxp.mcuxpresso.tools.macosx_11.6.0.202112161359/tools/bin/../lib/gcc/arm-none-eabi/10.3.1/../../../../arm-none-eabi/lib/thumb/v7-m/nofp/libc.a(lib_a-freer.o)
 .ARM.attributes
                0x000000000000049f       0x2d /Applications/MCUXpressoIDE_11.6.0_8187/ide/plugins/com.nxp.mcuxpresso.tools.macosx_11.6.0.202112161359/tools/bin/../lib/gcc/arm-none-eabi/10.3.1/../../../../arm-none-eabi/lib/thumb/v7-m/nofp/libc.a(lib_a-impure.o)
 .ARM.attributes
                0x00000000000004cc       0x2d /Applications/MCUXpressoIDE_11.6.0_8187/ide/plugins/com.nxp.mcuxpresso.tools.macosx_11.6.0.202112161359/tools/bin/../lib/gcc/arm-none-eabi/10.3.1/../../../../arm-none-eabi/lib/thumb/v7-m/nofp/libc.a(lib_a-lock.o)
 .ARM.attributes
                0x00000000000004f9       0x2d /Applications/MCUXpressoIDE_11.6.0_8187/ide/plugins/com.nxp.mcuxpresso.tools.macosx_11.6.0.202112161359/tools/bin/../lib/gcc/arm-none-eabi/10.3.1/../../../../arm-none-eabi/lib/thumb/v7-m/nofp/libc.a(lib_a-reent.o)
 .ARM.attributes
                0x0000000000000526       0x2d /Applications/MCUXpressoIDE_11.6.0_8187/ide/plugins/com.nxp.mcuxpresso.tools.macosx_11.6.0.202112161359/tools/bin/../lib/gcc/arm-none-eabi/10.3.1/../../../../arm-none-eabi/lib/thumb/v7-m/nofp/libcr_newlib_nohost.a(_cr_sbrk.o)
 .ARM.attributes
                0x0000000000000553       0x2d /Applications/MCUXpressoIDE_11.6.0_8187/ide/plugins/com.nxp.mcuxpresso.tools.macosx_11.6.0.202112161359/tools/bin/../lib/gcc/arm-none-eabi/10.3.1/../../../../arm-none-eabi/lib/thumb/v7-m/nofp/libcr_newlib_nohost.a(_cr_check_heap.o)
 .ARM.attributes
                0x0000000000000580       0x1d /Applications/MCUXpressoIDE_11.6.0_8187/ide/plugins/com.nxp.mcuxpresso.tools.macosx_11.6.0.202112161359/tools/bin/../lib/gcc/arm-none-eabi/10.3.1/thumb/v7-m/nofp/crti.o
 .ARM.attributes
                0x000000000000059d       0x1d /Applications/MCUXpressoIDE_11.6.0_8187/ide/plugins/com.nxp.mcuxpresso.tools.macosx_11.6.0.202112161359/tools/bin/../lib/gcc/arm-none-eabi/10.3.1/thumb/v7-m/nofp/crtn.o
 .ARM.attributes
                0x00000000000005ba       0x2d /Applications/MCUXpressoIDE_11.6.0_8187/ide/plugins/com.nxp.mcuxpresso.tools.macosx_11.6.0.202112161359/tools/bin/../lib/gcc/arm-none-eabi/10.3.1/thumb/v7-m/nofp/crtbegin.o
 .ARM.attributes
                0x00000000000005e7       0x2d /Applications/MCUXpressoIDE_11.6.0_8187/ide/plugins/com.nxp.mcuxpresso.tools.macosx_11.6.0.202112161359/tools/bin/../lib/gcc/arm-none-eabi/10.3.1/../../../../arm-none-eabi/lib/thumb/v7-m/nofp/libc.a(lib_a-errno.o)

.debug_frame    0x0000000000000000     0x1c5c
 .debug_frame   0x0000000000000000      0x190 ./src/DigitalIoPin.o
 .debug_frame   0x0000000000000190      0x1c0 ./src/Lab3_1.o
 .debug_frame   0x0000000000000350       0xe0 ./src/cr_cpp_config.o
 .debug_frame   0x0000000000000430      0x170 ./src/cr_startup_lpc15xx.o
 .debug_frame   0x00000000000005a0       0x2c ./src/sysinit.o
 .debug_frame   0x00000000000005cc      0x360 /Users/DBY/Metro_SemesterV/Embedded Programming/MCUXpressoIDE_11.6.0_8187/workspace/lpc_board_nxp_lpcxpresso_1549/Debug/liblpc_board_nxp_lpcxpresso_1549.a(board.o)
 .debug_frame   0x000000000000092c      0x14c /Users/DBY/Metro_SemesterV/Embedded Programming/MCUXpressoIDE_11.6.0_8187/workspace/lpc_board_nxp_lpcxpresso_1549/Debug/liblpc_board_nxp_lpcxpresso_1549.a(board_sysinit.o)