../src/PropertyEdit.h:13:2:PropertyEdit::PropertyEdit()	16	static
../src/PropertyEdit.h:14:10:PropertyEdit::~PropertyEdit()	16	static
../src/PropertyEdit.h:14:10:virtual PropertyEdit::~PropertyEdit()	16	static
/Applications/MCUXpressoIDE_11.6.0_8187/ide/plugins/com.nxp.mcuxpresso.tools.macosx_11.6.0.202112161359/tools/arm-none-eabi/include/c++/10.3.1/arm-none-eabi/thumb/v7-m/nofp/bits/gthr-default.h:229:1:int __gthread_key_delete(__gthread_key_t)	16	static
../src/SleepEdit.cpp:13:1:SleepEdit::SleepEdit(LiquidCrystal*, LpcUart*, std::string, int, int)	24	static
../src/SleepEdit.cpp:21:1:SleepEdit::~SleepEdit()	16	static
../src/SleepEdit.cpp:21:1:virtual SleepEdit::~SleepEdit()	16	static
../src/SleepEdit.cpp:26:6:virtual void SleepEdit::increment()	16	static
../src/SleepEdit.cpp:31:6:virtual void SleepEdit::decrement()	16	static
../src/SleepEdit.cpp:36:6:virtual void SleepEdit::accept()	16	static
../src/SleepEdit.cpp:42:6:virtual void SleepEdit::cancel()	16	static
../src/SleepEdit.cpp:47:6:virtual void SleepEdit::setFocus(bool)	16	static
../src/SleepEdit.cpp:51:6:virtual bool SleepEdit::getFocus()	16	static
../src/SleepEdit.cpp:55:6:virtual void SleepEdit::display()	40	static
../src/SleepEdit.cpp:70:6:virtual void SleepEdit::debugDisplay()	152	static
../src/SleepEdit.cpp:77:6:void SleepEdit::save()	16	static
../src/SleepEdit.cpp:84:5:int SleepEdit::getValue()	16	static
../src/SleepEdit.cpp:88:6:void SleepEdit::setValue(int)	16	static
