/Applications/MCUXpressoIDE_11.6.0_8187/ide/plugins/com.nxp.mcuxpresso.tools.macosx_11.6.0.202112161359/tools/arm-none-eabi/include/c++/10.3.1/new:174:33:void* operator new(std::size_t, void*)	16	static
/Applications/MCUXpressoIDE_11.6.0_8187/ide/plugins/com.nxp.mcuxpresso.tools.macosx_11.6.0.202112161359/tools/arm-none-eabi/include/c++/10.3.1/bits/stl_deque.h:96:3:constexpr std::size_t std::__deque_buf_size(std::size_t)	16	static
/Applications/MCUXpressoIDE_11.6.0_8187/ide/plugins/com.nxp.mcuxpresso.tools.macosx_11.6.0.202112161359/tools/arm-none-eabi/include/c++/10.3.1/bits/stl_queue.h:96:11:std::queue<Event>::~queue()	16	static
../src/EventQueue.cpp:10:1:EventQueue::EventQueue()	16	static
../src/EventQueue.cpp:15:1:EventQueue::~EventQueue()	16	static
../src/EventQueue.cpp:15:1:virtual EventQueue::~EventQueue()	16	static
../src/EventQueue.cpp:19:6:void EventQueue::publish(const Event&)	16	static
../src/Event.h:11:7:constexpr Event::Event(const Event&)	16	static
../src/EventQueue.cpp:23:7:Event EventQueue::consume()	32	static
../src/EventQueue.cpp:32:6:bool EventQueue::pending()	16	static
/Applications/MCUXpressoIDE_11.6.0_8187/ide/plugins/com.nxp.mcuxpresso.tools.macosx_11.6.0.202112161359/tools/arm-none-eabi/include/c++/10.3.1/bits/stl_deque.h:831:7:std::deque<_Tp, _Alloc>::deque() [with _Tp = Event; _Alloc = std::allocator<Event>]	16	static
/Applications/MCUXpressoIDE_11.6.0_8187/ide/plugins/com.nxp.mcuxpresso.tools.macosx_11.6.0.202112161359/tools/arm-none-eabi/include/c++/10.3.1/bits/stl_queue.h:166:2:std::queue<_Tp, _Sequence>::queue() [with _Seq = std::deque<Event, std::allocator<Event> >; _Requires = void; _Tp = Event; _Sequence = std::deque<Event, std::allocator<Event> >]	16	static
/Applications/MCUXpressoIDE_11.6.0_8187/ide/plugins/com.nxp.mcuxpresso.tools.macosx_11.6.0.202112161359/tools/arm-none-eabi/include/c++/10.3.1/bits/stl_deque.h:1003:7:std::deque<_Tp, _Alloc>::~deque() [with _Tp = Event; _Alloc = std::allocator<Event>]	48	static
/Applications/MCUXpressoIDE_11.6.0_8187/ide/plugins/com.nxp.mcuxpresso.tools.macosx_11.6.0.202112161359/tools/arm-none-eabi/include/c++/10.3.1/bits/stl_queue.h:265:7:void std::queue<_Tp, _Sequence>::push(const value_type&) [with _Tp = Event; _Sequence = std::deque<Event, std::allocator<Event> >]	16	static
/Applications/MCUXpressoIDE_11.6.0_8187/ide/plugins/com.nxp.mcuxpresso.tools.macosx_11.6.0.202112161359/tools/arm-none-eabi/include/c++/10.3.1/bits/stl_queue.h:203:7:bool std::queue<_Tp, _Sequence>::empty() const [with _Tp = Event; _Sequence = std::deque<Event, std::allocator<Event> >]	16	static
/Applications/MCUXpressoIDE_11.6.0_8187/ide/plugins/com.nxp.mcuxpresso.tools.macosx_11.6.0.202112161359/tools/arm-none-eabi/include/c++/10.3.1/bits/stl_queue.h:216:7:std::queue<_Tp, _Sequence>::reference std::queue<_Tp, _Sequence>::front() [with _Tp = Event; _Sequence = std::deque<Event, std::allocator<Event> >]	16	static
/Applications/MCUXpressoIDE_11.6.0_8187/ide/plugins/com.nxp.mcuxpresso.tools.macosx_11.6.0.202112161359/tools/arm-none-eabi/include/c++/10.3.1/bits/stl_queue.h:298:7:void std::queue<_Tp, _Sequence>::pop() [with _Tp = Event; _Sequence = std::deque<Event, std::allocator<Event> >]	16	static
/Applications/MCUXpressoIDE_11.6.0_8187/ide/plugins/com.nxp.mcuxpresso.tools.macosx_11.6.0.202112161359/tools/arm-none-eabi/include/c++/10.3.1/bits/stl_deque.h:518:14:std::_Deque_base<Event, std::allocator<Event> >::_Deque_impl::~_Deque_impl()	16	static
/Applications/MCUXpressoIDE_11.6.0_8187/ide/plugins/com.nxp.mcuxpresso.tools.macosx_11.6.0.202112161359/tools/arm-none-eabi/include/c++/10.3.1/bits/stl_deque.h:434:7:std::_Deque_base<_Tp, _Alloc>::_Deque_base() [with _Tp = Event; _Alloc = std::allocator<Event>]	16	static
/Applications/MCUXpressoIDE_11.6.0_8187/ide/plugins/com.nxp.mcuxpresso.tools.macosx_11.6.0.202112161359/tools/arm-none-eabi/include/c++/10.3.1/bits/stl_deque.h:593:5:std::_Deque_base<_Tp, _Alloc>::~_Deque_base() [with _Tp = Event; _Alloc = std::allocator<Event>]	16	static
/Applications/MCUXpressoIDE_11.6.0_8187/ide/plugins/com.nxp.mcuxpresso.tools.macosx_11.6.0.202112161359/tools/arm-none-eabi/include/c++/10.3.1/bits/stl_deque.h:1125:7:std::deque<_Tp, _Alloc>::iterator std::deque<_Tp, _Alloc>::begin() [with _Tp = Event; _Alloc = std::allocator<Event>]	16	static
/Applications/MCUXpressoIDE_11.6.0_8187/ide/plugins/com.nxp.mcuxpresso.tools.macosx_11.6.0.202112161359/tools/arm-none-eabi/include/c++/10.3.1/bits/stl_deque.h:1142:7:std::deque<_Tp, _Alloc>::iterator std::deque<_Tp, _Alloc>::end() [with _Tp = Event; _Alloc = std::allocator<Event>]	16	static
/Applications/MCUXpressoIDE_11.6.0_8187/ide/plugins/com.nxp.mcuxpresso.tools.macosx_11.6.0.202112161359/tools/arm-none-eabi/include/c++/10.3.1/bits/stl_deque.h:544:7:std::_Deque_base<_Tp, _Alloc>::_Tp_alloc_type& std::_Deque_base<_Tp, _Alloc>::_M_get_Tp_allocator() [with _Tp = Event; _Alloc = std::allocator<Event>]	16	static
/Applications/MCUXpressoIDE_11.6.0_8187/ide/plugins/com.nxp.mcuxpresso.tools.macosx_11.6.0.202112161359/tools/arm-none-eabi/include/c++/10.3.1/bits/stl_deque.h:168:7:std::_Deque_iterator<_Tp, _Ref, _Ptr>::_Deque_iterator(const std::_Deque_iterator<_Tp, _Ref, _Ptr>&) [with _Tp = Event; _Ref = Event&; _Ptr = Event*]	16	static
/Applications/MCUXpressoIDE_11.6.0_8187/ide/plugins/com.nxp.mcuxpresso.tools.macosx_11.6.0.202112161359/tools/arm-none-eabi/include/c++/10.3.1/bits/stl_deque.h:2042:7:void std::deque<_Tp, _Alloc>::_M_destroy_data(std::deque<_Tp, _Alloc>::iterator, std::deque<_Tp, _Alloc>::iterator, const std::allocator<_Tp1>&) [with _Tp = Event; _Alloc = std::allocator<Event>]	56	static
/Applications/MCUXpressoIDE_11.6.0_8187/ide/plugins/com.nxp.mcuxpresso.tools.macosx_11.6.0.202112161359/tools/arm-none-eabi/include/c++/10.3.1/bits/stl_deque.h:1493:7:void std::deque<_Tp, _Alloc>::push_back(const value_type&) [with _Tp = Event; _Alloc = std::allocator<Event>]	16	static
/Applications/MCUXpressoIDE_11.6.0_8187/ide/plugins/com.nxp.mcuxpresso.tools.macosx_11.6.0.202112161359/tools/arm-none-eabi/include/c++/10.3.1/bits/stl_deque.h:1308:7:bool std::deque<_Tp, _Alloc>::empty() const [with _Tp = Event; _Alloc = std::allocator<Event>]	16	static
/Applications/MCUXpressoIDE_11.6.0_8187/ide/plugins/com.nxp.mcuxpresso.tools.macosx_11.6.0.202112161359/tools/arm-none-eabi/include/c++/10.3.1/bits/stl_deque.h:1402:7:std::deque<_Tp, _Alloc>::reference std::deque<_Tp, _Alloc>::front() [with _Tp = Event; _Alloc = std::allocator<Event>]	32	static
/Applications/MCUXpressoIDE_11.6.0_8187/ide/plugins/com.nxp.mcuxpresso.tools.macosx_11.6.0.202112161359/tools/arm-none-eabi/include/c++/10.3.1/bits/stl_deque.h:1529:7:void std::deque<_Tp, _Alloc>::pop_front() [with _Tp = Event; _Alloc = std::allocator<Event>]	16	static
/Applications/MCUXpressoIDE_11.6.0_8187/ide/plugins/com.nxp.mcuxpresso.tools.macosx_11.6.0.202112161359/tools/arm-none-eabi/include/c++/10.3.1/bits/stl_deque.h:521:2:std::_Deque_base<_Tp, _Alloc>::_Deque_impl::_Deque_impl() [with _Tp = Event; _Alloc = std::allocator<Event>]	16	static
/Applications/MCUXpressoIDE_11.6.0_8187/ide/plugins/com.nxp.mcuxpresso.tools.macosx_11.6.0.202112161359/tools/arm-none-eabi/include/c++/10.3.1/bits/allocator.h:182:7:std::allocator< <template-parameter-1-1> >::~allocator() [with _Tp = Event]	16	static
/Applications/MCUXpressoIDE_11.6.0_8187/ide/plugins/com.nxp.mcuxpresso.tools.macosx_11.6.0.202112161359/tools/arm-none-eabi/include/c++/10.3.1/bits/stl_deque.h:614:5:void std::_Deque_base<_Tp, _Alloc>::_M_initialize_map(std::size_t) [with _Tp = Event; _Alloc = std::allocator<Event>]	48	static
/Applications/MCUXpressoIDE_11.6.0_8187/ide/plugins/com.nxp.mcuxpresso.tools.macosx_11.6.0.202112161359/tools/arm-none-eabi/include/c++/10.3.1/bits/stl_deque.h:671:5:void std::_Deque_base<_Tp, _Alloc>::_M_destroy_nodes(std::_Deque_base<_Tp, _Alloc>::_Map_pointer, std::_Deque_base<_Tp, _Alloc>::_Map_pointer) [with _Tp = Event; _Alloc = std::allocator<Event>]	32	static
/Applications/MCUXpressoIDE_11.6.0_8187/ide/plugins/com.nxp.mcuxpresso.tools.macosx_11.6.0.202112161359/tools/arm-none-eabi/include/c++/10.3.1/bits/stl_deque.h:577:7:void std::_Deque_base<_Tp, _Alloc>::_M_deallocate_map(std::_Deque_base<_Tp, _Alloc>::_Map_pointer, std::size_t) [with _Tp = Event; _Alloc = std::allocator<Event>]	32	static
/Applications/MCUXpressoIDE_11.6.0_8187/ide/plugins/com.nxp.mcuxpresso.tools.macosx_11.6.0.202112161359/tools/arm-none-eabi/include/c++/10.3.1/bits/deque.tcc:856:6:void std::deque<_Tp, _Alloc>::_M_destroy_data_aux(std::deque<_Tp, _Alloc>::iterator, std::deque<_Tp, _Alloc>::iterator) [with _Tp = Event; _Alloc = std::allocator<Event>]	40	static
/Applications/MCUXpressoIDE_11.6.0_8187/ide/plugins/com.nxp.mcuxpresso.tools.macosx_11.6.0.202112161359/tools/arm-none-eabi/include/c++/10.3.1/bits/alloc_traits.h:507:2:) [with _Up = Event; _Args = {const Event&}; _Tp = Event]	24	static
/Applications/MCUXpressoIDE_11.6.0_8187/ide/plugins/com.nxp.mcuxpresso.tools.macosx_11.6.0.202112161359/tools/arm-none-eabi/include/c++/10.3.1/bits/deque.tcc:481:7:) [with _Args = {const Event&}; _Tp = Event; _Alloc = std::allocator<Event>]	24	static
/Applications/MCUXpressoIDE_11.6.0_8187/ide/plugins/com.nxp.mcuxpresso.tools.macosx_11.6.0.202112161359/tools/arm-none-eabi/include/c++/10.3.1/bits/stl_deque.h:268:7:bool std::operator==(const _Self&, const _Self&)	16	static
/Applications/MCUXpressoIDE_11.6.0_8187/ide/plugins/com.nxp.mcuxpresso.tools.macosx_11.6.0.202112161359/tools/arm-none-eabi/include/c++/10.3.1/bits/stl_deque.h:180:7:std::_Deque_iterator<_Tp, _Ref, _Ptr>::reference std::_Deque_iterator<_Tp, _Ref, _Ptr>::operator*() const [with _Tp = Event; _Ref = Event&; _Ptr = Event*]	16	static
/Applications/MCUXpressoIDE_11.6.0_8187/ide/plugins/com.nxp.mcuxpresso.tools.macosx_11.6.0.202112161359/tools/arm-none-eabi/include/c++/10.3.1/bits/alloc_traits.h:527:2:static void std::allocator_traits<std::allocator<_Tp1> >::destroy(std::allocator_traits<std::allocator<_Tp1> >::allocator_type&, _Up*) [with _Up = Event; _Tp = Event]	16	static
/Applications/MCUXpressoIDE_11.6.0_8187/ide/plugins/com.nxp.mcuxpresso.tools.macosx_11.6.0.202112161359/tools/arm-none-eabi/include/c++/10.3.1/bits/deque.tcc:573:10:void std::deque<_Tp, _Alloc>::_M_pop_front_aux() [with _Tp = Event; _Alloc = std::allocator<Event>]	16	static
/Applications/MCUXpressoIDE_11.6.0_8187/ide/plugins/com.nxp.mcuxpresso.tools.macosx_11.6.0.202112161359/tools/arm-none-eabi/include/c++/10.3.1/bits/allocator.h:164:7:std::allocator< <template-parameter-1-1> >::allocator() [with _Tp = Event]	16	static
/Applications/MCUXpressoIDE_11.6.0_8187/ide/plugins/com.nxp.mcuxpresso.tools.macosx_11.6.0.202112161359/tools/arm-none-eabi/include/c++/10.3.1/bits/stl_deque.h:492:2:std::_Deque_base<_Tp, _Alloc>::_Deque_impl_data::_Deque_impl_data() [with _Tp = Event; _Alloc = std::allocator<Event>]	16	static
/Applications/MCUXpressoIDE_11.6.0_8187/ide/plugins/com.nxp.mcuxpresso.tools.macosx_11.6.0.202112161359/tools/arm-none-eabi/include/c++/10.3.1/ext/new_allocator.h:89:7:__gnu_cxx::new_allocator<_Tp>::~new_allocator() [with _Tp = Event]	16	static
/Applications/MCUXpressoIDE_11.6.0_8187/ide/plugins/com.nxp.mcuxpresso.tools.macosx_11.6.0.202112161359/tools/arm-none-eabi/include/c++/10.3.1/bits/stl_algobase.h:254:5:const _Tp& std::max(const _Tp&, const _Tp&) [with _Tp = unsigned int]	16	static
/Applications/MCUXpressoIDE_11.6.0_8187/ide/plugins/com.nxp.mcuxpresso.tools.macosx_11.6.0.202112161359/tools/arm-none-eabi/include/c++/10.3.1/bits/stl_deque.h:570:7:std::_Deque_base<_Tp, _Alloc>::_Map_pointer std::_Deque_base<_Tp, _Alloc>::_M_allocate_map(std::size_t) [with _Tp = Event; _Alloc = std::allocator<Event>]	32	static
/Applications/MCUXpressoIDE_11.6.0_8187/ide/plugins/com.nxp.mcuxpresso.tools.macosx_11.6.0.202112161359/tools/arm-none-eabi/include/c++/10.3.1/bits/stl_deque.h:653:5:void std::_Deque_base<_Tp, _Alloc>::_M_create_nodes(std::_Deque_base<_Tp, _Alloc>::_Map_pointer, std::_Deque_base<_Tp, _Alloc>::_Map_pointer) [with _Tp = Event; _Alloc = std::allocator<Event>]	32	static
/Applications/MCUXpressoIDE_11.6.0_8187/ide/plugins/com.nxp.mcuxpresso.tools.macosx_11.6.0.202112161359/tools/arm-none-eabi/include/c++/10.3.1/bits/stl_deque.h:260:7:void std::_Deque_iterator<_Tp, _Ref, _Ptr>::_M_set_node(std::_Deque_iterator<_Tp, _Ref, _Ptr>::_Map_pointer) [with _Tp = Event; _Ref = Event&; _Ptr = Event*]	24	static
/Applications/MCUXpressoIDE_11.6.0_8187/ide/plugins/com.nxp.mcuxpresso.tools.macosx_11.6.0.202112161359/tools/arm-none-eabi/include/c++/10.3.1/bits/stl_deque.h:563:7:void std::_Deque_base<_Tp, _Alloc>::_M_deallocate_node(std::_Deque_base<_Tp, _Alloc>::_Ptr) [with _Tp = Event; _Alloc = std::allocator<Event>]	24	static
/Applications/MCUXpressoIDE_11.6.0_8187/ide/plugins/com.nxp.mcuxpresso.tools.macosx_11.6.0.202112161359/tools/arm-none-eabi/include/c++/10.3.1/bits/stl_deque.h:552:7:std::_Deque_base<_Tp, _Alloc>::_Map_alloc_type std::_Deque_base<_Tp, _Alloc>::_M_get_map_allocator() const [with _Tp = Event; _Alloc = std::allocator<Event>]	16	static
/Applications/MCUXpressoIDE_11.6.0_8187/ide/plugins/com.nxp.mcuxpresso.tools.macosx_11.6.0.202112161359/tools/arm-none-eabi/include/c++/10.3.1/bits/allocator.h:182:7:std::allocator< <template-parameter-1-1> >::~allocator() [with _Tp = Event*]	16	static
/Applications/MCUXpressoIDE_11.6.0_8187/ide/plugins/com.nxp.mcuxpresso.tools.macosx_11.6.0.202112161359/tools/arm-none-eabi/include/c++/10.3.1/bits/alloc_traits.h:491:7:static void std::allocator_traits<std::allocator<_Tp1> >::deallocate(std::allocator_traits<std::allocator<_Tp1> >::allocator_type&, std::allocator_traits<std::allocator<_Tp1> >::pointer, std::allocator_traits<std::allocator<_Tp1> >::size_type) [with _Tp = Event*]	24	static
/Applications/MCUXpressoIDE_11.6.0_8187/ide/plugins/com.nxp.mcuxpresso.tools.macosx_11.6.0.202112161359/tools/arm-none-eabi/include/c++/10.3.1/bits/stl_deque.h:804:21:static std::size_t std::deque<_Tp, _Alloc>::_S_buffer_size() [with _Tp = Event; _Alloc = std::allocator<Event>]	8	static
/Applications/MCUXpressoIDE_11.6.0_8187/ide/plugins/com.nxp.mcuxpresso.tools.macosx_11.6.0.202112161359/tools/arm-none-eabi/include/c++/10.3.1/bits/alloc_traits.h:735:5:void std::_Destroy(_ForwardIterator, _ForwardIterator, std::allocator<_T2>&) [with _ForwardIterator = Event*; _Tp = Event]	24	static
/Applications/MCUXpressoIDE_11.6.0_8187/ide/plugins/com.nxp.mcuxpresso.tools.macosx_11.6.0.202112161359/tools/arm-none-eabi/include/c++/10.3.1/bits/move.h:76:5:constexpr _Tp&& std::forward(typename std::remove_reference<_Tp>::type&) [with _Tp = const Event&]	16	static
/Applications/MCUXpressoIDE_11.6.0_8187/ide/plugins/com.nxp.mcuxpresso.tools.macosx_11.6.0.202112161359/tools/arm-none-eabi/include/c++/10.3.1/ext/new_allocator.h:154:2:) [with _Up = Event; _Args = {const Event&}; _Tp = Event]	32	static
/Applications/MCUXpressoIDE_11.6.0_8187/ide/plugins/com.nxp.mcuxpresso.tools.macosx_11.6.0.202112161359/tools/arm-none-eabi/include/c++/10.3.1/bits/stl_deque.h:1230:7:std::deque<_Tp, _Alloc>::size_type std::deque<_Tp, _Alloc>::size() const [with _Tp = Event; _Alloc = std::allocator<Event>]	16	static
/Applications/MCUXpressoIDE_11.6.0_8187/ide/plugins/com.nxp.mcuxpresso.tools.macosx_11.6.0.202112161359/tools/arm-none-eabi/include/c++/10.3.1/bits/stl_deque.h:1235:7:std::deque<_Tp, _Alloc>::size_type std::deque<_Tp, _Alloc>::max_size() const [with _Tp = Event; _Alloc = std::allocator<Event>]	16	static
/Applications/MCUXpressoIDE_11.6.0_8187/ide/plugins/com.nxp.mcuxpresso.tools.macosx_11.6.0.202112161359/tools/arm-none-eabi/include/c++/10.3.1/bits/stl_deque.h:2123:7:void std::deque<_Tp, _Alloc>::_M_reserve_map_at_back(std::deque<_Tp, _Alloc>::size_type) [with _Tp = Event; _Alloc = std::allocator<Event>]	16	static
/Applications/MCUXpressoIDE_11.6.0_8187/ide/plugins/com.nxp.mcuxpresso.tools.macosx_11.6.0.202112161359/tools/arm-none-eabi/include/c++/10.3.1/bits/stl_deque.h:556:7:std::_Deque_base<_Tp, _Alloc>::_Ptr std::_Deque_base<_Tp, _Alloc>::_M_allocate_node() [with _Tp = Event; _Alloc = std::allocator<Event>]	24	static
/Applications/MCUXpressoIDE_11.6.0_8187/ide/plugins/com.nxp.mcuxpresso.tools.macosx_11.6.0.202112161359/tools/arm-none-eabi/include/c++/10.3.1/ext/new_allocator.h:160:2:void __gnu_cxx::new_allocator<_Tp>::destroy(_Up*) [with _Up = Event; _Tp = Event]	16	static
/Applications/MCUXpressoIDE_11.6.0_8187/ide/plugins/com.nxp.mcuxpresso.tools.macosx_11.6.0.202112161359/tools/arm-none-eabi/include/c++/10.3.1/ext/new_allocator.h:79:7:__gnu_cxx::new_allocator<_Tp>::new_allocator() [with _Tp = Event]	16	static
/Applications/MCUXpressoIDE_11.6.0_8187/ide/plugins/com.nxp.mcuxpresso.tools.macosx_11.6.0.202112161359/tools/arm-none-eabi/include/c++/10.3.1/bits/stl_deque.h:151:7:std::_Deque_iterator<_Tp, _Ref, _Ptr>::_Deque_iterator() [with _Tp = Event; _Ref = Event&; _Ptr = Event*]	16	static
/Applications/MCUXpressoIDE_11.6.0_8187/ide/plugins/com.nxp.mcuxpresso.tools.macosx_11.6.0.202112161359/tools/arm-none-eabi/include/c++/10.3.1/bits/alloc_traits.h:459:7:static _Tp* std::allocator_traits<std::allocator<_Tp1> >::allocate(std::allocator_traits<std::allocator<_Tp1> >::allocator_type&, std::allocator_traits<std::allocator<_Tp1> >::size_type) [with _Tp = Event*]	16	static
/Applications/MCUXpressoIDE_11.6.0_8187/ide/plugins/com.nxp.mcuxpresso.tools.macosx_11.6.0.202112161359/tools/arm-none-eabi/include/c++/10.3.1/bits/stl_deque.h:131:21:static std::size_t std::_Deque_iterator<_Tp, _Ref, _Ptr>::_S_buffer_size() [with _Tp = Event; _Ref = Event&; _Ptr = Event*]	8	static
/Applications/MCUXpressoIDE_11.6.0_8187/ide/plugins/com.nxp.mcuxpresso.tools.macosx_11.6.0.202112161359/tools/arm-none-eabi/include/c++/10.3.1/bits/alloc_traits.h:491:7:static void std::allocator_traits<std::allocator<_Tp1> >::deallocate(std::allocator_traits<std::allocator<_Tp1> >::allocator_type&, std::allocator_traits<std::allocator<_Tp1> >::pointer, std::allocator_traits<std::allocator<_Tp1> >::size_type) [with _Tp = Event]	24	static
/Applications/MCUXpressoIDE_11.6.0_8187/ide/plugins/com.nxp.mcuxpresso.tools.macosx_11.6.0.202112161359/tools/arm-none-eabi/include/c++/10.3.1/bits/stl_deque.h:548:7:const _Tp_alloc_type& std::_Deque_base<_Tp, _Alloc>::_M_get_Tp_allocator() const [with _Tp = Event; _Alloc = std::allocator<Event>]	16	static
/Applications/MCUXpressoIDE_11.6.0_8187/ide/plugins/com.nxp.mcuxpresso.tools.macosx_11.6.0.202112161359/tools/arm-none-eabi/include/c++/10.3.1/bits/allocator.h:177:2:std::allocator< <template-parameter-1-1> >::allocator(const std::allocator<_Tp1>&) [with _Tp1 = Event; _Tp = Event*]	16	static
/Applications/MCUXpressoIDE_11.6.0_8187/ide/plugins/com.nxp.mcuxpresso.tools.macosx_11.6.0.202112161359/tools/arm-none-eabi/include/c++/10.3.1/ext/new_allocator.h:89:7:__gnu_cxx::new_allocator<_Tp>::~new_allocator() [with _Tp = Event*]	16	static
/Applications/MCUXpressoIDE_11.6.0_8187/ide/plugins/com.nxp.mcuxpresso.tools.macosx_11.6.0.202112161359/tools/arm-none-eabi/include/c++/10.3.1/ext/new_allocator.h:126:7:void __gnu_cxx::new_allocator<_Tp>::deallocate(_Tp*, __gnu_cxx::new_allocator<_Tp>::size_type) [with _Tp = Event*]	24	static
/Applications/MCUXpressoIDE_11.6.0_8187/ide/plugins/com.nxp.mcuxpresso.tools.macosx_11.6.0.202112161359/tools/arm-none-eabi/include/c++/10.3.1/bits/stl_construct.h:171:5:void std::_Destroy(_ForwardIterator, _ForwardIterator) [with _ForwardIterator = Event*]	16	static
/Applications/MCUXpressoIDE_11.6.0_8187/ide/plugins/com.nxp.mcuxpresso.tools.macosx_11.6.0.202112161359/tools/arm-none-eabi/include/c++/10.3.1/bits/stl_deque.h:353:7:std::_Deque_iterator<Event, Event&, Event*>::difference_type std::operator-(const _Self&, const _Self&)	16	static
/Applications/MCUXpressoIDE_11.6.0_8187/ide/plugins/com.nxp.mcuxpresso.tools.macosx_11.6.0.202112161359/tools/arm-none-eabi/include/c++/10.3.1/bits/stl_deque.h:1831:7:static std::deque<_Tp, _Alloc>::size_type std::deque<_Tp, _Alloc>::_S_max_size(const _Tp_alloc_type&) [with _Tp = Event; _Alloc = std::allocator<Event>]	24	static
/Applications/MCUXpressoIDE_11.6.0_8187/ide/plugins/com.nxp.mcuxpresso.tools.macosx_11.6.0.202112161359/tools/arm-none-eabi/include/c++/10.3.1/bits/deque.tcc:928:5:void std::deque<_Tp, _Alloc>::_M_reallocate_map(std::deque<_Tp, _Alloc>::size_type, bool) [with _Tp = Event; _Alloc = std::allocator<Event>]	56	static
/Applications/MCUXpressoIDE_11.6.0_8187/ide/plugins/com.nxp.mcuxpresso.tools.macosx_11.6.0.202112161359/tools/arm-none-eabi/include/c++/10.3.1/bits/alloc_traits.h:459:7:static _Tp* std::allocator_traits<std::allocator<_Tp1> >::allocate(std::allocator_traits<std::allocator<_Tp1> >::allocator_type&, std::allocator_traits<std::allocator<_Tp1> >::size_type) [with _Tp = Event]	16	static
/Applications/MCUXpressoIDE_11.6.0_8187/ide/plugins/com.nxp.mcuxpresso.tools.macosx_11.6.0.202112161359/tools/arm-none-eabi/include/c++/10.3.1/ext/new_allocator.h:103:7:_Tp* __gnu_cxx::new_allocator<_Tp>::allocate(__gnu_cxx::new_allocator<_Tp>::size_type, const void*) [with _Tp = Event*]	24	static
/Applications/MCUXpressoIDE_11.6.0_8187/ide/plugins/com.nxp.mcuxpresso.tools.macosx_11.6.0.202112161359/tools/arm-none-eabi/include/c++/10.3.1/ext/new_allocator.h:126:7:void __gnu_cxx::new_allocator<_Tp>::deallocate(_Tp*, __gnu_cxx::new_allocator<_Tp>::size_type) [with _Tp = Event]	24	static
/Applications/MCUXpressoIDE_11.6.0_8187/ide/plugins/com.nxp.mcuxpresso.tools.macosx_11.6.0.202112161359/tools/arm-none-eabi/include/c++/10.3.1/ext/new_allocator.h:79:7:__gnu_cxx::new_allocator<_Tp>::new_allocator() [with _Tp = Event*]	16	static
/Applications/MCUXpressoIDE_11.6.0_8187/ide/plugins/com.nxp.mcuxpresso.tools.macosx_11.6.0.202112161359/tools/arm-none-eabi/include/c++/10.3.1/bits/stl_construct.h:149:2:static void std::_Destroy_aux<<anonymous> >::__destroy(_ForwardIterator, _ForwardIterator) [with _ForwardIterator = Event*; bool <anonymous> = false]	16	static
/Applications/MCUXpressoIDE_11.6.0_8187/ide/plugins/com.nxp.mcuxpresso.tools.macosx_11.6.0.202112161359/tools/arm-none-eabi/include/c++/10.3.1/bits/alloc_traits.h:543:7:static std::allocator_traits<std::allocator<_Tp1> >::size_type std::allocator_traits<std::allocator<_Tp1> >::max_size(const allocator_type&) [with _Tp = Event]	16	static
/Applications/MCUXpressoIDE_11.6.0_8187/ide/plugins/com.nxp.mcuxpresso.tools.macosx_11.6.0.202112161359/tools/arm-none-eabi/include/c++/10.3.1/bits/stl_algobase.h:230:5:const _Tp& std::min(const _Tp&, const _Tp&) [with _Tp = unsigned int]	16	static
/Applications/MCUXpressoIDE_11.6.0_8187/ide/plugins/com.nxp.mcuxpresso.tools.macosx_11.6.0.202112161359/tools/arm-none-eabi/include/c++/10.3.1/bits/stl_algobase.h:560:5:_OI std::copy(_II, _II, _OI) [with _II = Event**; _OI = Event**]	32	static
/Applications/MCUXpressoIDE_11.6.0_8187/ide/plugins/com.nxp.mcuxpresso.tools.macosx_11.6.0.202112161359/tools/arm-none-eabi/include/c++/10.3.1/bits/stl_algobase.h:797:5:_BI2 std::copy_backward(_BI1, _BI1, _BI2) [with _BI1 = Event**; _BI2 = Event**]	32	static
/Applications/MCUXpressoIDE_11.6.0_8187/ide/plugins/com.nxp.mcuxpresso.tools.macosx_11.6.0.202112161359/tools/arm-none-eabi/include/c++/10.3.1/ext/new_allocator.h:103:7:_Tp* __gnu_cxx::new_allocator<_Tp>::allocate(__gnu_cxx::new_allocator<_Tp>::size_type, const void*) [with _Tp = Event]	24	static
/Applications/MCUXpressoIDE_11.6.0_8187/ide/plugins/com.nxp.mcuxpresso.tools.macosx_11.6.0.202112161359/tools/arm-none-eabi/include/c++/10.3.1/ext/new_allocator.h:191:7:__gnu_cxx::new_allocator<_Tp>::size_type __gnu_cxx::new_allocator<_Tp>::_M_max_size() const [with _Tp = Event*]	16	static
/Applications/MCUXpressoIDE_11.6.0_8187/ide/plugins/com.nxp.mcuxpresso.tools.macosx_11.6.0.202112161359/tools/arm-none-eabi/include/c++/10.3.1/bits/move.h:49:5:constexpr _Tp* std::__addressof(_Tp&) [with _Tp = Event]	16	static
/Applications/MCUXpressoIDE_11.6.0_8187/ide/plugins/com.nxp.mcuxpresso.tools.macosx_11.6.0.202112161359/tools/arm-none-eabi/include/c++/10.3.1/bits/stl_construct.h:135:5:void std::_Destroy(_Tp*) [with _Tp = Event]	16	static
/Applications/MCUXpressoIDE_11.6.0_8187/ide/plugins/com.nxp.mcuxpresso.tools.macosx_11.6.0.202112161359/tools/arm-none-eabi/include/c++/10.3.1/ext/new_allocator.h:148:7:__gnu_cxx::new_allocator<_Tp>::size_type __gnu_cxx::new_allocator<_Tp>::max_size() const [with _Tp = Event]	16	static
/Applications/MCUXpressoIDE_11.6.0_8187/ide/plugins/com.nxp.mcuxpresso.tools.macosx_11.6.0.202112161359/tools/arm-none-eabi/include/c++/10.3.1/bits/cpp_type_traits.h:544:5:_Iterator std::__miter_base(_Iterator) [with _Iterator = Event**]	16	static
/Applications/MCUXpressoIDE_11.6.0_8187/ide/plugins/com.nxp.mcuxpresso.tools.macosx_11.6.0.202112161359/tools/arm-none-eabi/include/c++/10.3.1/bits/stl_algobase.h:511:5:_OI std::__copy_move_a(_II, _II, _OI) [with bool _IsMove = false; _II = Event**; _OI = Event**]	32	static
/Applications/MCUXpressoIDE_11.6.0_8187/ide/plugins/com.nxp.mcuxpresso.tools.macosx_11.6.0.202112161359/tools/arm-none-eabi/include/c++/10.3.1/bits/stl_algobase.h:745:5:_OI std::__copy_move_backward_a(_II, _II, _OI) [with bool _IsMove = false; _II = Event**; _OI = Event**]	32	static
/Applications/MCUXpressoIDE_11.6.0_8187/ide/plugins/com.nxp.mcuxpresso.tools.macosx_11.6.0.202112161359/tools/arm-none-eabi/include/c++/10.3.1/ext/new_allocator.h:191:7:__gnu_cxx::new_allocator<_Tp>::size_type __gnu_cxx::new_allocator<_Tp>::_M_max_size() const [with _Tp = Event]	16	static
/Applications/MCUXpressoIDE_11.6.0_8187/ide/plugins/com.nxp.mcuxpresso.tools.macosx_11.6.0.202112161359/tools/arm-none-eabi/include/c++/10.3.1/bits/stl_algobase.h:313:5:_Iterator std::__niter_base(_Iterator) [with _Iterator = Event**]	16	static
/Applications/MCUXpressoIDE_11.6.0_8187/ide/plugins/com.nxp.mcuxpresso.tools.macosx_11.6.0.202112161359/tools/arm-none-eabi/include/c++/10.3.1/bits/stl_algobase.h:505:5:_OI std::__copy_move_a1(_II, _II, _OI) [with bool _IsMove = false; _II = Event**; _OI = Event**]	24	static
/Applications/MCUXpressoIDE_11.6.0_8187/ide/plugins/com.nxp.mcuxpresso.tools.macosx_11.6.0.202112161359/tools/arm-none-eabi/include/c++/10.3.1/bits/stl_algobase.h:330:5:_Iterator std::__niter_wrap(const _Iterator&, _Iterator) [with _Iterator = Event**]	16	static
/Applications/MCUXpressoIDE_11.6.0_8187/ide/plugins/com.nxp.mcuxpresso.tools.macosx_11.6.0.202112161359/tools/arm-none-eabi/include/c++/10.3.1/bits/stl_algobase.h:717:5:_BI2 std::__copy_move_backward_a1(_BI1, _BI1, _BI2) [with bool _IsMove = false; _BI1 = Event**; _BI2 = Event**]	24	static
/Applications/MCUXpressoIDE_11.6.0_8187/ide/plugins/com.nxp.mcuxpresso.tools.macosx_11.6.0.202112161359/tools/arm-none-eabi/include/c++/10.3.1/bits/stl_algobase.h:463:5:_OI std::__copy_move_a2(_II, _II, _OI) [with bool _IsMove = false; _II = Event**; _OI = Event**]	24	static
/Applications/MCUXpressoIDE_11.6.0_8187/ide/plugins/com.nxp.mcuxpresso.tools.macosx_11.6.0.202112161359/tools/arm-none-eabi/include/c++/10.3.1/bits/stl_algobase.h:699:5:_BI2 std::__copy_move_backward_a2(_BI1, _BI1, _BI2) [with bool _IsMove = false; _BI1 = Event**; _BI2 = Event**]	24	static
/Applications/MCUXpressoIDE_11.6.0_8187/ide/plugins/com.nxp.mcuxpresso.tools.macosx_11.6.0.202112161359/tools/arm-none-eabi/include/c++/10.3.1/bits/stl_algobase.h:415:2:static _Tp* std::__copy_move<_IsMove, true, std::random_access_iterator_tag>::__copy_m(const _Tp*, const _Tp*, _Tp*) [with _Tp = Event*; bool _IsMove = false]	32	static
/Applications/MCUXpressoIDE_11.6.0_8187/ide/plugins/com.nxp.mcuxpresso.tools.macosx_11.6.0.202112161359/tools/arm-none-eabi/include/c++/10.3.1/bits/stl_algobase.h:680:2:static _Tp* std::__copy_move_backward<_IsMove, true, std::random_access_iterator_tag>::__copy_move_b(const _Tp*, const _Tp*, _Tp*) [with _Tp = Event*; bool _IsMove = false]	32	static
