../src/DigitalIoPin.h:15:10:DigitalIoPin::~DigitalIoPin()	16	static
../src/DigitalIoPin.h:15:10:virtual DigitalIoPin::~DigitalIoPin()	16	static
../src/StateMachine.cpp:10:1:StateMachine::StateMachine(TC74_R&, LpcUart&)	56	static
../src/StateMachine.cpp:23:1:StateMachine::~StateMachine()	16	static
../src/StateMachine.cpp:23:1:virtual StateMachine::~StateMachine()	16	static
../src/StateMachine.cpp:27:6:void StateMachine::handlestate(const Event&)	16	static
../src/StateMachine.cpp:33:6:void StateMachine::setState(state_ptr)	56	static
../src/StateMachine.cpp:41:6:void StateMachine::Init(const Event&)	24	static
../src/StateMachine.cpp:65:6:void StateMachine::Jack(const Event&)	32	static
../src/StateMachine.cpp:94:6:void StateMachine::Diner(const Event&)	24	static
../src/StateMachine.cpp:121:6:void StateMachine::jackDiner(const Event&)	32	static
../src/StateMachine.cpp:152:6:void StateMachine::jackBar(const Event&)	24	static
../src/StateMachine.cpp:177:6:void StateMachine::jackBarDiner(const Event&)	32	static
../src/StateMachine.cpp:212:6:void StateMachine::ledOn(DigitalIoPin*)	16	static
../src/StateMachine.cpp:216:6:void StateMachine::ledOff(DigitalIoPin*)	16	static
../src/StateMachine.cpp:220:6:bool StateMachine::isCold()	152	static
