/Users/DBY/Metro_SemesterV/Embedded Programming/MCUXpressoIDE_11.6.0_8187/workspace/lpc_chip_15xx/inc/core_cm3.h:1405:22:void NVIC_SetPriority(IRQn_Type, uint32_t)	16	static
/Users/DBY/Metro_SemesterV/Embedded Programming/MCUXpressoIDE_11.6.0_8187/workspace/lpc_chip_15xx/inc/core_cm3.h:1532:26:uint32_t SysTick_Config(uint32_t)	16	static
/Users/DBY/Metro_SemesterV/Embedded Programming/MCUXpressoIDE_11.6.0_8187/workspace/lpc_chip_15xx/inc/clock_15xx.h:500:20:void Chip_Clock_SetSysTickClockDiv(uint32_t)	16	static
/Applications/MCUXpressoIDE_11.6.0_8187/ide/plugins/com.nxp.mcuxpresso.tools.macosx_11.6.0.202112161359/tools/arm-none-eabi/include/c++/10.3.1/bits/atomic_base.h:100:3:constexpr std::memory_order std::operator&(std::memory_order, std::__memory_order_modifier)	16	static
/Applications/MCUXpressoIDE_11.6.0_8187/ide/plugins/com.nxp.mcuxpresso.tools.macosx_11.6.0.202112161359/tools/arm-none-eabi/include/c++/10.3.1/bits/predefined_ops.h:48:3:__gnu_cxx::__ops::_Iter_less_iter __gnu_cxx::__ops::__iter_less_iter()	4	static
/Applications/MCUXpressoIDE_11.6.0_8187/ide/plugins/com.nxp.mcuxpresso.tools.macosx_11.6.0.202112161359/tools/arm-none-eabi/include/c++/10.3.1/bits/predefined_ops.h:61:5:__gnu_cxx::__ops::_Iter_less_val::_Iter_less_val(__gnu_cxx::__ops::_Iter_less_iter)	16	static
/Applications/MCUXpressoIDE_11.6.0_8187/ide/plugins/com.nxp.mcuxpresso.tools.macosx_11.6.0.202112161359/tools/arm-none-eabi/include/c++/10.3.1/bits/predefined_ops.h:106:3:__gnu_cxx::__ops::_Val_less_iter __gnu_cxx::__ops::__val_comp_iter(__gnu_cxx::__ops::_Iter_less_iter)	16	static
/Applications/MCUXpressoIDE_11.6.0_8187/ide/plugins/com.nxp.mcuxpresso.tools.macosx_11.6.0.202112161359/tools/arm-none-eabi/include/c++/10.3.1/bits/stl_algobase.h:1364:3:constexpr int std::__lg(int)	16	static
/Applications/MCUXpressoIDE_11.6.0_8187/ide/plugins/com.nxp.mcuxpresso.tools.macosx_11.6.0.202112161359/tools/arm-none-eabi/include/c++/10.3.1/new:174:33:void* operator new(std::size_t, void*)	16	static
/Applications/MCUXpressoIDE_11.6.0_8187/ide/plugins/com.nxp.mcuxpresso.tools.macosx_11.6.0.202112161359/tools/arm-none-eabi/include/c++/10.3.1/arm-none-eabi/thumb/v7-m/nofp/bits/gthr-default.h:229:1:int __gthread_key_delete(__gthread_key_t)	16	static
/Applications/MCUXpressoIDE_11.6.0_8187/ide/plugins/com.nxp.mcuxpresso.tools.macosx_11.6.0.202112161359/tools/arm-none-eabi/include/c++/10.3.1/bits/basic_string.h:6639:3:std::string std::__cxx11::to_string(long unsigned int)	32	static
../src/Lab2_3.cpp:33:6:void SysTick_Handler()	8	static
../src/Lab2_3.cpp:40:6:void Sleep(int)	16	static
/Applications/MCUXpressoIDE_11.6.0_8187/ide/plugins/com.nxp.mcuxpresso.tools.macosx_11.6.0.202112161359/tools/arm-none-eabi/include/c++/10.3.1/type_traits:62:17:constexpr std::integral_constant<_Tp, __v>::operator std::integral_constant<_Tp, __v>::value_type() const [with _Tp = bool; _Tp __v = true]	16	static
/Applications/MCUXpressoIDE_11.6.0_8187/ide/plugins/com.nxp.mcuxpresso.tools.macosx_11.6.0.202112161359/tools/arm-none-eabi/include/c++/10.3.1/bits/stl_vector.h:288:7:std::_Vector_base<_Tp, _Alloc>::_Vector_base() [with _Tp = long unsigned int; _Alloc = std::allocator<long unsigned int>]	16	static
/Applications/MCUXpressoIDE_11.6.0_8187/ide/plugins/com.nxp.mcuxpresso.tools.macosx_11.6.0.202112161359/tools/arm-none-eabi/include/c++/10.3.1/bits/stl_vector.h:487:7:std::vector<_Tp, _Alloc>::vector() [with _Tp = long unsigned int; _Alloc = std::allocator<long unsigned int>]	16	static
../src/Lab2_3.cpp:53:5:int main()	224	static
/Applications/MCUXpressoIDE_11.6.0_8187/ide/plugins/com.nxp.mcuxpresso.tools.macosx_11.6.0.202112161359/tools/arm-none-eabi/include/c++/10.3.1/bits/charconv.h:47:5:unsigned int std::__detail::__to_chars_len(_Tp, int) [with _Tp = long unsigned int]	32	static
/Applications/MCUXpressoIDE_11.6.0_8187/ide/plugins/com.nxp.mcuxpresso.tools.macosx_11.6.0.202112161359/tools/arm-none-eabi/include/c++/10.3.1/bits/charconv.h:72:5:void std::__detail::__to_chars_10_impl(char*, unsigned int, _Tp) [with _Tp = long unsigned int]	40	static
/Applications/MCUXpressoIDE_11.6.0_8187/ide/plugins/com.nxp.mcuxpresso.tools.macosx_11.6.0.202112161359/tools/arm-none-eabi/include/c++/10.3.1/bits/atomic_base.h:291:7:std::__atomic_base<_IntTp>::operator std::__atomic_base<_IntTp>::__int_type() const volatile [with _ITp = int]	24	static
/Applications/MCUXpressoIDE_11.6.0_8187/ide/plugins/com.nxp.mcuxpresso.tools.macosx_11.6.0.202112161359/tools/arm-none-eabi/include/c++/10.3.1/bits/atomic_base.h:321:7:std::__atomic_base<_IntTp>::__int_type std::__atomic_base<_IntTp>::operator--(int) volatile [with _ITp = int]	32	static
/Applications/MCUXpressoIDE_11.6.0_8187/ide/plugins/com.nxp.mcuxpresso.tools.macosx_11.6.0.202112161359/tools/arm-none-eabi/include/c++/10.3.1/bits/atomic_base.h:302:7:std::__atomic_base<_IntTp>::__int_type std::__atomic_base<_IntTp>::operator=(std::__atomic_base<_IntTp>::__int_type) volatile [with _ITp = int]	32	static
/Applications/MCUXpressoIDE_11.6.0_8187/ide/plugins/com.nxp.mcuxpresso.tools.macosx_11.6.0.202112161359/tools/arm-none-eabi/include/c++/10.3.1/bits/stl_vector.h:131:2:std::_Vector_base<_Tp, _Alloc>::_Vector_impl::_Vector_impl() [with _Tp = long unsigned int; _Alloc = std::allocator<long unsigned int>]	16	static
/Applications/MCUXpressoIDE_11.6.0_8187/ide/plugins/com.nxp.mcuxpresso.tools.macosx_11.6.0.202112161359/tools/arm-none-eabi/include/c++/10.3.1/bits/stl_vector.h:918:7:std::vector<_Tp, _Alloc>::size_type std::vector<_Tp, _Alloc>::size() const [with _Tp = long unsigned int; _Alloc = std::allocator<long unsigned int>]	16	static
/Applications/MCUXpressoIDE_11.6.0_8187/ide/plugins/com.nxp.mcuxpresso.tools.macosx_11.6.0.202112161359/tools/arm-none-eabi/include/c++/10.3.1/bits/stl_vector.h:1203:7:void std::vector<_Tp, _Alloc>::push_back(std::vector<_Tp, _Alloc>::value_type&&) [with _Tp = long unsigned int; _Alloc = std::allocator<long unsigned int>]	16	static
/Applications/MCUXpressoIDE_11.6.0_8187/ide/plugins/com.nxp.mcuxpresso.tools.macosx_11.6.0.202112161359/tools/arm-none-eabi/include/c++/10.3.1/bits/stl_vector.h:811:7:std::vector<_Tp, _Alloc>::iterator std::vector<_Tp, _Alloc>::begin() [with _Tp = long unsigned int; _Alloc = std::allocator<long unsigned int>]	24	static
/Applications/MCUXpressoIDE_11.6.0_8187/ide/plugins/com.nxp.mcuxpresso.tools.macosx_11.6.0.202112161359/tools/arm-none-eabi/include/c++/10.3.1/bits/stl_vector.h:829:7:std::vector<_Tp, _Alloc>::iterator std::vector<_Tp, _Alloc>::end() [with _Tp = long unsigned int; _Alloc = std::allocator<long unsigned int>]	24	static
/Applications/MCUXpressoIDE_11.6.0_8187/ide/plugins/com.nxp.mcuxpresso.tools.macosx_11.6.0.202112161359/tools/arm-none-eabi/include/c++/10.3.1/bits/stl_algo.h:4856:5:void std::sort(_RAIter, _RAIter) [with _RAIter = __gnu_cxx::__normal_iterator<long unsigned int*, std::vector<long unsigned int> >]	24	static
/Applications/MCUXpressoIDE_11.6.0_8187/ide/plugins/com.nxp.mcuxpresso.tools.macosx_11.6.0.202112161359/tools/arm-none-eabi/include/c++/10.3.1/bits/stl_numeric.h:134:5:_Tp std::accumulate(_InputIterator, _InputIterator, _Tp) [with _InputIterator = __gnu_cxx::__normal_iterator<long unsigned int*, std::vector<long unsigned int> >; _Tp = double]	24	static
/Applications/MCUXpressoIDE_11.6.0_8187/ide/plugins/com.nxp.mcuxpresso.tools.macosx_11.6.0.202112161359/tools/arm-none-eabi/include/c++/10.3.1/bits/basic_string.h:6143:5:std::__cxx11::basic_string<_CharT, _Traits, _Alloc> std::operator+(const _CharT*, std::__cxx11::basic_string<_CharT, _Traits, _Alloc>&&) [with _CharT = char; _Traits = std::char_traits<char>; _Alloc = std::allocator<char>]	24	static
/Applications/MCUXpressoIDE_11.6.0_8187/ide/plugins/com.nxp.mcuxpresso.tools.macosx_11.6.0.202112161359/tools/arm-none-eabi/include/c++/10.3.1/bits/basic_string.h:6155:5:std::__cxx11::basic_string<_CharT, _Traits, _Alloc> std::operator+(std::__cxx11::basic_string<_CharT, _Traits, _Alloc>&&, const _CharT*) [with _CharT = char; _Traits = std::char_traits<char>; _Alloc = std::allocator<char>]	24	static
/Applications/MCUXpressoIDE_11.6.0_8187/ide/plugins/com.nxp.mcuxpresso.tools.macosx_11.6.0.202112161359/tools/arm-none-eabi/include/c++/10.3.1/bits/stl_vector.h:1043:7:std::vector<_Tp, _Alloc>::reference std::vector<_Tp, _Alloc>::operator[](std::vector<_Tp, _Alloc>::size_type) [with _Tp = long unsigned int; _Alloc = std::allocator<long unsigned int>]	16	static
/Applications/MCUXpressoIDE_11.6.0_8187/ide/plugins/com.nxp.mcuxpresso.tools.macosx_11.6.0.202112161359/tools/arm-none-eabi/include/c++/10.3.1/bits/basic_string.h:6121:5:std::__cxx11::basic_string<_CharT, _Traits, _Alloc> std::operator+(std::__cxx11::basic_string<_CharT, _Traits, _Alloc>&&, std::__cxx11::basic_string<_CharT, _Traits, _Alloc>&&) [with _CharT = char; _Traits = std::char_traits<char>; _Alloc = std::allocator<char>]	56	static
/Applications/MCUXpressoIDE_11.6.0_8187/ide/plugins/com.nxp.mcuxpresso.tools.macosx_11.6.0.202112161359/tools/arm-none-eabi/include/c++/10.3.1/bits/stl_vector.h:1498:7:void std::vector<_Tp, _Alloc>::clear() [with _Tp = long unsigned int; _Alloc = std::allocator<long unsigned int>]	16	static
/Applications/MCUXpressoIDE_11.6.0_8187/ide/plugins/com.nxp.mcuxpresso.tools.macosx_11.6.0.202112161359/tools/arm-none-eabi/include/c++/10.3.1/bits/allocator.h:164:7:std::allocator< <template-parameter-1-1> >::allocator() [with _Tp = long unsigned int]	16	static
/Applications/MCUXpressoIDE_11.6.0_8187/ide/plugins/com.nxp.mcuxpresso.tools.macosx_11.6.0.202112161359/tools/arm-none-eabi/include/c++/10.3.1/bits/stl_vector.h:97:2:std::_Vector_base<_Tp, _Alloc>::_Vector_impl_data::_Vector_impl_data() [with _Tp = long unsigned int; _Alloc = std::allocator<long unsigned int>]	16	static
/Applications/MCUXpressoIDE_11.6.0_8187/ide/plugins/com.nxp.mcuxpresso.tools.macosx_11.6.0.202112161359/tools/arm-none-eabi/include/c++/10.3.1/bits/stl_vector.h:350:7:void std::_Vector_base<_Tp, _Alloc>::_M_deallocate(std::_Vector_base<_Tp, _Alloc>::pointer, std::size_t) [with _Tp = long unsigned int; _Alloc = std::allocator<long unsigned int>]	24	static
/Applications/MCUXpressoIDE_11.6.0_8187/ide/plugins/com.nxp.mcuxpresso.tools.macosx_11.6.0.202112161359/tools/arm-none-eabi/include/c++/10.3.1/bits/stl_vector.h:276:7:std::_Vector_base<_Tp, _Alloc>::_Tp_alloc_type& std::_Vector_base<_Tp, _Alloc>::_M_get_Tp_allocator() [with _Tp = long unsigned int; _Alloc = std::allocator<long unsigned int>]	16	static
/Applications/MCUXpressoIDE_11.6.0_8187/ide/plugins/com.nxp.mcuxpresso.tools.macosx_11.6.0.202112161359/tools/arm-none-eabi/include/c++/10.3.1/bits/alloc_traits.h:735:5:void std::_Destroy(_ForwardIterator, _ForwardIterator, std::allocator<_T2>&) [with _ForwardIterator = long unsigned int*; _Tp = long unsigned int]	24	static
/Applications/MCUXpressoIDE_11.6.0_8187/ide/plugins/com.nxp.mcuxpresso.tools.macosx_11.6.0.202112161359/tools/arm-none-eabi/include/c++/10.3.1/bits/move.h:101:5:constexpr typename std::remove_reference<_Tp>::type&& std::move(_Tp&&) [with _Tp = long unsigned int&]	16	static
/Applications/MCUXpressoIDE_11.6.0_8187/ide/plugins/com.nxp.mcuxpresso.tools.macosx_11.6.0.202112161359/tools/arm-none-eabi/include/c++/10.3.1/bits/vector.tcc:109:7:) [with _Args = {long unsigned int}; _Tp = long unsigned int; _Alloc = std::allocator<long unsigned int>]	24	static
/Applications/MCUXpressoIDE_11.6.0_8187/ide/plugins/com.nxp.mcuxpresso.tools.macosx_11.6.0.202112161359/tools/arm-none-eabi/include/c++/10.3.1/bits/stl_iterator.h:978:7:__gnu_cxx::__normal_iterator<_Iterator, _Container>::__normal_iterator(const _Iterator&) [with _Iterator = long unsigned int*; _Container = std::vector<long unsigned int>]	16	static
/Applications/MCUXpressoIDE_11.6.0_8187/ide/plugins/com.nxp.mcuxpresso.tools.macosx_11.6.0.202112161359/tools/arm-none-eabi/include/c++/10.3.1/bits/stl_algo.h:1974:5:void std::__sort(_RandomAccessIterator, _RandomAccessIterator, _Compare) [with _RandomAccessIterator = __gnu_cxx::__normal_iterator<long unsigned int*, std::vector<long unsigned int> >; _Compare = __gnu_cxx::__ops::_Iter_less_iter]	32	static
/Applications/MCUXpressoIDE_11.6.0_8187/ide/plugins/com.nxp.mcuxpresso.tools.macosx_11.6.0.202112161359/tools/arm-none-eabi/include/c++/10.3.1/bits/stl_iterator.h:1113:5:bool __gnu_cxx::operator!=(const __gnu_cxx::__normal_iterator<_Iterator, _Container>&, const __gnu_cxx::__normal_iterator<_Iterator, _Container>&) [with _Iterator = long unsigned int*; _Container = std::vector<long unsigned int>]	24	static
/Applications/MCUXpressoIDE_11.6.0_8187/ide/plugins/com.nxp.mcuxpresso.tools.macosx_11.6.0.202112161359/tools/arm-none-eabi/include/c++/10.3.1/bits/stl_iterator.h:1003:7:__gnu_cxx::__normal_iterator<_Iterator, _Container>& __gnu_cxx::__normal_iterator<_Iterator, _Container>::operator++() [with _Iterator = long unsigned int*; _Container = std::vector<long unsigned int>]	16	static
/Applications/MCUXpressoIDE_11.6.0_8187/ide/plugins/com.nxp.mcuxpresso.tools.macosx_11.6.0.202112161359/tools/arm-none-eabi/include/c++/10.3.1/bits/stl_iterator.h:993:7:__gnu_cxx::__normal_iterator<_Iterator, _Container>::reference __gnu_cxx::__normal_iterator<_Iterator, _Container>::operator*() const [with _Iterator = long unsigned int*; _Container = std::vector<long unsigned int>]	16	static
/Applications/MCUXpressoIDE_11.6.0_8187/ide/plugins/com.nxp.mcuxpresso.tools.macosx_11.6.0.202112161359/tools/arm-none-eabi/include/c++/10.3.1/bits/move.h:101:5:constexpr typename std::remove_reference<_Tp>::type&& std::move(_Tp&&) [with _Tp = std::__cxx11::basic_string<char>&]	16	static
/Applications/MCUXpressoIDE_11.6.0_8187/ide/plugins/com.nxp.mcuxpresso.tools.macosx_11.6.0.202112161359/tools/arm-none-eabi/include/c++/10.3.1/bits/allocator.h:212:7:bool std::operator==(const std::allocator<char>&, const std::allocator<char>&)	16	static
/Applications/MCUXpressoIDE_11.6.0_8187/ide/plugins/com.nxp.mcuxpresso.tools.macosx_11.6.0.202112161359/tools/arm-none-eabi/include/c++/10.3.1/bits/stl_vector.h:1792:7:void std::vector<_Tp, _Alloc>::_M_erase_at_end(std::vector<_Tp, _Alloc>::pointer) [with _Tp = long unsigned int; _Alloc = std::allocator<long unsigned int>]	32	static
/Applications/MCUXpressoIDE_11.6.0_8187/ide/plugins/com.nxp.mcuxpresso.tools.macosx_11.6.0.202112161359/tools/arm-none-eabi/include/c++/10.3.1/ext/new_allocator.h:79:7:__gnu_cxx::new_allocator<_Tp>::new_allocator() [with _Tp = long unsigned int]	16	static
/Applications/MCUXpressoIDE_11.6.0_8187/ide/plugins/com.nxp.mcuxpresso.tools.macosx_11.6.0.202112161359/tools/arm-none-eabi/include/c++/10.3.1/bits/alloc_traits.h:491:7:static void std::allocator_traits<std::allocator<_CharT> >::deallocate(std::allocator_traits<std::allocator<_CharT> >::allocator_type&, std::allocator_traits<std::allocator<_CharT> >::pointer, std::allocator_traits<std::allocator<_CharT> >::size_type) [with _Tp = long unsigned int]	24	static
/Applications/MCUXpressoIDE_11.6.0_8187/ide/plugins/com.nxp.mcuxpresso.tools.macosx_11.6.0.202112161359/tools/arm-none-eabi/include/c++/10.3.1/bits/stl_construct.h:171:5:void std::_Destroy(_ForwardIterator, _ForwardIterator) [with _ForwardIterator = long unsigned int*]	16	static
/Applications/MCUXpressoIDE_11.6.0_8187/ide/plugins/com.nxp.mcuxpresso.tools.macosx_11.6.0.202112161359/tools/arm-none-eabi/include/c++/10.3.1/bits/move.h:76:5:constexpr _Tp&& std::forward(typename std::remove_reference<_Tp>::type&) [with _Tp = long unsigned int]	16	static
/Applications/MCUXpressoIDE_11.6.0_8187/ide/plugins/com.nxp.mcuxpresso.tools.macosx_11.6.0.202112161359/tools/arm-none-eabi/include/c++/10.3.1/bits/alloc_traits.h:507:2:) [with _Up = long unsigned int; _Args = {long unsigned int}; _Tp = long unsigned int]	24	static
/Applications/MCUXpressoIDE_11.6.0_8187/ide/plugins/com.nxp.mcuxpresso.tools.macosx_11.6.0.202112161359/tools/arm-none-eabi/include/c++/10.3.1/bits/stl_vector.h:444:7:static constexpr bool std::vector<_Tp, _Alloc>::_S_use_relocate() [with _Tp = long unsigned int; _Alloc = std::allocator<long unsigned int>]	16	static
/Applications/MCUXpressoIDE_11.6.0_8187/ide/plugins/com.nxp.mcuxpresso.tools.macosx_11.6.0.202112161359/tools/arm-none-eabi/include/c++/10.3.1/bits/stl_vector.h:431:7:static constexpr bool std::vector<_Tp, _Alloc>::_S_nothrow_relocate(std::true_type) [with _Tp = long unsigned int; _Alloc = std::allocator<long unsigned int>]	16	static
/Applications/MCUXpressoIDE_11.6.0_8187/ide/plugins/com.nxp.mcuxpresso.tools.macosx_11.6.0.202112161359/tools/arm-none-eabi/include/c++/10.3.1/bits/vector.tcc:426:7:) [with _Args = {long unsigned int}; _Tp = long unsigned int; _Alloc = std::allocator<long unsigned int>]	64	static
/Applications/MCUXpressoIDE_11.6.0_8187/ide/plugins/com.nxp.mcuxpresso.tools.macosx_11.6.0.202112161359/tools/arm-none-eabi/include/c++/10.3.1/bits/stl_iterator.h:1202:5:typename __gnu_cxx::__normal_iterator<_Iterator, _Container>::difference_type __gnu_cxx::operator-(const __gnu_cxx::__normal_iterator<_Iterator, _Container>&, const __gnu_cxx::__normal_iterator<_Iterator, _Container>&) [with _Iterator = long unsigned int*; _Container = std::vector<long unsigned int>]	24	static
/Applications/MCUXpressoIDE_11.6.0_8187/ide/plugins/com.nxp.mcuxpresso.tools.macosx_11.6.0.202112161359/tools/arm-none-eabi/include/c++/10.3.1/bits/stl_algo.h:1950:5:void std::__introsort_loop(_RandomAccessIterator, _RandomAccessIterator, _Size, _Compare) [with _RandomAccessIterator = __gnu_cxx::__normal_iterator<long unsigned int*, std::vector<long unsigned int> >; _Size = int; _Compare = __gnu_cxx::__ops::_Iter_less_iter]	48	static
/Applications/MCUXpressoIDE_11.6.0_8187/ide/plugins/com.nxp.mcuxpresso.tools.macosx_11.6.0.202112161359/tools/arm-none-eabi/include/c++/10.3.1/bits/stl_algo.h:1886:5:void std::__final_insertion_sort(_RandomAccessIterator, _RandomAccessIterator, _Compare) [with _RandomAccessIterator = __gnu_cxx::__normal_iterator<long unsigned int*, std::vector<long unsigned int> >; _Compare = __gnu_cxx::__ops::_Iter_less_iter]	40	static
/Applications/MCUXpressoIDE_11.6.0_8187/ide/plugins/com.nxp.mcuxpresso.tools.macosx_11.6.0.202112161359/tools/arm-none-eabi/include/c++/10.3.1/bits/stl_iterator.h:1056:7:const _Iterator& __gnu_cxx::__normal_iterator<_Iterator, _Container>::base() const [with _Iterator = long unsigned int*; _Container = std::vector<long unsigned int>]	16	static
/Applications/MCUXpressoIDE_11.6.0_8187/ide/plugins/com.nxp.mcuxpresso.tools.macosx_11.6.0.202112161359/tools/arm-none-eabi/include/c++/10.3.1/ext/new_allocator.h:126:7:void __gnu_cxx::new_allocator<_Tp>::deallocate(_Tp*, __gnu_cxx::new_allocator<_Tp>::size_type) [with _Tp = long unsigned int]	24	static
/Applications/MCUXpressoIDE_11.6.0_8187/ide/plugins/com.nxp.mcuxpresso.tools.macosx_11.6.0.202112161359/tools/arm-none-eabi/include/c++/10.3.1/bits/stl_construct.h:161:9:static void std::_Destroy_aux<true>::__destroy(_ForwardIterator, _ForwardIterator) [with _ForwardIterator = long unsigned int*]	16	static
/Applications/MCUXpressoIDE_11.6.0_8187/ide/plugins/com.nxp.mcuxpresso.tools.macosx_11.6.0.202112161359/tools/arm-none-eabi/include/c++/10.3.1/ext/new_allocator.h:154:2:) [with _Up = long unsigned int; _Args = {long unsigned int}; _Tp = long unsigned int]	32	static
/Applications/MCUXpressoIDE_11.6.0_8187/ide/plugins/com.nxp.mcuxpresso.tools.macosx_11.6.0.202112161359/tools/arm-none-eabi/include/c++/10.3.1/bits/stl_vector.h:1756:7:std::vector<_Tp, _Alloc>::size_type std::vector<_Tp, _Alloc>::_M_check_len(std::vector<_Tp, _Alloc>::size_type, const char*) const [with _Tp = long unsigned int; _Alloc = std::allocator<long unsigned int>]	40	static
/Applications/MCUXpressoIDE_11.6.0_8187/ide/plugins/com.nxp.mcuxpresso.tools.macosx_11.6.0.202112161359/tools/arm-none-eabi/include/c++/10.3.1/bits/stl_vector.h:343:7:std::_Vector_base<_Tp, _Alloc>::pointer std::_Vector_base<_Tp, _Alloc>::_M_allocate(std::size_t) [with _Tp = long unsigned int; _Alloc = std::allocator<long unsigned int>]	16	static
/Applications/MCUXpressoIDE_11.6.0_8187/ide/plugins/com.nxp.mcuxpresso.tools.macosx_11.6.0.202112161359/tools/arm-none-eabi/include/c++/10.3.1/bits/stl_vector.h:465:7:static std::vector<_Tp, _Alloc>::pointer std::vector<_Tp, _Alloc>::_S_relocate(std::vector<_Tp, _Alloc>::pointer, std::vector<_Tp, _Alloc>::pointer, std::vector<_Tp, _Alloc>::pointer, std::vector<_Tp, _Alloc>::_Tp_alloc_type&) [with _Tp = long unsigned int; _Alloc = std::allocator<long unsigned int>]	40	static
/Applications/MCUXpressoIDE_11.6.0_8187/ide/plugins/com.nxp.mcuxpresso.tools.macosx_11.6.0.202112161359/tools/arm-none-eabi/include/c++/10.3.1/bits/stl_uninitialized.h:341:5:_ForwardIterator std::__uninitialized_move_if_noexcept_a(_InputIterator, _InputIterator, _ForwardIterator, _Allocator&) [with _InputIterator = long unsigned int*; _ForwardIterator = long unsigned int*; _Allocator = std::allocator<long unsigned int>]	32	static
/Applications/MCUXpressoIDE_11.6.0_8187/ide/plugins/com.nxp.mcuxpresso.tools.macosx_11.6.0.202112161359/tools/arm-none-eabi/include/c++/10.3.1/bits/stl_algo.h:1937:5:void std::__partial_sort(_RandomAccessIterator, _RandomAccessIterator, _RandomAccessIterator, _Compare) [with _RandomAccessIterator = __gnu_cxx::__normal_iterator<long unsigned int*, std::vector<long unsigned int> >; _Compare = __gnu_cxx::__ops::_Iter_less_iter]	32	static
/Applications/MCUXpressoIDE_11.6.0_8187/ide/plugins/com.nxp.mcuxpresso.tools.macosx_11.6.0.202112161359/tools/arm-none-eabi/include/c++/10.3.1/bits/stl_algo.h:1925:5:_RandomAccessIterator std::__unguarded_partition_pivot(_RandomAccessIterator, _RandomAccessIterator, _Compare) [with _RandomAccessIterator = __gnu_cxx::__normal_iterator<long unsigned int*, std::vector<long unsigned int> >; _Compare = __gnu_cxx::__ops::_Iter_less_iter]	56	static
/Applications/MCUXpressoIDE_11.6.0_8187/ide/plugins/com.nxp.mcuxpresso.tools.macosx_11.6.0.202112161359/tools/arm-none-eabi/include/c++/10.3.1/bits/stl_iterator.h:1041:7:__gnu_cxx::__normal_iterator<_Iterator, _Container> __gnu_cxx::__normal_iterator<_Iterator, _Container>::operator+(__gnu_cxx::__normal_iterator<_Iterator, _Container>::difference_type) const [with _Iterator = long unsigned int*; _Container = std::vector<long unsigned int>]	24	static
/Applications/MCUXpressoIDE_11.6.0_8187/ide/plugins/com.nxp.mcuxpresso.tools.macosx_11.6.0.202112161359/tools/arm-none-eabi/include/c++/10.3.1/bits/stl_algo.h:1844:5:void std::__insertion_sort(_RandomAccessIterator, _RandomAccessIterator, _Compare) [with _RandomAccessIterator = __gnu_cxx::__normal_iterator<long unsigned int*, std::vector<long unsigned int> >; _Compare = __gnu_cxx::__ops::_Iter_less_iter]	48	static
/Applications/MCUXpressoIDE_11.6.0_8187/ide/plugins/com.nxp.mcuxpresso.tools.macosx_11.6.0.202112161359/tools/arm-none-eabi/include/c++/10.3.1/bits/stl_algo.h:1868:5:void std::__unguarded_insertion_sort(_RandomAccessIterator, _RandomAccessIterator, _Compare) [with _RandomAccessIterator = __gnu_cxx::__normal_iterator<long unsigned int*, std::vector<long unsigned int> >; _Compare = __gnu_cxx::__ops::_Iter_less_iter]	40	static
/Applications/MCUXpressoIDE_11.6.0_8187/ide/plugins/com.nxp.mcuxpresso.tools.macosx_11.6.0.202112161359/tools/arm-none-eabi/include/c++/10.3.1/bits/stl_vector.h:923:7:std::vector<_Tp, _Alloc>::size_type std::vector<_Tp, _Alloc>::max_size() const [with _Tp = long unsigned int; _Alloc = std::allocator<long unsigned int>]	16	static
/Applications/MCUXpressoIDE_11.6.0_8187/ide/plugins/com.nxp.mcuxpresso.tools.macosx_11.6.0.202112161359/tools/arm-none-eabi/include/c++/10.3.1/bits/stl_algobase.h:254:5:const _Tp& std::max(const _Tp&, const _Tp&) [with _Tp = unsigned int]	16	static
/Applications/MCUXpressoIDE_11.6.0_8187/ide/plugins/com.nxp.mcuxpresso.tools.macosx_11.6.0.202112161359/tools/arm-none-eabi/include/c++/10.3.1/bits/alloc_traits.h:459:7:static _Tp* std::allocator_traits<std::allocator<_CharT> >::allocate(std::allocator_traits<std::allocator<_CharT> >::allocator_type&, std::allocator_traits<std::allocator<_CharT> >::size_type) [with _Tp = long unsigned int]	16	static
/Applications/MCUXpressoIDE_11.6.0_8187/ide/plugins/com.nxp.mcuxpresso.tools.macosx_11.6.0.202112161359/tools/arm-none-eabi/include/c++/10.3.1/bits/stl_vector.h:453:7:static std::vector<_Tp, _Alloc>::pointer std::vector<_Tp, _Alloc>::_S_do_relocate(std::vector<_Tp, _Alloc>::pointer, std::vector<_Tp, _Alloc>::pointer, std::vector<_Tp, _Alloc>::pointer, std::vector<_Tp, _Alloc>::_Tp_alloc_type&, std::true_type) [with _Tp = long unsigned int; _Alloc = std::allocator<long unsigned int>]	24	static
/Applications/MCUXpressoIDE_11.6.0_8187/ide/plugins/com.nxp.mcuxpresso.tools.macosx_11.6.0.202112161359/tools/arm-none-eabi/include/c++/10.3.1/bits/stl_iterator.h:1619:5:_ReturnType std::__make_move_if_noexcept_iterator(_Tp*) [with _Tp = long unsigned int; _ReturnType = std::move_iterator<long unsigned int*>]	24	static
/Applications/MCUXpressoIDE_11.6.0_8187/ide/plugins/com.nxp.mcuxpresso.tools.macosx_11.6.0.202112161359/tools/arm-none-eabi/include/c++/10.3.1/bits/stl_uninitialized.h:323:5:_ForwardIterator std::__uninitialized_copy_a(_InputIterator, _InputIterator, _ForwardIterator, std::allocator<_Tp>&) [with _InputIterator = std::move_iterator<long unsigned int*>; _ForwardIterator = long unsigned int*; _Tp = long unsigned int]	24	static
/Applications/MCUXpressoIDE_11.6.0_8187/ide/plugins/com.nxp.mcuxpresso.tools.macosx_11.6.0.202112161359/tools/arm-none-eabi/include/c++/10.3.1/bits/stl_algo.h:1667:5:void std::__heap_select(_RandomAccessIterator, _RandomAccessIterator, _RandomAccessIterator, _Compare) [with _RandomAccessIterator = __gnu_cxx::__normal_iterator<long unsigned int*, std::vector<long unsigned int> >; _Compare = __gnu_cxx::__ops::_Iter_less_iter]	32	static
/Applications/MCUXpressoIDE_11.6.0_8187/ide/plugins/com.nxp.mcuxpresso.tools.macosx_11.6.0.202112161359/tools/arm-none-eabi/include/c++/10.3.1/bits/stl_heap.h:418:5:void std::__sort_heap(_RandomAccessIterator, _RandomAccessIterator, _Compare&) [with _RandomAccessIterator = __gnu_cxx::__normal_iterator<long unsigned int*, std::vector<long unsigned int> >; _Compare = __gnu_cxx::__ops::_Iter_less_iter]	24	static
/Applications/MCUXpressoIDE_11.6.0_8187/ide/plugins/com.nxp.mcuxpresso.tools.macosx_11.6.0.202112161359/tools/arm-none-eabi/include/c++/10.3.1/bits/stl_iterator.h:1051:7:__gnu_cxx::__normal_iterator<_Iterator, _Container> __gnu_cxx::__normal_iterator<_Iterator, _Container>::operator-(__gnu_cxx::__normal_iterator<_Iterator, _Container>::difference_type) const [with _Iterator = long unsigned int*; _Container = std::vector<long unsigned int>]	24	static
/Applications/MCUXpressoIDE_11.6.0_8187/ide/plugins/com.nxp.mcuxpresso.tools.macosx_11.6.0.202112161359/tools/arm-none-eabi/include/c++/10.3.1/bits/stl_algo.h:79:5:void std::__move_median_to_first(_Iterator, _Iterator, _Iterator, _Iterator, _Compare) [with _Iterator = __gnu_cxx::__normal_iterator<long unsigned int*, std::vector<long unsigned int> >; _Compare = __gnu_cxx::__ops::_Iter_less_iter]	24	static
/Applications/MCUXpressoIDE_11.6.0_8187/ide/plugins/com.nxp.mcuxpresso.tools.macosx_11.6.0.202112161359/tools/arm-none-eabi/include/c++/10.3.1/bits/stl_algo.h:1903:5:_RandomAccessIterator std::__unguarded_partition(_RandomAccessIterator, _RandomAccessIterator, _RandomAccessIterator, _Compare) [with _RandomAccessIterator = __gnu_cxx::__normal_iterator<long unsigned int*, std::vector<long unsigned int> >; _Compare = __gnu_cxx::__ops::_Iter_less_iter]	24	static
/Applications/MCUXpressoIDE_11.6.0_8187/ide/plugins/com.nxp.mcuxpresso.tools.macosx_11.6.0.202112161359/tools/arm-none-eabi/include/c++/10.3.1/bits/stl_iterator.h:1097:5:bool __gnu_cxx::operator==(const __gnu_cxx::__normal_iterator<_Iterator, _Container>&, const __gnu_cxx::__normal_iterator<_Iterator, _Container>&) [with _Iterator = long unsigned int*; _Container = std::vector<long unsigned int>]	24	static
/Applications/MCUXpressoIDE_11.6.0_8187/ide/plugins/com.nxp.mcuxpresso.tools.macosx_11.6.0.202112161359/tools/arm-none-eabi/include/c++/10.3.1/bits/predefined_ops.h:42:7:bool __gnu_cxx::__ops::_Iter_less_iter::operator()(_Iterator1, _Iterator2) const [with _Iterator1 = __gnu_cxx::__normal_iterator<long unsigned int*, std::vector<long unsigned int> >; _Iterator2 = __gnu_cxx::__normal_iterator<long unsigned int*, std::vector<long unsigned int> >]	32	static
/Applications/MCUXpressoIDE_11.6.0_8187/ide/plugins/com.nxp.mcuxpresso.tools.macosx_11.6.0.202112161359/tools/arm-none-eabi/include/c++/10.3.1/bits/stl_algobase.h:833:5:_BI2 std::move_backward(_BI1, _BI1, _BI2) [with _BI1 = __gnu_cxx::__normal_iterator<long unsigned int*, std::vector<long unsigned int> >; _BI2 = __gnu_cxx::__normal_iterator<long unsigned int*, std::vector<long unsigned int> >]	32	static
/Applications/MCUXpressoIDE_11.6.0_8187/ide/plugins/com.nxp.mcuxpresso.tools.macosx_11.6.0.202112161359/tools/arm-none-eabi/include/c++/10.3.1/bits/stl_algo.h:1824:5:void std::__unguarded_linear_insert(_RandomAccessIterator, _Compare) [with _RandomAccessIterator = __gnu_cxx::__normal_iterator<long unsigned int*, std::vector<long unsigned int> >; _Compare = __gnu_cxx::__ops::_Val_less_iter]	32	static
/Applications/MCUXpressoIDE_11.6.0_8187/ide/plugins/com.nxp.mcuxpresso.tools.macosx_11.6.0.202112161359/tools/arm-none-eabi/include/c++/10.3.1/bits/stl_vector.h:1776:7:static std::vector<_Tp, _Alloc>::size_type std::vector<_Tp, _Alloc>::_S_max_size(const _Tp_alloc_type&) [with _Tp = long unsigned int; _Alloc = std::allocator<long unsigned int>]	24	static
/Applications/MCUXpressoIDE_11.6.0_8187/ide/plugins/com.nxp.mcuxpresso.tools.macosx_11.6.0.202112161359/tools/arm-none-eabi/include/c++/10.3.1/bits/stl_vector.h:280:7:const _Tp_alloc_type& std::_Vector_base<_Tp, _Alloc>::_M_get_Tp_allocator() const [with _Tp = long unsigned int; _Alloc = std::allocator<long unsigned int>]	16	static
/Applications/MCUXpressoIDE_11.6.0_8187/ide/plugins/com.nxp.mcuxpresso.tools.macosx_11.6.0.202112161359/tools/arm-none-eabi/include/c++/10.3.1/ext/new_allocator.h:103:7:_Tp* __gnu_cxx::new_allocator<_Tp>::allocate(__gnu_cxx::new_allocator<_Tp>::size_type, const void*) [with _Tp = long unsigned int]	24	static
/Applications/MCUXpressoIDE_11.6.0_8187/ide/plugins/com.nxp.mcuxpresso.tools.macosx_11.6.0.202112161359/tools/arm-none-eabi/include/c++/10.3.1/bits/stl_uninitialized.h:1022:5:_ForwardIterator std::__relocate_a(_InputIterator, _InputIterator, _ForwardIterator, _Allocator&) [with _InputIterator = long unsigned int*; _ForwardIterator = long unsigned int*; _Allocator = std::allocator<long unsigned int>]	32	static
/Applications/MCUXpressoIDE_11.6.0_8187/ide/plugins/com.nxp.mcuxpresso.tools.macosx_11.6.0.202112161359/tools/arm-none-eabi/include/c++/10.3.1/bits/stl_iterator.h:1344:7:std::move_iterator<_Iterator>::move_iterator(std::move_iterator<_Iterator>::iterator_type) [with _Iterator = long unsigned int*]	16	static
/Applications/MCUXpressoIDE_11.6.0_8187/ide/plugins/com.nxp.mcuxpresso.tools.macosx_11.6.0.202112161359/tools/arm-none-eabi/include/c++/10.3.1/bits/stl_uninitialized.h:125:5:_ForwardIterator std::uninitialized_copy(_InputIterator, _InputIterator, _ForwardIterator) [with _InputIterator = std::move_iterator<long unsigned int*>; _ForwardIterator = long unsigned int*]	32	static
/Applications/MCUXpressoIDE_11.6.0_8187/ide/plugins/com.nxp.mcuxpresso.tools.macosx_11.6.0.202112161359/tools/arm-none-eabi/include/c++/10.3.1/bits/stl_heap.h:339:5:void std::__make_heap(_RandomAccessIterator, _RandomAccessIterator, _Compare&) [with _RandomAccessIterator = __gnu_cxx::__normal_iterator<long unsigned int*, std::vector<long unsigned int> >; _Compare = __gnu_cxx::__ops::_Iter_less_iter]	56	static
/Applications/MCUXpressoIDE_11.6.0_8187/ide/plugins/com.nxp.mcuxpresso.tools.macosx_11.6.0.202112161359/tools/arm-none-eabi/include/c++/10.3.1/bits/stl_iterator.h:1129:5:bool __gnu_cxx::operator<(const __gnu_cxx::__normal_iterator<_Iterator, _Container>&, const __gnu_cxx::__normal_iterator<_Iterator, _Container>&) [with _Iterator = long unsigned int*; _Container = std::vector<long unsigned int>]	24	static
/Applications/MCUXpressoIDE_11.6.0_8187/ide/plugins/com.nxp.mcuxpresso.tools.macosx_11.6.0.202112161359/tools/arm-none-eabi/include/c++/10.3.1/bits/stl_heap.h:253:5:void std::__pop_heap(_RandomAccessIterator, _RandomAccessIterator, _RandomAccessIterator, _Compare&) [with _RandomAccessIterator = __gnu_cxx::__normal_iterator<long unsigned int*, std::vector<long unsigned int> >; _Compare = __gnu_cxx::__ops::_Iter_less_iter]	48	static
/Applications/MCUXpressoIDE_11.6.0_8187/ide/plugins/com.nxp.mcuxpresso.tools.macosx_11.6.0.202112161359/tools/arm-none-eabi/include/c++/10.3.1/bits/stl_iterator.h:1017:7:__gnu_cxx::__normal_iterator<_Iterator, _Container>& __gnu_cxx::__normal_iterator<_Iterator, _Container>::operator--() [with _Iterator = long unsigned int*; _Container = std::vector<long unsigned int>]	16	static
/Applications/MCUXpressoIDE_11.6.0_8187/ide/plugins/com.nxp.mcuxpresso.tools.macosx_11.6.0.202112161359/tools/arm-none-eabi/include/c++/10.3.1/bits/stl_algobase.h:152:5:void std::iter_swap(_ForwardIterator1, _ForwardIterator2) [with _ForwardIterator1 = __gnu_cxx::__normal_iterator<long unsigned int*, std::vector<long unsigned int> >; _ForwardIterator2 = __gnu_cxx::__normal_iterator<long unsigned int*, std::vector<long unsigned int> >]	24	static
/Applications/MCUXpressoIDE_11.6.0_8187/ide/plugins/com.nxp.mcuxpresso.tools.macosx_11.6.0.202112161359/tools/arm-none-eabi/include/c++/10.3.1/bits/cpp_type_traits.h:544:5:_Iterator std::__miter_base(_Iterator) [with _Iterator = __gnu_cxx::__normal_iterator<long unsigned int*, std::vector<long unsigned int> >]	16	static
/Applications/MCUXpressoIDE_11.6.0_8187/ide/plugins/com.nxp.mcuxpresso.tools.macosx_11.6.0.202112161359/tools/arm-none-eabi/include/c++/10.3.1/bits/stl_algobase.h:745:5:_OI std::__copy_move_backward_a(_II, _II, _OI) [with bool _IsMove = true; _II = __gnu_cxx::__normal_iterator<long unsigned int*, std::vector<long unsigned int> >; _OI = __gnu_cxx::__normal_iterator<long unsigned int*, std::vector<long unsigned int> >]	32	static
/Applications/MCUXpressoIDE_11.6.0_8187/ide/plugins/com.nxp.mcuxpresso.tools.macosx_11.6.0.202112161359/tools/arm-none-eabi/include/c++/10.3.1/bits/predefined_ops.h:95:7:bool __gnu_cxx::__ops::_Val_less_iter::operator()(_Value&, _Iterator) const [with _Value = long unsigned int; _Iterator = __gnu_cxx::__normal_iterator<long unsigned int*, std::vector<long unsigned int> >]	32	static
/Applications/MCUXpressoIDE_11.6.0_8187/ide/plugins/com.nxp.mcuxpresso.tools.macosx_11.6.0.202112161359/tools/arm-none-eabi/include/c++/10.3.1/bits/alloc_traits.h:543:7:static std::allocator_traits<std::allocator<_CharT> >::size_type std::allocator_traits<std::allocator<_CharT> >::max_size(const allocator_type&) [with _Tp = long unsigned int]	16	static
/Applications/MCUXpressoIDE_11.6.0_8187/ide/plugins/com.nxp.mcuxpresso.tools.macosx_11.6.0.202112161359/tools/arm-none-eabi/include/c++/10.3.1/bits/stl_algobase.h:230:5:const _Tp& std::min(const _Tp&, const _Tp&) [with _Tp = unsigned int]	16	static
/Applications/MCUXpressoIDE_11.6.0_8187/ide/plugins/com.nxp.mcuxpresso.tools.macosx_11.6.0.202112161359/tools/arm-none-eabi/include/c++/10.3.1/ext/new_allocator.h:191:7:__gnu_cxx::new_allocator<_Tp>::size_type __gnu_cxx::new_allocator<_Tp>::_M_max_size() const [with _Tp = long unsigned int]	16	static
/Applications/MCUXpressoIDE_11.6.0_8187/ide/plugins/com.nxp.mcuxpresso.tools.macosx_11.6.0.202112161359/tools/arm-none-eabi/include/c++/10.3.1/bits/stl_algobase.h:313:5:_Iterator std::__niter_base(_Iterator) [with _Iterator = long unsigned int*]	16	static
/Applications/MCUXpressoIDE_11.6.0_8187/ide/plugins/com.nxp.mcuxpresso.tools.macosx_11.6.0.202112161359/tools/arm-none-eabi/include/c++/10.3.1/bits/stl_uninitialized.h:988:5:std::__enable_if_t<std::__is_bitwise_relocatable<_Tp>::value, _Tp*> std::__relocate_a_1(_Tp*, _Tp*, _Tp*, std::allocator<_T2>&) [with _Tp = long unsigned int; _Up = long unsigned int]	32	static
/Applications/MCUXpressoIDE_11.6.0_8187/ide/plugins/com.nxp.mcuxpresso.tools.macosx_11.6.0.202112161359/tools/arm-none-eabi/include/c++/10.3.1/bits/move.h:101:5:constexpr typename std::remove_reference<_Tp>::type&& std::move(_Tp&&) [with _Tp = long unsigned int*&]	16	static
/Applications/MCUXpressoIDE_11.6.0_8187/ide/plugins/com.nxp.mcuxpresso.tools.macosx_11.6.0.202112161359/tools/arm-none-eabi/include/c++/10.3.1/bits/stl_uninitialized.h:107:9:static _ForwardIterator std::__uninitialized_copy<true>::__uninit_copy(_InputIterator, _InputIterator, _ForwardIterator) [with _InputIterator = std::move_iterator<long unsigned int*>; _ForwardIterator = long unsigned int*]	24	static
/Applications/MCUXpressoIDE_11.6.0_8187/ide/plugins/com.nxp.mcuxpresso.tools.macosx_11.6.0.202112161359/tools/arm-none-eabi/include/c++/10.3.1/bits/stl_heap.h:223:5:void std::__adjust_heap(_RandomAccessIterator, _Distance, _Distance, _Tp, _Compare) [with _RandomAccessIterator = __gnu_cxx::__normal_iterator<long unsigned int*, std::vector<long unsigned int> >; _Distance = int; _Tp = long unsigned int; _Compare = __gnu_cxx::__ops::_Iter_less_iter]	72	static
/Applications/MCUXpressoIDE_11.6.0_8187/ide/plugins/com.nxp.mcuxpresso.tools.macosx_11.6.0.202112161359/tools/arm-none-eabi/include/c++/10.3.1/bits/move.h:189:5:std::_Require<std::__not_<std::__is_tuple_like<_Tp> >, std::is_move_constructible<_Tp>, std::is_move_assignable<_Tp> > std::swap(_Tp&, _Tp&) [with _Tp = long unsigned int]	24	static
/Applications/MCUXpressoIDE_11.6.0_8187/ide/plugins/com.nxp.mcuxpresso.tools.macosx_11.6.0.202112161359/tools/arm-none-eabi/include/c++/10.3.1/bits/stl_iterator.h:1225:5:_Iterator std::__niter_base(__gnu_cxx::__normal_iterator<_Iterator, _Container>) [with _Iterator = long unsigned int*; _Container = std::vector<long unsigned int>]	16	static
/Applications/MCUXpressoIDE_11.6.0_8187/ide/plugins/com.nxp.mcuxpresso.tools.macosx_11.6.0.202112161359/tools/arm-none-eabi/include/c++/10.3.1/bits/stl_algobase.h:717:5:_BI2 std::__copy_move_backward_a1(_BI1, _BI1, _BI2) [with bool _IsMove = true; _BI1 = long unsigned int*; _BI2 = long unsigned int*]	24	static
/Applications/MCUXpressoIDE_11.6.0_8187/ide/plugins/com.nxp.mcuxpresso.tools.macosx_11.6.0.202112161359/tools/arm-none-eabi/include/c++/10.3.1/bits/stl_algobase.h:323:5:_From std::__niter_wrap(_From, _To) [with _From = __gnu_cxx::__normal_iterator<long unsigned int*, std::vector<long unsigned int> >; _To = long unsigned int*]	16	static
/Applications/MCUXpressoIDE_11.6.0_8187/ide/plugins/com.nxp.mcuxpresso.tools.macosx_11.6.0.202112161359/tools/arm-none-eabi/include/c++/10.3.1/ext/new_allocator.h:148:7:__gnu_cxx::new_allocator<_Tp>::size_type __gnu_cxx::new_allocator<_Tp>::max_size() const [with _Tp = long unsigned int]	16	static
/Applications/MCUXpressoIDE_11.6.0_8187/ide/plugins/com.nxp.mcuxpresso.tools.macosx_11.6.0.202112161359/tools/arm-none-eabi/include/c++/10.3.1/bits/stl_algobase.h:560:5:_OI std::copy(_II, _II, _OI) [with _II = std::move_iterator<long unsigned int*>; _OI = long unsigned int*]	32	static
/Applications/MCUXpressoIDE_11.6.0_8187/ide/plugins/com.nxp.mcuxpresso.tools.macosx_11.6.0.202112161359/tools/arm-none-eabi/include/c++/10.3.1/bits/move.h:101:5:constexpr typename std::remove_reference<_Tp>::type&& std::move(_Tp&&) [with _Tp = __gnu_cxx::__ops::_Iter_less_iter&]	16	static
/Applications/MCUXpressoIDE_11.6.0_8187/ide/plugins/com.nxp.mcuxpresso.tools.macosx_11.6.0.202112161359/tools/arm-none-eabi/include/c++/10.3.1/bits/stl_heap.h:134:5:void std::__push_heap(_RandomAccessIterator, _Distance, _Distance, _Tp, _Compare&) [with _RandomAccessIterator = __gnu_cxx::__normal_iterator<long unsigned int*, std::vector<long unsigned int> >; _Distance = int; _Tp = long unsigned int; _Compare = __gnu_cxx::__ops::_Iter_less_val]	48	static
/Applications/MCUXpressoIDE_11.6.0_8187/ide/plugins/com.nxp.mcuxpresso.tools.macosx_11.6.0.202112161359/tools/arm-none-eabi/include/c++/10.3.1/bits/stl_algobase.h:699:5:_BI2 std::__copy_move_backward_a2(_BI1, _BI1, _BI2) [with bool _IsMove = true; _BI1 = long unsigned int*; _BI2 = long unsigned int*]	24	static
/Applications/MCUXpressoIDE_11.6.0_8187/ide/plugins/com.nxp.mcuxpresso.tools.macosx_11.6.0.202112161359/tools/arm-none-eabi/include/c++/10.3.1/bits/stl_iterator.h:2291:5:base())) std::__miter_base(std::move_iterator<_IteratorL>) [with _Iterator = long unsigned int*]	16	static
/Applications/MCUXpressoIDE_11.6.0_8187/ide/plugins/com.nxp.mcuxpresso.tools.macosx_11.6.0.202112161359/tools/arm-none-eabi/include/c++/10.3.1/bits/stl_algobase.h:511:5:_OI std::__copy_move_a(_II, _II, _OI) [with bool _IsMove = true; _II = long unsigned int*; _OI = long unsigned int*]	32	static
/Applications/MCUXpressoIDE_11.6.0_8187/ide/plugins/com.nxp.mcuxpresso.tools.macosx_11.6.0.202112161359/tools/arm-none-eabi/include/c++/10.3.1/bits/predefined_ops.h:66:7:bool __gnu_cxx::__ops::_Iter_less_val::operator()(_Iterator, _Value&) const [with _Iterator = __gnu_cxx::__normal_iterator<long unsigned int*, std::vector<long unsigned int> >; _Value = long unsigned int]	24	static
/Applications/MCUXpressoIDE_11.6.0_8187/ide/plugins/com.nxp.mcuxpresso.tools.macosx_11.6.0.202112161359/tools/arm-none-eabi/include/c++/10.3.1/bits/stl_algobase.h:680:2:static _Tp* std::__copy_move_backward<_IsMove, true, std::random_access_iterator_tag>::__copy_move_b(const _Tp*, const _Tp*, _Tp*) [with _Tp = long unsigned int; bool _IsMove = true]	32	static
/Applications/MCUXpressoIDE_11.6.0_8187/ide/plugins/com.nxp.mcuxpresso.tools.macosx_11.6.0.202112161359/tools/arm-none-eabi/include/c++/10.3.1/bits/stl_iterator.h:1362:7:std::move_iterator<_Iterator>::iterator_type std::move_iterator<_Iterator>::base() const [with _Iterator = long unsigned int*]	16	static
/Applications/MCUXpressoIDE_11.6.0_8187/ide/plugins/com.nxp.mcuxpresso.tools.macosx_11.6.0.202112161359/tools/arm-none-eabi/include/c++/10.3.1/bits/cpp_type_traits.h:544:5:_Iterator std::__miter_base(_Iterator) [with _Iterator = long unsigned int*]	16	static
/Applications/MCUXpressoIDE_11.6.0_8187/ide/plugins/com.nxp.mcuxpresso.tools.macosx_11.6.0.202112161359/tools/arm-none-eabi/include/c++/10.3.1/bits/stl_algobase.h:505:5:_OI std::__copy_move_a1(_II, _II, _OI) [with bool _IsMove = true; _II = long unsigned int*; _OI = long unsigned int*]	24	static
/Applications/MCUXpressoIDE_11.6.0_8187/ide/plugins/com.nxp.mcuxpresso.tools.macosx_11.6.0.202112161359/tools/arm-none-eabi/include/c++/10.3.1/bits/stl_algobase.h:330:5:_Iterator std::__niter_wrap(const _Iterator&, _Iterator) [with _Iterator = long unsigned int*]	16	static
/Applications/MCUXpressoIDE_11.6.0_8187/ide/plugins/com.nxp.mcuxpresso.tools.macosx_11.6.0.202112161359/tools/arm-none-eabi/include/c++/10.3.1/bits/stl_algobase.h:463:5:_OI std::__copy_move_a2(_II, _II, _OI) [with bool _IsMove = true; _II = long unsigned int*; _OI = long unsigned int*]	24	static
/Applications/MCUXpressoIDE_11.6.0_8187/ide/plugins/com.nxp.mcuxpresso.tools.macosx_11.6.0.202112161359/tools/arm-none-eabi/include/c++/10.3.1/bits/stl_algobase.h:415:2:static _Tp* std::__copy_move<_IsMove, true, std::random_access_iterator_tag>::__copy_m(const _Tp*, const _Tp*, _Tp*) [with _Tp = long unsigned int; bool _IsMove = true]	32	static
../src/Lab2_3.cpp:110:1:void __static_initialization_and_destruction_0(int, int)	16	static
../src/Lab2_3.cpp:110:1:cpp)	8	static
