/Applications/MCUXpressoIDE_11.6.0_8187/ide/plugins/com.nxp.mcuxpresso.tools.macosx_11.6.0.202112161359/tools/arm-none-eabi/include/c++/10.3.1/bits/atomic_base.h:100:3:constexpr std::memory_order std::operator&(std::memory_order, std::__memory_order_modifier)	16	static
/Applications/MCUXpressoIDE_11.6.0_8187/ide/plugins/com.nxp.mcuxpresso.tools.macosx_11.6.0.202112161359/tools/arm-none-eabi/include/c++/10.3.1/arm-none-eabi/thumb/v7-m/nofp/bits/gthr-default.h:229:1:int __gthread_key_delete(__gthread_key_t)	16	static
../src/MorseSender.cpp:14:6:void SysTick_Handler()	8	static
../src/MorseSender.cpp:21:6:void Sleep(int)	16	static
../src/MorseSender.cpp:30:1:MorseSender::MorseSender(DigitalIoPin&, DigitalIoPin&)	24	static
../src/MorseSender.cpp:33:1:MorseSender::~MorseSender()	16	static
../src/MorseSender.cpp:33:1:virtual MorseSender::~MorseSender()	16	static
../src/MorseSender.cpp:37:6:void MorseSender::convertedToMorse(char*)	40	static
../src/MorseSender.cpp:90:6:void MorseSender::convertedToMorse(std::string)	56	static
../src/MorseSender.cpp:94:6:void MorseSender::set_wpm(int)	16	static
../src/MorseSender.cpp:102:14:unsigned int MorseSender::get_wpm()	16	static
../src/MorseSender.cpp:106:14:unsigned int MorseSender::get_dot_duration()	16	static
/Applications/MCUXpressoIDE_11.6.0_8187/ide/plugins/com.nxp.mcuxpresso.tools.macosx_11.6.0.202112161359/tools/arm-none-eabi/include/c++/10.3.1/bits/atomic_base.h:291:7:std::__atomic_base<_IntTp>::operator std::__atomic_base<_IntTp>::__int_type() const volatile [with _ITp = int]	24	static
/Applications/MCUXpressoIDE_11.6.0_8187/ide/plugins/com.nxp.mcuxpresso.tools.macosx_11.6.0.202112161359/tools/arm-none-eabi/include/c++/10.3.1/bits/atomic_base.h:321:7:std::__atomic_base<_IntTp>::__int_type std::__atomic_base<_IntTp>::operator--(int) volatile [with _ITp = int]	32	static
/Applications/MCUXpressoIDE_11.6.0_8187/ide/plugins/com.nxp.mcuxpresso.tools.macosx_11.6.0.202112161359/tools/arm-none-eabi/include/c++/10.3.1/bits/atomic_base.h:302:7:std::__atomic_base<_IntTp>::__int_type std::__atomic_base<_IntTp>::operator=(std::__atomic_base<_IntTp>::__int_type) volatile [with _ITp = int]	32	static
../src/MorseSender.cpp:108:1:void __static_initialization_and_destruction_0(int, int)	16	static
../src/MorseSender.cpp:108:1:cpp)	8	static
